<!doctype html public "-//w3c//dtd html 4.0 transitional//en">
<html><head>
<title>Static Call Graph - [.\Obj\dec001.axf]</title></head>
<body><HR>
<H1>Static Call Graph for image .\Obj\dec001.axf</H1><HR>
<BR><P>#&#060CALLGRAPH&#062# ARM Linker, RVCT4.0 [Build 728]: Last Updated: Sat Feb 14 14:03:18 2015
<BR><P>
<H3>Maximum Stack Usage =        168 bytes + Unknown(Functions without stacksize, Cycles, Untraceable Function Pointers)</H3><H3>
Call chain for Maximum Stack Depth:</H3>
main &rArr; rfid_compare &rArr; cash_handling &rArr; gprs_intil &rArr; lcd_putstring &rArr; lcd_gotoxy &rArr; lcd_command_write
<P>
<H3>
Functions with no stack information
</H3><UL>
 <LI><a href="#[d8d658]">Reset_Handler</a>
 <LI><a href="#[d8d8b0]">Undef_Handler</a>
 <LI><a href="#[d8d874]">SWI_Handler</a>
 <LI><a href="#[d8d838]">PAbt_Handler</a>
 <LI><a href="#[d8d7fc]">DAbt_Handler</a>
 <LI><a href="#[d8d7c0]">IRQ_Handler</a>
 <LI><a href="#[d8d784]">FIQ_Handler</a>
</UL>
</UL>
<P>
<H3>
Mutually Recursive functions
</H3> <LI><a href="#[d8d8b0]">Undef_Handler</a>&nbsp;&nbsp;&nbsp;&rArr;&nbsp;&nbsp;&nbsp;<a href="#[d8d8b0]">Undef_Handler</a><BR>
 <LI><a href="#[d8d874]">SWI_Handler</a>&nbsp;&nbsp;&nbsp;&rArr;&nbsp;&nbsp;&nbsp;<a href="#[d8d874]">SWI_Handler</a><BR>
 <LI><a href="#[d8d838]">PAbt_Handler</a>&nbsp;&nbsp;&nbsp;&rArr;&nbsp;&nbsp;&nbsp;<a href="#[d8d838]">PAbt_Handler</a><BR>
 <LI><a href="#[d8d7fc]">DAbt_Handler</a>&nbsp;&nbsp;&nbsp;&rArr;&nbsp;&nbsp;&nbsp;<a href="#[d8d7fc]">DAbt_Handler</a><BR>
 <LI><a href="#[d8d7c0]">IRQ_Handler</a>&nbsp;&nbsp;&nbsp;&rArr;&nbsp;&nbsp;&nbsp;<a href="#[d8d7c0]">IRQ_Handler</a><BR>
 <LI><a href="#[d8d784]">FIQ_Handler</a>&nbsp;&nbsp;&nbsp;&rArr;&nbsp;&nbsp;&nbsp;<a href="#[d8d784]">FIQ_Handler</a><BR>
</UL>
<P>
<H3>
Function Pointers
</H3><UL>
 <LI><a href="#[d8d658]">Reset_Handler</a>
 <LI><a href="#[d8d8b0]">Undef_Handler</a>
 <LI><a href="#[d8d874]">SWI_Handler</a>
 <LI><a href="#[d8d838]">PAbt_Handler</a>
 <LI><a href="#[d8d7fc]">DAbt_Handler</a>
 <LI><a href="#[d8d7c0]">IRQ_Handler</a>
 <LI><a href="#[d8d784]">FIQ_Handler</a>
 <LI><a href="#[d89c74]">__main</a>
 <LI><a href="#[d8c3d4]">main</a>
</UL>
<P>
<H3>
Global Symbols
</H3>
<P><STRONG><a name="[d8d658]"></a>Reset_Handler</STRONG> (ARM, 0 bytes, Stack size unknown bytes, startup.o(RESET))
<BR>[Address Reference Count : 1]<UL><LI> startup.o(RESET)
</UL>
<P><STRONG><a name="[d89c74]"></a>__main</STRONG> (ARM, 0 bytes, Stack size unknown bytes, entry.o(.ARM.Collect$$$$00000000))

<P><STRONG><a name="[d89878]"></a>_main_stk</STRONG> (ARM, 0 bytes, Stack size unknown bytes, entry2.o(.ARM.Collect$$$$00000001))

<P><STRONG><a name="[d89788]"></a>_main_scatterload</STRONG> (ARM, 0 bytes, Stack size unknown bytes, entry5.o(.ARM.Collect$$$$00000004))
<BR><BR>[Calls]<UL><LI><a href="#[d89530]">&gt;&gt;</a>&nbsp;&nbsp;&nbsp;__scatterload
</UL>

<P><STRONG><a name="[d8974c]"></a>__main_after_scatterload</STRONG> (ARM, 0 bytes, Stack size unknown bytes, entry5.o(.ARM.Collect$$$$00000004))
<BR><BR>[Called By]<UL><LI><a href="#[d89530]">&gt;&gt;</a>&nbsp;&nbsp;&nbsp;__scatterload
</UL>

<P><STRONG><a name="[d8965c]"></a>_main_init</STRONG> (ARM, 0 bytes, Stack size unknown bytes, entry7.o(.ARM.Collect$$$$00000007))

<P><STRONG><a name="[d8c5f0]"></a>init_key</STRONG> (ARM, 32 bytes, Stack size 0 bytes, uarttest.o(.text))
<BR><BR>[Called By]<UL><LI><a href="#[d8c3d4]">&gt;&gt;</a>&nbsp;&nbsp;&nbsp;main
</UL>

<P><STRONG><a name="[d8c5b4]"></a>scan_row</STRONG> (ARM, 376 bytes, Stack size 0 bytes, uarttest.o(.text))
<BR><BR>[Called By]<UL><LI><a href="#[d8c4c4]">&gt;&gt;</a>&nbsp;&nbsp;&nbsp;scan_row1
<LI><a href="#[d8c500]">&gt;&gt;</a>&nbsp;&nbsp;&nbsp;scan_row2
<LI><a href="#[d8c53c]">&gt;&gt;</a>&nbsp;&nbsp;&nbsp;scan_row3
<LI><a href="#[d8c578]">&gt;&gt;</a>&nbsp;&nbsp;&nbsp;scan_row4
</UL>

<P><STRONG><a name="[d8c578]"></a>scan_row4</STRONG> (ARM, 56 bytes, Stack size 8 bytes, uarttest.o(.text))
<BR><BR>[Stack]<UL><LI>Max Depth = 8<LI>Call Chain = scan_row4
</UL>
<BR>[Calls]<UL><LI><a href="#[d8c230]">&gt;&gt;</a>&nbsp;&nbsp;&nbsp;delay
<LI><a href="#[d8c5b4]">&gt;&gt;</a>&nbsp;&nbsp;&nbsp;scan_row
</UL>
<BR>[Called By]<UL><LI><a href="#[d8c488]">&gt;&gt;</a>&nbsp;&nbsp;&nbsp;scan_key
</UL>

<P><STRONG><a name="[d8c53c]"></a>scan_row3</STRONG> (ARM, 56 bytes, Stack size 8 bytes, uarttest.o(.text))
<BR><BR>[Stack]<UL><LI>Max Depth = 8<LI>Call Chain = scan_row3
</UL>
<BR>[Calls]<UL><LI><a href="#[d8c230]">&gt;&gt;</a>&nbsp;&nbsp;&nbsp;delay
<LI><a href="#[d8c5b4]">&gt;&gt;</a>&nbsp;&nbsp;&nbsp;scan_row
</UL>
<BR>[Called By]<UL><LI><a href="#[d8c488]">&gt;&gt;</a>&nbsp;&nbsp;&nbsp;scan_key
</UL>

<P><STRONG><a name="[d8c500]"></a>scan_row2</STRONG> (ARM, 56 bytes, Stack size 8 bytes, uarttest.o(.text))
<BR><BR>[Stack]<UL><LI>Max Depth = 8<LI>Call Chain = scan_row2
</UL>
<BR>[Calls]<UL><LI><a href="#[d8c230]">&gt;&gt;</a>&nbsp;&nbsp;&nbsp;delay
<LI><a href="#[d8c5b4]">&gt;&gt;</a>&nbsp;&nbsp;&nbsp;scan_row
</UL>
<BR>[Called By]<UL><LI><a href="#[d8c488]">&gt;&gt;</a>&nbsp;&nbsp;&nbsp;scan_key
</UL>

<P><STRONG><a name="[d8c4c4]"></a>scan_row1</STRONG> (ARM, 56 bytes, Stack size 8 bytes, uarttest.o(.text))
<BR><BR>[Stack]<UL><LI>Max Depth = 8<LI>Call Chain = scan_row1
</UL>
<BR>[Calls]<UL><LI><a href="#[d8c230]">&gt;&gt;</a>&nbsp;&nbsp;&nbsp;delay
<LI><a href="#[d8c5b4]">&gt;&gt;</a>&nbsp;&nbsp;&nbsp;scan_row
</UL>
<BR>[Called By]<UL><LI><a href="#[d8c488]">&gt;&gt;</a>&nbsp;&nbsp;&nbsp;scan_key
</UL>

<P><STRONG><a name="[d8c488]"></a>scan_key</STRONG> (ARM, 32 bytes, Stack size 8 bytes, uarttest.o(.text))
<BR><BR>[Stack]<UL><LI>Max Depth = 16<LI>Call Chain = scan_key &rArr; scan_row1
</UL>
<BR>[Calls]<UL><LI><a href="#[d8c4c4]">&gt;&gt;</a>&nbsp;&nbsp;&nbsp;scan_row1
<LI><a href="#[d8c500]">&gt;&gt;</a>&nbsp;&nbsp;&nbsp;scan_row2
<LI><a href="#[d8c53c]">&gt;&gt;</a>&nbsp;&nbsp;&nbsp;scan_row3
<LI><a href="#[d8c578]">&gt;&gt;</a>&nbsp;&nbsp;&nbsp;scan_row4
</UL>
<BR>[Called By]<UL><LI><a href="#[d8c398]">&gt;&gt;</a>&nbsp;&nbsp;&nbsp;account_cash
<LI><a href="#[d8c3d4]">&gt;&gt;</a>&nbsp;&nbsp;&nbsp;main
<LI><a href="#[d8c44c]">&gt;&gt;</a>&nbsp;&nbsp;&nbsp;cash_handling
</UL>

<P><STRONG><a name="[d8c44c]"></a>cash_handling</STRONG> (ARM, 760 bytes, Stack size 16 bytes, uarttest.o(.text))
<BR><BR>[Stack]<UL><LI>Max Depth = 136<LI>Call Chain = cash_handling &rArr; gprs_intil &rArr; lcd_putstring &rArr; lcd_gotoxy &rArr; lcd_command_write
</UL>
<BR>[Calls]<UL><LI><a href="#[d899a4]">&gt;&gt;</a>&nbsp;&nbsp;&nbsp;strcmp
<LI><a href="#[d8c014]">&gt;&gt;</a>&nbsp;&nbsp;&nbsp;lcd_putstring
<LI><a href="#[d8c050]">&gt;&gt;</a>&nbsp;&nbsp;&nbsp;lcd_putchar
<LI><a href="#[d8c08c]">&gt;&gt;</a>&nbsp;&nbsp;&nbsp;lcd_command_write
<LI><a href="#[d8c17c]">&gt;&gt;</a>&nbsp;&nbsp;&nbsp;gprs_intil
<LI><a href="#[d8c230]">&gt;&gt;</a>&nbsp;&nbsp;&nbsp;delay
<LI><a href="#[d8c488]">&gt;&gt;</a>&nbsp;&nbsp;&nbsp;scan_key
</UL>
<BR>[Called By]<UL><LI><a href="#[d8c3d4]">&gt;&gt;</a>&nbsp;&nbsp;&nbsp;main
<LI><a href="#[d8c410]">&gt;&gt;</a>&nbsp;&nbsp;&nbsp;rfid_compare
</UL>

<P><STRONG><a name="[d8c410]"></a>rfid_compare</STRONG> (ARM, 132 bytes, Stack size 16 bytes, uarttest.o(.text))
<BR><BR>[Stack]<UL><LI>Max Depth = 152<LI>Call Chain = rfid_compare &rArr; cash_handling &rArr; gprs_intil &rArr; lcd_putstring &rArr; lcd_gotoxy &rArr; lcd_command_write
</UL>
<BR>[Calls]<UL><LI><a href="#[d899a4]">&gt;&gt;</a>&nbsp;&nbsp;&nbsp;strcmp
<LI><a href="#[d8c014]">&gt;&gt;</a>&nbsp;&nbsp;&nbsp;lcd_putstring
<LI><a href="#[d8c08c]">&gt;&gt;</a>&nbsp;&nbsp;&nbsp;lcd_command_write
<LI><a href="#[d8c230]">&gt;&gt;</a>&nbsp;&nbsp;&nbsp;delay
<LI><a href="#[d8c44c]">&gt;&gt;</a>&nbsp;&nbsp;&nbsp;cash_handling
</UL>
<BR>[Called By]<UL><LI><a href="#[d8c3d4]">&gt;&gt;</a>&nbsp;&nbsp;&nbsp;main
</UL>

<P><STRONG><a name="[d8c3d4]"></a>main</STRONG> (ARM, 1092 bytes, Stack size 16 bytes, uarttest.o(.text))
<BR><BR>[Stack]<UL><LI>Max Depth = 168<LI>Call Chain = main &rArr; rfid_compare &rArr; cash_handling &rArr; gprs_intil &rArr; lcd_putstring &rArr; lcd_gotoxy &rArr; lcd_command_write
</UL>
<BR>[Calls]<UL><LI><a href="#[d8bf9c]">&gt;&gt;</a>&nbsp;&nbsp;&nbsp;uart1_init
<LI><a href="#[d8c014]">&gt;&gt;</a>&nbsp;&nbsp;&nbsp;lcd_putstring
<LI><a href="#[d8c08c]">&gt;&gt;</a>&nbsp;&nbsp;&nbsp;lcd_command_write
<LI><a href="#[d8c0c8]">&gt;&gt;</a>&nbsp;&nbsp;&nbsp;intGsm
<LI><a href="#[d8c104]">&gt;&gt;</a>&nbsp;&nbsp;&nbsp;init_lcd
<LI><a href="#[d8c140]">&gt;&gt;</a>&nbsp;&nbsp;&nbsp;init_VIC
<LI><a href="#[d8c17c]">&gt;&gt;</a>&nbsp;&nbsp;&nbsp;gprs_intil
<LI><a href="#[d8c230]">&gt;&gt;</a>&nbsp;&nbsp;&nbsp;delay
<LI><a href="#[d8c26c]">&gt;&gt;</a>&nbsp;&nbsp;&nbsp;UARTSend
<LI><a href="#[d8c2a8]">&gt;&gt;</a>&nbsp;&nbsp;&nbsp;UARTInit
<LI><a href="#[d8c410]">&gt;&gt;</a>&nbsp;&nbsp;&nbsp;rfid_compare
<LI><a href="#[d8c44c]">&gt;&gt;</a>&nbsp;&nbsp;&nbsp;cash_handling
<LI><a href="#[d8c488]">&gt;&gt;</a>&nbsp;&nbsp;&nbsp;scan_key
<LI><a href="#[d8c5f0]">&gt;&gt;</a>&nbsp;&nbsp;&nbsp;init_key
</UL>
<BR>[Address Reference Count : 1]<UL><LI> entry7.o(.ARM.Collect$$$$00000007)
</UL>
<P><STRONG><a name="[d8c398]"></a>account_cash</STRONG> (ARM, 260 bytes, Stack size 40 bytes, uarttest.o(.text), UNUSED)
<BR><BR>[Calls]<UL><LI><a href="#[d8c014]">&gt;&gt;</a>&nbsp;&nbsp;&nbsp;lcd_putstring
<LI><a href="#[d8c050]">&gt;&gt;</a>&nbsp;&nbsp;&nbsp;lcd_putchar
<LI><a href="#[d8c08c]">&gt;&gt;</a>&nbsp;&nbsp;&nbsp;lcd_command_write
<LI><a href="#[d8c17c]">&gt;&gt;</a>&nbsp;&nbsp;&nbsp;gprs_intil
<LI><a href="#[d8c230]">&gt;&gt;</a>&nbsp;&nbsp;&nbsp;delay
<LI><a href="#[d8c488]">&gt;&gt;</a>&nbsp;&nbsp;&nbsp;scan_key
</UL>

<P><STRONG><a name="[d8c35c]"></a>recivecontr_balance</STRONG> (ARM, 124 bytes, Stack size 16 bytes, uarttest.o(.text), UNUSED)
<BR><BR>[Calls]<UL><LI><a href="#[d899a4]">&gt;&gt;</a>&nbsp;&nbsp;&nbsp;strcmp
<LI><a href="#[d8c014]">&gt;&gt;</a>&nbsp;&nbsp;&nbsp;lcd_putstring
<LI><a href="#[d8c08c]">&gt;&gt;</a>&nbsp;&nbsp;&nbsp;lcd_command_write
<LI><a href="#[d8c1b8]">&gt;&gt;</a>&nbsp;&nbsp;&nbsp;getSMS
<LI><a href="#[d8c1f4]">&gt;&gt;</a>&nbsp;&nbsp;&nbsp;deleteSms
<LI><a href="#[d8c230]">&gt;&gt;</a>&nbsp;&nbsp;&nbsp;delay
</UL>

<P><STRONG><a name="[d8b984]"></a>UART0Handler</STRONG> (ARM, 384 bytes, Stack size 24 bytes, uart.o(.text), UNUSED)

<P><STRONG><a name="[d8b948]"></a>UART1Handler</STRONG> (ARM, 384 bytes, Stack size 24 bytes, uart.o(.text), UNUSED)

<P><STRONG><a name="[d8c2a8]"></a>UARTInit</STRONG> (ARM, 296 bytes, Stack size 16 bytes, uart.o(.text))
<BR><BR>[Stack]<UL><LI>Max Depth = 28<LI>Call Chain = UARTInit &rArr; install_irq
</UL>
<BR>[Calls]<UL><LI><a href="#[d8b90c]">&gt;&gt;</a>&nbsp;&nbsp;&nbsp;install_irq
</UL>
<BR>[Called By]<UL><LI><a href="#[d8c3d4]">&gt;&gt;</a>&nbsp;&nbsp;&nbsp;main
</UL>

<P><STRONG><a name="[d8c26c]"></a>UARTSend</STRONG> (ARM, 172 bytes, Stack size 0 bytes, uart.o(.text))
<BR><BR>[Called By]<UL><LI><a href="#[d8c3d4]">&gt;&gt;</a>&nbsp;&nbsp;&nbsp;main
</UL>

<P><STRONG><a name="[d8b3e4]"></a>DefaultVICHandler</STRONG> (ARM, 20 bytes, Stack size 8 bytes, irq.o(.text), UNUSED)

<P><STRONG><a name="[d8c140]"></a>init_VIC</STRONG> (ARM, 92 bytes, Stack size 0 bytes, irq.o(.text))
<BR><BR>[Called By]<UL><LI><a href="#[d8c3d4]">&gt;&gt;</a>&nbsp;&nbsp;&nbsp;main
</UL>

<P><STRONG><a name="[d8b90c]"></a>install_irq</STRONG> (ARM, 132 bytes, Stack size 12 bytes, irq.o(.text))
<BR><BR>[Stack]<UL><LI>Max Depth = 12<LI>Call Chain = install_irq
</UL>
<BR>[Called By]<UL><LI><a href="#[d8c2a8]">&gt;&gt;</a>&nbsp;&nbsp;&nbsp;UARTInit
</UL>

<P><STRONG><a name="[d8b3a8]"></a>uninstall_irq</STRONG> (ARM, 144 bytes, Stack size 8 bytes, irq.o(.text), UNUSED)

<P><STRONG><a name="[d8b024]"></a>delay1</STRONG> (ARM, 52 bytes, Stack size 0 bytes, lcd.o(.text))
<BR><BR>[Called By]<UL><LI><a href="#[d8aebc]">&gt;&gt;</a>&nbsp;&nbsp;&nbsp;lcd_data_write
<LI><a href="#[d8c08c]">&gt;&gt;</a>&nbsp;&nbsp;&nbsp;lcd_command_write
</UL>

<P><STRONG><a name="[d8afe8]"></a>Msdelay</STRONG> (ARM, 56 bytes, Stack size 0 bytes, lcd.o(.text), UNUSED)

<P><STRONG><a name="[d8afac]"></a>del</STRONG> (ARM, 40 bytes, Stack size 0 bytes, lcd.o(.text), UNUSED)

<P><STRONG><a name="[d8c08c]"></a>lcd_command_write</STRONG> (ARM, 216 bytes, Stack size 16 bytes, lcd.o(.text))
<BR><BR>[Stack]<UL><LI>Max Depth = 16<LI>Call Chain = lcd_command_write
</UL>
<BR>[Calls]<UL><LI><a href="#[d8b024]">&gt;&gt;</a>&nbsp;&nbsp;&nbsp;delay1
</UL>
<BR>[Called By]<UL><LI><a href="#[d8ae80]">&gt;&gt;</a>&nbsp;&nbsp;&nbsp;test_cmd
<LI><a href="#[d8aef8]">&gt;&gt;</a>&nbsp;&nbsp;&nbsp;lcd_gotoxy
<LI><a href="#[d8af34]">&gt;&gt;</a>&nbsp;&nbsp;&nbsp;lcd_clear
<LI><a href="#[d8c17c]">&gt;&gt;</a>&nbsp;&nbsp;&nbsp;gprs_intil
<LI><a href="#[d8c35c]">&gt;&gt;</a>&nbsp;&nbsp;&nbsp;recivecontr_balance
<LI><a href="#[d8c398]">&gt;&gt;</a>&nbsp;&nbsp;&nbsp;account_cash
<LI><a href="#[d8c3d4]">&gt;&gt;</a>&nbsp;&nbsp;&nbsp;main
<LI><a href="#[d8c410]">&gt;&gt;</a>&nbsp;&nbsp;&nbsp;rfid_compare
<LI><a href="#[d8c44c]">&gt;&gt;</a>&nbsp;&nbsp;&nbsp;cash_handling
</UL>

<P><STRONG><a name="[d8af70]"></a>set_lcd_port_output</STRONG> (ARM, 56 bytes, Stack size 0 bytes, lcd.o(.text), UNUSED)

<P><STRONG><a name="[d8af34]"></a>lcd_clear</STRONG> (ARM, 16 bytes, Stack size 4 bytes, lcd.o(.text))
<BR><BR>[Stack]<UL><LI>Max Depth = 20<LI>Call Chain = lcd_clear &rArr; lcd_command_write
</UL>
<BR>[Calls]<UL><LI><a href="#[d8c08c]">&gt;&gt;</a>&nbsp;&nbsp;&nbsp;lcd_command_write
</UL>
<BR>[Called By]<UL><LI><a href="#[d8c014]">&gt;&gt;</a>&nbsp;&nbsp;&nbsp;lcd_putstring
</UL>

<P><STRONG><a name="[d8aef8]"></a>lcd_gotoxy</STRONG> (ARM, 92 bytes, Stack size 16 bytes, lcd.o(.text))
<BR><BR>[Stack]<UL><LI>Max Depth = 32<LI>Call Chain = lcd_gotoxy &rArr; lcd_command_write
</UL>
<BR>[Calls]<UL><LI><a href="#[d8c08c]">&gt;&gt;</a>&nbsp;&nbsp;&nbsp;lcd_command_write
</UL>
<BR>[Called By]<UL><LI><a href="#[d8c014]">&gt;&gt;</a>&nbsp;&nbsp;&nbsp;lcd_putstring
</UL>

<P><STRONG><a name="[d8aebc]"></a>lcd_data_write</STRONG> (ARM, 164 bytes, Stack size 16 bytes, lcd.o(.text))
<BR><BR>[Stack]<UL><LI>Max Depth = 16<LI>Call Chain = lcd_data_write
</UL>
<BR>[Calls]<UL><LI><a href="#[d8b024]">&gt;&gt;</a>&nbsp;&nbsp;&nbsp;delay1
</UL>
<BR>[Called By]<UL><LI><a href="#[d8c050]">&gt;&gt;</a>&nbsp;&nbsp;&nbsp;lcd_putchar
</UL>

<P><STRONG><a name="[d8c050]"></a>lcd_putchar</STRONG> (ARM, 20 bytes, Stack size 8 bytes, lcd.o(.text))
<BR><BR>[Stack]<UL><LI>Max Depth = 24<LI>Call Chain = lcd_putchar &rArr; lcd_data_write
</UL>
<BR>[Calls]<UL><LI><a href="#[d8aebc]">&gt;&gt;</a>&nbsp;&nbsp;&nbsp;lcd_data_write
</UL>
<BR>[Called By]<UL><LI><a href="#[d8c014]">&gt;&gt;</a>&nbsp;&nbsp;&nbsp;lcd_putstring
<LI><a href="#[d8c398]">&gt;&gt;</a>&nbsp;&nbsp;&nbsp;account_cash
<LI><a href="#[d8c44c]">&gt;&gt;</a>&nbsp;&nbsp;&nbsp;cash_handling
</UL>

<P><STRONG><a name="[d8c014]"></a>lcd_putstring</STRONG> (ARM, 156 bytes, Stack size 32 bytes, lcd.o(.text))
<BR><BR>[Stack]<UL><LI>Max Depth = 64<LI>Call Chain = lcd_putstring &rArr; lcd_gotoxy &rArr; lcd_command_write
</UL>
<BR>[Calls]<UL><LI><a href="#[d8aef8]">&gt;&gt;</a>&nbsp;&nbsp;&nbsp;lcd_gotoxy
<LI><a href="#[d8af34]">&gt;&gt;</a>&nbsp;&nbsp;&nbsp;lcd_clear
<LI><a href="#[d8c050]">&gt;&gt;</a>&nbsp;&nbsp;&nbsp;lcd_putchar
</UL>
<BR>[Called By]<UL><LI><a href="#[d8c17c]">&gt;&gt;</a>&nbsp;&nbsp;&nbsp;gprs_intil
<LI><a href="#[d8c35c]">&gt;&gt;</a>&nbsp;&nbsp;&nbsp;recivecontr_balance
<LI><a href="#[d8c398]">&gt;&gt;</a>&nbsp;&nbsp;&nbsp;account_cash
<LI><a href="#[d8c3d4]">&gt;&gt;</a>&nbsp;&nbsp;&nbsp;main
<LI><a href="#[d8c410]">&gt;&gt;</a>&nbsp;&nbsp;&nbsp;rfid_compare
<LI><a href="#[d8c44c]">&gt;&gt;</a>&nbsp;&nbsp;&nbsp;cash_handling
</UL>

<P><STRONG><a name="[d8c104]"></a>init_lcd</STRONG> (ARM, 56 bytes, Stack size 0 bytes, lcd.o(.text))
<BR><BR>[Called By]<UL><LI><a href="#[d8c3d4]">&gt;&gt;</a>&nbsp;&nbsp;&nbsp;main
</UL>

<P><STRONG><a name="[d8ae80]"></a>test_cmd</STRONG> (ARM, 40 bytes, Stack size 4 bytes, lcd.o(.text), UNUSED)
<BR><BR>[Calls]<UL><LI><a href="#[d8c08c]">&gt;&gt;</a>&nbsp;&nbsp;&nbsp;lcd_command_write
</UL>

<P><STRONG><a name="[d8c230]"></a>delay</STRONG> (ARM, 56 bytes, Stack size 0 bytes, delay.o(.text))
<BR><BR>[Called By]<UL><LI><a href="#[d8c0c8]">&gt;&gt;</a>&nbsp;&nbsp;&nbsp;intGsm
<LI><a href="#[d8c17c]">&gt;&gt;</a>&nbsp;&nbsp;&nbsp;gprs_intil
<LI><a href="#[d8c35c]">&gt;&gt;</a>&nbsp;&nbsp;&nbsp;recivecontr_balance
<LI><a href="#[d8c398]">&gt;&gt;</a>&nbsp;&nbsp;&nbsp;account_cash
<LI><a href="#[d8c3d4]">&gt;&gt;</a>&nbsp;&nbsp;&nbsp;main
<LI><a href="#[d8c410]">&gt;&gt;</a>&nbsp;&nbsp;&nbsp;rfid_compare
<LI><a href="#[d8c44c]">&gt;&gt;</a>&nbsp;&nbsp;&nbsp;cash_handling
<LI><a href="#[d8c4c4]">&gt;&gt;</a>&nbsp;&nbsp;&nbsp;scan_row1
<LI><a href="#[d8c500]">&gt;&gt;</a>&nbsp;&nbsp;&nbsp;scan_row2
<LI><a href="#[d8c53c]">&gt;&gt;</a>&nbsp;&nbsp;&nbsp;scan_row3
<LI><a href="#[d8c578]">&gt;&gt;</a>&nbsp;&nbsp;&nbsp;scan_row4
</UL>

<P><STRONG><a name="[d8a6c4]"></a>sendchar</STRONG> (ARM, 80 bytes, Stack size 0 bytes, serial.o(.text), UNUSED)

<P><STRONG><a name="[d8a688]"></a>uart0_getkey</STRONG> (ARM, 32 bytes, Stack size 0 bytes, serial.o(.text), UNUSED)

<P><STRONG><a name="[d8a64c]"></a>uart1_getkey</STRONG> (ARM, 32 bytes, Stack size 0 bytes, serial.o(.text))
<BR><BR>[Called By]<UL><LI><a href="#[d89ddc]">&gt;&gt;</a>&nbsp;&nbsp;&nbsp;sendSMS
<LI><a href="#[d89e18]">&gt;&gt;</a>&nbsp;&nbsp;&nbsp;recvResponse
<LI><a href="#[d8c17c]">&gt;&gt;</a>&nbsp;&nbsp;&nbsp;gprs_intil
<LI><a href="#[d8c1b8]">&gt;&gt;</a>&nbsp;&nbsp;&nbsp;getSMS
</UL>

<P><STRONG><a name="[d8bf9c]"></a>uart1_init</STRONG> (ARM, 52 bytes, Stack size 0 bytes, serial.o(.text))
<BR><BR>[Called By]<UL><LI><a href="#[d8c3d4]">&gt;&gt;</a>&nbsp;&nbsp;&nbsp;main
</UL>

<P><STRONG><a name="[d8a610]"></a>uart1_putc</STRONG> (ARM, 32 bytes, Stack size 0 bytes, serial.o(.text))
<BR><BR>[Called By]<UL><LI><a href="#[d89ddc]">&gt;&gt;</a>&nbsp;&nbsp;&nbsp;sendSMS
<LI><a href="#[d8a5d4]">&gt;&gt;</a>&nbsp;&nbsp;&nbsp;uart1_puts
<LI><a href="#[d8c0c8]">&gt;&gt;</a>&nbsp;&nbsp;&nbsp;intGsm
<LI><a href="#[d8c17c]">&gt;&gt;</a>&nbsp;&nbsp;&nbsp;gprs_intil
</UL>

<P><STRONG><a name="[d8a5d4]"></a>uart1_puts</STRONG> (ARM, 36 bytes, Stack size 4 bytes, serial.o(.text))
<BR><BR>[Stack]<UL><LI>Max Depth = 4<LI>Call Chain = uart1_puts
</UL>
<BR>[Calls]<UL><LI><a href="#[d8a610]">&gt;&gt;</a>&nbsp;&nbsp;&nbsp;uart1_putc
</UL>
<BR>[Called By]<UL><LI><a href="#[d89ddc]">&gt;&gt;</a>&nbsp;&nbsp;&nbsp;sendSMS
<LI><a href="#[d8c0c8]">&gt;&gt;</a>&nbsp;&nbsp;&nbsp;intGsm
<LI><a href="#[d8c17c]">&gt;&gt;</a>&nbsp;&nbsp;&nbsp;gprs_intil
<LI><a href="#[d8c1b8]">&gt;&gt;</a>&nbsp;&nbsp;&nbsp;getSMS
<LI><a href="#[d8c1f4]">&gt;&gt;</a>&nbsp;&nbsp;&nbsp;deleteSms
</UL>

<P><STRONG><a name="[d8a598]"></a>uart0_init</STRONG> (ARM, 44 bytes, Stack size 0 bytes, serial.o(.text), UNUSED)

<P><STRONG><a name="[d8a55c]"></a>uart0_putc</STRONG> (ARM, 32 bytes, Stack size 0 bytes, serial.o(.text), UNUSED)
<BR><BR>[Called By]<UL><LI><a href="#[d8a520]">&gt;&gt;</a>&nbsp;&nbsp;&nbsp;uart0_puts
</UL>

<P><STRONG><a name="[d8a520]"></a>uart0_puts</STRONG> (ARM, 36 bytes, Stack size 4 bytes, serial.o(.text), UNUSED)
<BR><BR>[Calls]<UL><LI><a href="#[d8a55c]">&gt;&gt;</a>&nbsp;&nbsp;&nbsp;uart0_putc
</UL>

<P><STRONG><a name="[d89e18]"></a>recvResponse</STRONG> (ARM, 64 bytes, Stack size 16 bytes, gsm.o(.text))
<BR><BR>[Stack]<UL><LI>Max Depth = 16<LI>Call Chain = recvResponse
</UL>
<BR>[Calls]<UL><LI><a href="#[d8a64c]">&gt;&gt;</a>&nbsp;&nbsp;&nbsp;uart1_getkey
</UL>
<BR>[Called By]<UL><LI><a href="#[d89ddc]">&gt;&gt;</a>&nbsp;&nbsp;&nbsp;sendSMS
<LI><a href="#[d8c0c8]">&gt;&gt;</a>&nbsp;&nbsp;&nbsp;intGsm
<LI><a href="#[d8c17c]">&gt;&gt;</a>&nbsp;&nbsp;&nbsp;gprs_intil
<LI><a href="#[d8c1f4]">&gt;&gt;</a>&nbsp;&nbsp;&nbsp;deleteSms
</UL>

<P><STRONG><a name="[d8c0c8]"></a>intGsm</STRONG> (ARM, 136 bytes, Stack size 16 bytes, gsm.o(.text))
<BR><BR>[Stack]<UL><LI>Max Depth = 32<LI>Call Chain = intGsm &rArr; recvResponse
</UL>
<BR>[Calls]<UL><LI><a href="#[d89e18]">&gt;&gt;</a>&nbsp;&nbsp;&nbsp;recvResponse
<LI><a href="#[d8a5d4]">&gt;&gt;</a>&nbsp;&nbsp;&nbsp;uart1_puts
<LI><a href="#[d8a610]">&gt;&gt;</a>&nbsp;&nbsp;&nbsp;uart1_putc
<LI><a href="#[d8c230]">&gt;&gt;</a>&nbsp;&nbsp;&nbsp;delay
</UL>
<BR>[Called By]<UL><LI><a href="#[d8c3d4]">&gt;&gt;</a>&nbsp;&nbsp;&nbsp;main
</UL>

<P><STRONG><a name="[d89ddc]"></a>sendSMS</STRONG> (ARM, 192 bytes, Stack size 32 bytes, gsm.o(.text))
<BR><BR>[Stack]<UL><LI>Max Depth = 48<LI>Call Chain = sendSMS &rArr; recvResponse
</UL>
<BR>[Calls]<UL><LI><a href="#[d89e18]">&gt;&gt;</a>&nbsp;&nbsp;&nbsp;recvResponse
<LI><a href="#[d8a5d4]">&gt;&gt;</a>&nbsp;&nbsp;&nbsp;uart1_puts
<LI><a href="#[d8a610]">&gt;&gt;</a>&nbsp;&nbsp;&nbsp;uart1_putc
<LI><a href="#[d8a64c]">&gt;&gt;</a>&nbsp;&nbsp;&nbsp;uart1_getkey
</UL>
<BR>[Called By]<UL><LI><a href="#[d8c17c]">&gt;&gt;</a>&nbsp;&nbsp;&nbsp;gprs_intil
</UL>

<P><STRONG><a name="[d8c1b8]"></a>getSMS</STRONG> (ARM, 648 bytes, Stack size 16 bytes, gsm.o(.text))
<BR><BR>[Stack]<UL><LI>Max Depth = 20<LI>Call Chain = getSMS &rArr; uart1_puts
</UL>
<BR>[Calls]<UL><LI><a href="#[d8a5d4]">&gt;&gt;</a>&nbsp;&nbsp;&nbsp;uart1_puts
<LI><a href="#[d8a64c]">&gt;&gt;</a>&nbsp;&nbsp;&nbsp;uart1_getkey
</UL>
<BR>[Called By]<UL><LI><a href="#[d89da0]">&gt;&gt;</a>&nbsp;&nbsp;&nbsp;recivecontr
<LI><a href="#[d8c35c]">&gt;&gt;</a>&nbsp;&nbsp;&nbsp;recivecontr_balance
</UL>

<P><STRONG><a name="[d8c1f4]"></a>deleteSms</STRONG> (ARM, 48 bytes, Stack size 24 bytes, gsm.o(.text))
<BR><BR>[Stack]<UL><LI>Max Depth = 40<LI>Call Chain = deleteSms &rArr; recvResponse
</UL>
<BR>[Calls]<UL><LI><a href="#[d89e18]">&gt;&gt;</a>&nbsp;&nbsp;&nbsp;recvResponse
<LI><a href="#[d8a5d4]">&gt;&gt;</a>&nbsp;&nbsp;&nbsp;uart1_puts
</UL>
<BR>[Called By]<UL><LI><a href="#[d89da0]">&gt;&gt;</a>&nbsp;&nbsp;&nbsp;recivecontr
<LI><a href="#[d8c35c]">&gt;&gt;</a>&nbsp;&nbsp;&nbsp;recivecontr_balance
</UL>

<P><STRONG><a name="[d89da0]"></a>recivecontr</STRONG> (ARM, 60 bytes, Stack size 8 bytes, gsm.o(.text))
<BR><BR>[Stack]<UL><LI>Max Depth = 48<LI>Call Chain = recivecontr &rArr; deleteSms &rArr; recvResponse
</UL>
<BR>[Calls]<UL><LI><a href="#[d8c1b8]">&gt;&gt;</a>&nbsp;&nbsp;&nbsp;getSMS
<LI><a href="#[d8c1f4]">&gt;&gt;</a>&nbsp;&nbsp;&nbsp;deleteSms
</UL>
<BR>[Called By]<UL><LI><a href="#[d8c17c]">&gt;&gt;</a>&nbsp;&nbsp;&nbsp;gprs_intil
</UL>

<P><STRONG><a name="[d8c17c]"></a>gprs_intil</STRONG> (ARM, 1092 bytes, Stack size 56 bytes, gsm.o(.text))
<BR><BR>[Stack]<UL><LI>Max Depth = 120<LI>Call Chain = gprs_intil &rArr; lcd_putstring &rArr; lcd_gotoxy &rArr; lcd_command_write
</UL>
<BR>[Calls]<UL><LI><a href="#[d89da0]">&gt;&gt;</a>&nbsp;&nbsp;&nbsp;recivecontr
<LI><a href="#[d89ddc]">&gt;&gt;</a>&nbsp;&nbsp;&nbsp;sendSMS
<LI><a href="#[d89e18]">&gt;&gt;</a>&nbsp;&nbsp;&nbsp;recvResponse
<LI><a href="#[d8a5d4]">&gt;&gt;</a>&nbsp;&nbsp;&nbsp;uart1_puts
<LI><a href="#[d8a610]">&gt;&gt;</a>&nbsp;&nbsp;&nbsp;uart1_putc
<LI><a href="#[d8a64c]">&gt;&gt;</a>&nbsp;&nbsp;&nbsp;uart1_getkey
<LI><a href="#[d8c014]">&gt;&gt;</a>&nbsp;&nbsp;&nbsp;lcd_putstring
<LI><a href="#[d8c08c]">&gt;&gt;</a>&nbsp;&nbsp;&nbsp;lcd_command_write
<LI><a href="#[d8c230]">&gt;&gt;</a>&nbsp;&nbsp;&nbsp;delay
</UL>
<BR>[Called By]<UL><LI><a href="#[d8c398]">&gt;&gt;</a>&nbsp;&nbsp;&nbsp;account_cash
<LI><a href="#[d8c3d4]">&gt;&gt;</a>&nbsp;&nbsp;&nbsp;main
<LI><a href="#[d8c44c]">&gt;&gt;</a>&nbsp;&nbsp;&nbsp;cash_handling
</UL>

<P><STRONG><a name="[d899a4]"></a>strcmp</STRONG> (ARM, 52 bytes, Stack size 0 bytes, strcmp.o(.text))
<BR><BR>[Called By]<UL><LI><a href="#[d8c35c]">&gt;&gt;</a>&nbsp;&nbsp;&nbsp;recivecontr_balance
<LI><a href="#[d8c410]">&gt;&gt;</a>&nbsp;&nbsp;&nbsp;rfid_compare
<LI><a href="#[d8c44c]">&gt;&gt;</a>&nbsp;&nbsp;&nbsp;cash_handling
</UL>

<P><STRONG><a name="[d89530]"></a>__scatterload</STRONG> (ARM, 40 bytes, Stack size 0 bytes, init.o(.text))
<BR><BR>[Calls]<UL><LI><a href="#[d8974c]">&gt;&gt;</a>&nbsp;&nbsp;&nbsp;__main_after_scatterload
</UL>
<BR>[Called By]<UL><LI><a href="#[d89788]">&gt;&gt;</a>&nbsp;&nbsp;&nbsp;_main_scatterload
</UL>

<P><STRONG><a name="[d894f4]"></a>__scatterload_rt2</STRONG> (ARM, 0 bytes, Stack size 0 bytes, init.o(.text), UNUSED)

<P><STRONG><a name="[d89134]"></a>__scatterload_copy</STRONG> (ARM, 24 bytes, Stack size unknown bytes, handlers.o(i.__scatterload_copy), UNUSED)
<BR><BR>[Calls]<UL><LI><a href="#[d89134]">&gt;&gt;</a>&nbsp;&nbsp;&nbsp;__scatterload_copy
</UL>
<BR>[Called By]<UL><LI><a href="#[d89134]">&gt;&gt;</a>&nbsp;&nbsp;&nbsp;__scatterload_copy
</UL>

<P><STRONG><a name="[d890f8]"></a>__scatterload_null</STRONG> (ARM, 4 bytes, Stack size unknown bytes, handlers.o(i.__scatterload_null), UNUSED)

<P><STRONG><a name="[d890bc]"></a>__scatterload_zeroinit</STRONG> (ARM, 24 bytes, Stack size unknown bytes, handlers.o(i.__scatterload_zeroinit), UNUSED)
<P>
<H3>
Local Symbols
</H3>
<P><STRONG><a name="[d8d8b0]"></a>Undef_Handler</STRONG> (ARM, 4 bytes, Stack size unknown bytes, startup.o(RESET))
<BR><BR>[Calls]<UL><LI><a href="#[d8d8b0]">&gt;&gt;</a>&nbsp;&nbsp;&nbsp;Undef_Handler
</UL>
<BR>[Called By]<UL><LI><a href="#[d8d8b0]">&gt;&gt;</a>&nbsp;&nbsp;&nbsp;Undef_Handler
</UL>
<BR>[Address Reference Count : 1]<UL><LI> startup.o(RESET)
</UL>
<P><STRONG><a name="[d8d874]"></a>SWI_Handler</STRONG> (ARM, 4 bytes, Stack size unknown bytes, startup.o(RESET))
<BR><BR>[Calls]<UL><LI><a href="#[d8d874]">&gt;&gt;</a>&nbsp;&nbsp;&nbsp;SWI_Handler
</UL>
<BR>[Called By]<UL><LI><a href="#[d8d874]">&gt;&gt;</a>&nbsp;&nbsp;&nbsp;SWI_Handler
</UL>
<BR>[Address Reference Count : 1]<UL><LI> startup.o(RESET)
</UL>
<P><STRONG><a name="[d8d838]"></a>PAbt_Handler</STRONG> (ARM, 4 bytes, Stack size unknown bytes, startup.o(RESET))
<BR><BR>[Calls]<UL><LI><a href="#[d8d838]">&gt;&gt;</a>&nbsp;&nbsp;&nbsp;PAbt_Handler
</UL>
<BR>[Called By]<UL><LI><a href="#[d8d838]">&gt;&gt;</a>&nbsp;&nbsp;&nbsp;PAbt_Handler
</UL>
<BR>[Address Reference Count : 1]<UL><LI> startup.o(RESET)
</UL>
<P><STRONG><a name="[d8d7fc]"></a>DAbt_Handler</STRONG> (ARM, 4 bytes, Stack size unknown bytes, startup.o(RESET))
<BR><BR>[Calls]<UL><LI><a href="#[d8d7fc]">&gt;&gt;</a>&nbsp;&nbsp;&nbsp;DAbt_Handler
</UL>
<BR>[Called By]<UL><LI><a href="#[d8d7fc]">&gt;&gt;</a>&nbsp;&nbsp;&nbsp;DAbt_Handler
</UL>
<BR>[Address Reference Count : 1]<UL><LI> startup.o(RESET)
</UL>
<P><STRONG><a name="[d8d7c0]"></a>IRQ_Handler</STRONG> (ARM, 4 bytes, Stack size unknown bytes, startup.o(RESET))
<BR><BR>[Calls]<UL><LI><a href="#[d8d7c0]">&gt;&gt;</a>&nbsp;&nbsp;&nbsp;IRQ_Handler
</UL>
<BR>[Called By]<UL><LI><a href="#[d8d7c0]">&gt;&gt;</a>&nbsp;&nbsp;&nbsp;IRQ_Handler
</UL>
<BR>[Address Reference Count : 1]<UL><LI> startup.o(RESET)
</UL>
<P><STRONG><a name="[d8d784]"></a>FIQ_Handler</STRONG> (ARM, 4 bytes, Stack size unknown bytes, startup.o(RESET))
<BR><BR>[Calls]<UL><LI><a href="#[d8d784]">&gt;&gt;</a>&nbsp;&nbsp;&nbsp;FIQ_Handler
</UL>
<BR>[Called By]<UL><LI><a href="#[d8d784]">&gt;&gt;</a>&nbsp;&nbsp;&nbsp;FIQ_Handler
</UL>
<BR>[Address Reference Count : 1]<UL><LI> startup.o(RESET)
</UL><P>
<H3>
Undefined Global Symbols
</H3><HR></body></html>
