<html>
<body>
<pre>
<h1>µVision Build Log</h1>
<h2>Project:</h2>
D:\2015-Projects\2015-PROJECTS\LPC2148-FINGER\SOURCE\UART\UART.uvproj
Project File Date:  04/11/2015

<h2>Output:</h2>
Build target 'LPC2100'
assembling Startup.s...
compiling uarttest.c...
uarttest.c(77): warning:  #1295-D: Deprecated declaration init_key - give arg types
uarttest.c:   void init_key();
uarttest.c:        ^
uarttest.c(78): warning:  #1295-D: Deprecated declaration scan_row1 - give arg types
uarttest.c:   void scan_row1();
uarttest.c:        ^
uarttest.c(79): warning:  #1295-D: Deprecated declaration scan_row2 - give arg types
uarttest.c:   void scan_row2();
uarttest.c:        ^
uarttest.c(80): warning:  #1295-D: Deprecated declaration scan_row3 - give arg types
uarttest.c:   void scan_row3();
uarttest.c:        ^
uarttest.c(81): warning:  #1295-D: Deprecated declaration scan_row4 - give arg types
uarttest.c:   void scan_row4();
uarttest.c:        ^
uarttest.c(88): warning:  #1295-D: Deprecated declaration scan_key - give arg types
uarttest.c:   unsigned char scan_key();
uarttest.c:                 ^
uarttest.c(92): warning:  #68-D: integer conversion resulted in a change of sign
uarttest.c:   unsigned char b[10],i=0,j,c=-1;
uarttest.c:                               ^
uarttest.c(121): warning:  #223-D: function "delay" declared implicitly
uarttest.c:     delay(20);
uarttest.c:     ^
uarttest.c(130): warning:  #223-D: function "delay" declared implicitly
uarttest.c:     delay(20);
uarttest.c:     ^
uarttest.c(139): warning:  #223-D: function "delay" declared implicitly
uarttest.c:     delay(20);
uarttest.c:     ^
uarttest.c(148): warning:  #223-D: function "delay" declared implicitly
uarttest.c:     delay(20);
uarttest.c:     ^
uarttest.c(208): warning:  #223-D: function "lcd_command_write" declared implicitly
uarttest.c:     lcd_command_write(1);
uarttest.c:     ^
uarttest.c(210): warning:  #223-D: function "delay" declared implicitly
uarttest.c:     delay(10000);
uarttest.c:     ^
uarttest.c(201): warning:  #177-D: variable "i" was declared but never referenced
uarttest.c:     int i,hold;
uarttest.c:         ^
uarttest.c(201): warning:  #177-D: variable "hold" was declared but never referenced
uarttest.c:     int i,hold;
uarttest.c:           ^
uarttest.c(239): warning:  #223-D: function "delay" declared implicitly
uarttest.c:                             delay(8000);    
uarttest.c:                             ^
uarttest.c(242): warning:  #223-D: function "lcd_command_write" declared implicitly
uarttest.c:             lcd_command_write(1);
uarttest.c:             ^
uarttest.c(244): warning:  #223-D: function "delay" declared implicitly
uarttest.c:             delay(10000);   
uarttest.c:             ^
uarttest.c(274): warning:  #111-D: statement is unreachable
uarttest.c:                     delay(10000);   
uarttest.c:                     ^
uarttest.c(281): warning:  #111-D: statement is unreachable
uarttest.c:                     delay(10000);   
uarttest.c:                     ^
uarttest.c(288): warning:  #111-D: statement is unreachable
uarttest.c:                     delay(10000);   
uarttest.c:                     ^
uarttest.c(301): warning:  #223-D: function "lcd_command_write" declared implicitly
uarttest.c:             lcd_command_write(1);
uarttest.c:             ^
uarttest.c(303): warning:  #223-D: function "delay" declared implicitly
uarttest.c:             delay(10000);   
uarttest.c:             ^
uarttest.c: uarttest.c: 23 warnings, 0 errors
compiling uart.c...
uart.c(40): warning:  #550-D: variable "Dummy" was set but never used
uart.c:       BYTE Dummy;
uart.c:            ^
uart.c(120): warning:  #550-D: variable "Dummy" was set but never used
uart.c:       BYTE Dummy;
uart.c:            ^
uart.c: uart.c: 2 warnings, 0 errors
compiling irq.c...
compiling lcd.c...
compiling delay.c...
compiling Serial.c...
compiling gsm.c...
gsm.c(87): warning:  #167-D: argument of type "unsigned char *" is incompatible with parameter of type "char *"
gsm.c:          GsmPutSSerial(num);
gsm.c:          ^
gsm.c(101): warning:  #167-D: argument of type "unsigned char *" is incompatible with parameter of type "char *"
gsm.c:          GsmPutSSerial( str );           
gsm.c:          ^
gsm.c(191): warning:  #223-D: function "lcd_command_write" declared implicitly
gsm.c:          lcd_command_write(1);     // Entry mode     
gsm.c:          ^
gsm.c(188): warning:  #177-D: variable "temp1" was declared but never referenced
gsm.c:      unsigned char response[10],temp[20],temp1,sms[20];
gsm.c:                                          ^
gsm.c(188): warning:  #177-D: variable "sms" was declared but never referenced
gsm.c:      unsigned char response[10],temp[20],temp1,sms[20];
gsm.c:                                                ^
gsm.c(291): warning:  #167-D: argument of type "unsigned char *" is incompatible with parameter of type "char *"
gsm.c:       GsmPutSSerial(index);  
gsm.c:       ^
gsm.c: gsm.c: 6 warnings, 0 errors
linking...
Program Size: Code=6172 RO-data=32 RW-data=176 ZI-data=1192  
FromELF: creating hex file...
".\Obj\ghj.axf" - 0 Error(s), 31 Warning(s).
Build target 'LPC2100'
assembling Startup.s...
compiling uarttest.c...
uarttest.c(77): warning:  #1295-D: Deprecated declaration init_key - give arg types
uarttest.c:   void init_key();
uarttest.c:        ^
uarttest.c(78): warning:  #1295-D: Deprecated declaration scan_row1 - give arg types
uarttest.c:   void scan_row1();
uarttest.c:        ^
uarttest.c(79): warning:  #1295-D: Deprecated declaration scan_row2 - give arg types
uarttest.c:   void scan_row2();
uarttest.c:        ^
uarttest.c(80): warning:  #1295-D: Deprecated declaration scan_row3 - give arg types
uarttest.c:   void scan_row3();
uarttest.c:        ^
uarttest.c(81): warning:  #1295-D: Deprecated declaration scan_row4 - give arg types
uarttest.c:   void scan_row4();
uarttest.c:        ^
uarttest.c(88): warning:  #1295-D: Deprecated declaration scan_key - give arg types
uarttest.c:   unsigned char scan_key();
uarttest.c:                 ^
uarttest.c(92): warning:  #68-D: integer conversion resulted in a change of sign
uarttest.c:   unsigned char b[10],i=0,j,c=-1;
uarttest.c:                               ^
uarttest.c(121): warning:  #223-D: function "delay" declared implicitly
uarttest.c:     delay(20);
uarttest.c:     ^
uarttest.c(130): warning:  #223-D: function "delay" declared implicitly
uarttest.c:     delay(20);
uarttest.c:     ^
uarttest.c(139): warning:  #223-D: function "delay" declared implicitly
uarttest.c:     delay(20);
uarttest.c:     ^
uarttest.c(148): warning:  #223-D: function "delay" declared implicitly
uarttest.c:     delay(20);
uarttest.c:     ^
uarttest.c(208): warning:  #223-D: function "lcd_command_write" declared implicitly
uarttest.c:     lcd_command_write(1);
uarttest.c:     ^
uarttest.c(210): warning:  #223-D: function "delay" declared implicitly
uarttest.c:     delay(10000);
uarttest.c:     ^
uarttest.c(201): warning:  #177-D: variable "i" was declared but never referenced
uarttest.c:     int i,hold;
uarttest.c:         ^
uarttest.c(201): warning:  #177-D: variable "hold" was declared but never referenced
uarttest.c:     int i,hold;
uarttest.c:           ^
uarttest.c(239): warning:  #223-D: function "delay" declared implicitly
uarttest.c:                             delay(8000);    
uarttest.c:                             ^
uarttest.c(242): warning:  #223-D: function "lcd_command_write" declared implicitly
uarttest.c:             lcd_command_write(1);
uarttest.c:             ^
uarttest.c(244): warning:  #223-D: function "delay" declared implicitly
uarttest.c:             delay(10000);   
uarttest.c:             ^
uarttest.c(274): warning:  #111-D: statement is unreachable
uarttest.c:                     delay(10000);   
uarttest.c:                     ^
uarttest.c(281): warning:  #111-D: statement is unreachable
uarttest.c:                     delay(10000);   
uarttest.c:                     ^
uarttest.c(288): warning:  #111-D: statement is unreachable
uarttest.c:                     delay(10000);   
uarttest.c:                     ^
uarttest.c(301): warning:  #223-D: function "lcd_command_write" declared implicitly
uarttest.c:             lcd_command_write(1);
uarttest.c:             ^
uarttest.c(303): warning:  #223-D: function "delay" declared implicitly
uarttest.c:             delay(10000);   
uarttest.c:             ^
uarttest.c: uarttest.c: 23 warnings, 0 errors
compiling uart.c...
uart.c(40): warning:  #550-D: variable "Dummy" was set but never used
uart.c:       BYTE Dummy;
uart.c:            ^
uart.c(120): warning:  #550-D: variable "Dummy" was set but never used
uart.c:       BYTE Dummy;
uart.c:            ^
uart.c: uart.c: 2 warnings, 0 errors
compiling irq.c...
compiling lcd.c...
compiling delay.c...
compiling Serial.c...
compiling gsm.c...
gsm.c(87): warning:  #167-D: argument of type "unsigned char *" is incompatible with parameter of type "char *"
gsm.c:          GsmPutSSerial(num);
gsm.c:          ^
gsm.c(101): warning:  #167-D: argument of type "unsigned char *" is incompatible with parameter of type "char *"
gsm.c:          GsmPutSSerial( str );           
gsm.c:          ^
gsm.c(191): warning:  #223-D: function "lcd_command_write" declared implicitly
gsm.c:          lcd_command_write(1);     // Entry mode     
gsm.c:          ^
gsm.c(188): warning:  #177-D: variable "temp1" was declared but never referenced
gsm.c:      unsigned char response[10],temp[20],temp1,sms[20];
gsm.c:                                          ^
gsm.c(188): warning:  #177-D: variable "sms" was declared but never referenced
gsm.c:      unsigned char response[10],temp[20],temp1,sms[20];
gsm.c:                                                ^
gsm.c(291): warning:  #167-D: argument of type "unsigned char *" is incompatible with parameter of type "char *"
gsm.c:       GsmPutSSerial(index);  
gsm.c:       ^
gsm.c: gsm.c: 6 warnings, 0 errors
linking...
Program Size: Code=6172 RO-data=32 RW-data=176 ZI-data=1192  
FromELF: creating hex file...
"..\..\ghj.axf" - 0 Error(s), 31 Warning(s).
Build target 'LPC2100'
assembling Startup.s...
compiling uarttest.c...
uarttest.c(77): warning:  #1295-D: Deprecated declaration init_key - give arg types
uarttest.c:   void init_key();
uarttest.c:        ^
uarttest.c(78): warning:  #1295-D: Deprecated declaration scan_row1 - give arg types
uarttest.c:   void scan_row1();
uarttest.c:        ^
uarttest.c(79): warning:  #1295-D: Deprecated declaration scan_row2 - give arg types
uarttest.c:   void scan_row2();
uarttest.c:        ^
uarttest.c(80): warning:  #1295-D: Deprecated declaration scan_row3 - give arg types
uarttest.c:   void scan_row3();
uarttest.c:        ^
uarttest.c(81): warning:  #1295-D: Deprecated declaration scan_row4 - give arg types
uarttest.c:   void scan_row4();
uarttest.c:        ^
uarttest.c(88): warning:  #1295-D: Deprecated declaration scan_key - give arg types
uarttest.c:   unsigned char scan_key();
uarttest.c:                 ^
uarttest.c(92): warning:  #68-D: integer conversion resulted in a change of sign
uarttest.c:   unsigned char b[10],i=0,j,c=-1;
uarttest.c:                               ^
uarttest.c(121): warning:  #223-D: function "delay" declared implicitly
uarttest.c:     delay(20);
uarttest.c:     ^
uarttest.c(130): warning:  #223-D: function "delay" declared implicitly
uarttest.c:     delay(20);
uarttest.c:     ^
uarttest.c(139): warning:  #223-D: function "delay" declared implicitly
uarttest.c:     delay(20);
uarttest.c:     ^
uarttest.c(148): warning:  #223-D: function "delay" declared implicitly
uarttest.c:     delay(20);
uarttest.c:     ^
uarttest.c(208): warning:  #223-D: function "lcd_command_write" declared implicitly
uarttest.c:     lcd_command_write(1);
uarttest.c:     ^
uarttest.c(210): warning:  #223-D: function "delay" declared implicitly
uarttest.c:     delay(10000);
uarttest.c:     ^
uarttest.c(201): warning:  #177-D: variable "i" was declared but never referenced
uarttest.c:     int i,hold;
uarttest.c:         ^
uarttest.c(201): warning:  #177-D: variable "hold" was declared but never referenced
uarttest.c:     int i,hold;
uarttest.c:           ^
uarttest.c(239): warning:  #223-D: function "delay" declared implicitly
uarttest.c:                             delay(8000);    
uarttest.c:                             ^
uarttest.c(242): warning:  #223-D: function "lcd_command_write" declared implicitly
uarttest.c:             lcd_command_write(1);
uarttest.c:             ^
uarttest.c(244): warning:  #223-D: function "delay" declared implicitly
uarttest.c:             delay(10000);   
uarttest.c:             ^
uarttest.c(274): warning:  #111-D: statement is unreachable
uarttest.c:                     delay(10000);   
uarttest.c:                     ^
uarttest.c(281): warning:  #111-D: statement is unreachable
uarttest.c:                     delay(10000);   
uarttest.c:                     ^
uarttest.c(288): warning:  #111-D: statement is unreachable
uarttest.c:                     delay(10000);   
uarttest.c:                     ^
uarttest.c(301): warning:  #223-D: function "lcd_command_write" declared implicitly
uarttest.c:             lcd_command_write(1);
uarttest.c:             ^
uarttest.c(303): warning:  #223-D: function "delay" declared implicitly
uarttest.c:             delay(10000);   
uarttest.c:             ^
uarttest.c: uarttest.c: 23 warnings, 0 errors
compiling uart.c...
uart.c(40): warning:  #550-D: variable "Dummy" was set but never used
uart.c:       BYTE Dummy;
uart.c:            ^
uart.c(120): warning:  #550-D: variable "Dummy" was set but never used
uart.c:       BYTE Dummy;
uart.c:            ^
uart.c: uart.c: 2 warnings, 0 errors
compiling irq.c...
compiling lcd.c...
compiling delay.c...
compiling Serial.c...
compiling gsm.c...
gsm.c(87): warning:  #167-D: argument of type "unsigned char *" is incompatible with parameter of type "char *"
gsm.c:          GsmPutSSerial(num);
gsm.c:          ^
gsm.c(101): warning:  #167-D: argument of type "unsigned char *" is incompatible with parameter of type "char *"
gsm.c:          GsmPutSSerial( str );           
gsm.c:          ^
gsm.c(191): warning:  #223-D: function "lcd_command_write" declared implicitly
gsm.c:          lcd_command_write(1);     // Entry mode     
gsm.c:          ^
gsm.c(188): warning:  #177-D: variable "temp1" was declared but never referenced
gsm.c:      unsigned char response[10],temp[20],temp1,sms[20];
gsm.c:                                          ^
gsm.c(188): warning:  #177-D: variable "sms" was declared but never referenced
gsm.c:      unsigned char response[10],temp[20],temp1,sms[20];
gsm.c:                                                ^
gsm.c(291): warning:  #167-D: argument of type "unsigned char *" is incompatible with parameter of type "char *"
gsm.c:       GsmPutSSerial(index);  
gsm.c:       ^
gsm.c: gsm.c: 6 warnings, 0 errors
linking...
Program Size: Code=6172 RO-data=32 RW-data=176 ZI-data=1192  
FromELF: creating hex file...
"..\..\FINGER.axf" - 0 Error(s), 31 Warning(s).
Build target 'LPC2100'
assembling Startup.s...
compiling uarttest.c...
uarttest.c(77): warning:  #1295-D: Deprecated declaration init_key - give arg types
uarttest.c:   void init_key();
uarttest.c:        ^
uarttest.c(78): warning:  #1295-D: Deprecated declaration scan_row1 - give arg types
uarttest.c:   void scan_row1();
uarttest.c:        ^
uarttest.c(79): warning:  #1295-D: Deprecated declaration scan_row2 - give arg types
uarttest.c:   void scan_row2();
uarttest.c:        ^
uarttest.c(80): warning:  #1295-D: Deprecated declaration scan_row3 - give arg types
uarttest.c:   void scan_row3();
uarttest.c:        ^
uarttest.c(81): warning:  #1295-D: Deprecated declaration scan_row4 - give arg types
uarttest.c:   void scan_row4();
uarttest.c:        ^
uarttest.c(88): warning:  #1295-D: Deprecated declaration scan_key - give arg types
uarttest.c:   unsigned char scan_key();
uarttest.c:                 ^
uarttest.c(92): warning:  #68-D: integer conversion resulted in a change of sign
uarttest.c:   unsigned char b[10],i=0,j,c=-1;
uarttest.c:                               ^
uarttest.c(121): warning:  #223-D: function "delay" declared implicitly
uarttest.c:     delay(20);
uarttest.c:     ^
uarttest.c(130): warning:  #223-D: function "delay" declared implicitly
uarttest.c:     delay(20);
uarttest.c:     ^
uarttest.c(139): warning:  #223-D: function "delay" declared implicitly
uarttest.c:     delay(20);
uarttest.c:     ^
uarttest.c(148): warning:  #223-D: function "delay" declared implicitly
uarttest.c:     delay(20);
uarttest.c:     ^
uarttest.c(208): warning:  #223-D: function "lcd_command_write" declared implicitly
uarttest.c:     lcd_command_write(1);
uarttest.c:     ^
uarttest.c(210): warning:  #223-D: function "delay" declared implicitly
uarttest.c:     delay(10000);
uarttest.c:     ^
uarttest.c(201): warning:  #177-D: variable "i" was declared but never referenced
uarttest.c:     int i,hold;
uarttest.c:         ^
uarttest.c(201): warning:  #177-D: variable "hold" was declared but never referenced
uarttest.c:     int i,hold;
uarttest.c:           ^
uarttest.c(239): warning:  #223-D: function "delay" declared implicitly
uarttest.c:                             delay(8000);    
uarttest.c:                             ^
uarttest.c(242): warning:  #223-D: function "lcd_command_write" declared implicitly
uarttest.c:             lcd_command_write(1);
uarttest.c:             ^
uarttest.c(244): warning:  #223-D: function "delay" declared implicitly
uarttest.c:             delay(10000);   
uarttest.c:             ^
uarttest.c(274): warning:  #111-D: statement is unreachable
uarttest.c:                     delay(10000);   
uarttest.c:                     ^
uarttest.c(281): warning:  #111-D: statement is unreachable
uarttest.c:                     delay(10000);   
uarttest.c:                     ^
uarttest.c(288): warning:  #111-D: statement is unreachable
uarttest.c:                     delay(10000);   
uarttest.c:                     ^
uarttest.c(301): warning:  #223-D: function "lcd_command_write" declared implicitly
uarttest.c:             lcd_command_write(1);
uarttest.c:             ^
uarttest.c(303): warning:  #223-D: function "delay" declared implicitly
uarttest.c:             delay(10000);   
uarttest.c:             ^
uarttest.c: uarttest.c: 23 warnings, 0 errors
compiling uart.c...
uart.c(40): warning:  #550-D: variable "Dummy" was set but never used
uart.c:       BYTE Dummy;
uart.c:            ^
uart.c(120): warning:  #550-D: variable "Dummy" was set but never used
uart.c:       BYTE Dummy;
uart.c:            ^
uart.c: uart.c: 2 warnings, 0 errors
compiling irq.c...
compiling lcd.c...
compiling delay.c...
compiling Serial.c...
compiling gsm.c...
gsm.c(87): warning:  #167-D: argument of type "unsigned char *" is incompatible with parameter of type "char *"
gsm.c:          GsmPutSSerial(num);
gsm.c:          ^
gsm.c(101): warning:  #167-D: argument of type "unsigned char *" is incompatible with parameter of type "char *"
gsm.c:          GsmPutSSerial( str );           
gsm.c:          ^
gsm.c(191): warning:  #223-D: function "lcd_command_write" declared implicitly
gsm.c:          lcd_command_write(1);     // Entry mode     
gsm.c:          ^
gsm.c(188): warning:  #177-D: variable "temp1" was declared but never referenced
gsm.c:      unsigned char response[10],temp[20],temp1,sms[20];
gsm.c:                                          ^
gsm.c(188): warning:  #177-D: variable "sms" was declared but never referenced
gsm.c:      unsigned char response[10],temp[20],temp1,sms[20];
gsm.c:                                                ^
gsm.c(291): warning:  #167-D: argument of type "unsigned char *" is incompatible with parameter of type "char *"
gsm.c:       GsmPutSSerial(index);  
gsm.c:       ^
gsm.c: gsm.c: 6 warnings, 0 errors
linking...
Program Size: Code=6172 RO-data=32 RW-data=176 ZI-data=1192  
FromELF: creating hex file...
"..\..\FINGER.axf" - 0 Error(s), 31 Warning(s).
Build target 'LPC2100'
assembling Startup.s...
compiling uarttest.c...
uarttest.c(77): warning:  #1295-D: Deprecated declaration init_key - give arg types
uarttest.c:   void init_key();
uarttest.c:        ^
uarttest.c(78): warning:  #1295-D: Deprecated declaration scan_row1 - give arg types
uarttest.c:   void scan_row1();
uarttest.c:        ^
uarttest.c(79): warning:  #1295-D: Deprecated declaration scan_row2 - give arg types
uarttest.c:   void scan_row2();
uarttest.c:        ^
uarttest.c(80): warning:  #1295-D: Deprecated declaration scan_row3 - give arg types
uarttest.c:   void scan_row3();
uarttest.c:        ^
uarttest.c(81): warning:  #1295-D: Deprecated declaration scan_row4 - give arg types
uarttest.c:   void scan_row4();
uarttest.c:        ^
uarttest.c(88): warning:  #1295-D: Deprecated declaration scan_key - give arg types
uarttest.c:   unsigned char scan_key();
uarttest.c:                 ^
uarttest.c(92): warning:  #68-D: integer conversion resulted in a change of sign
uarttest.c:   unsigned char b[10],i=0,j,c=-1;
uarttest.c:                               ^
uarttest.c(121): warning:  #223-D: function "delay" declared implicitly
uarttest.c:     delay(20);
uarttest.c:     ^
uarttest.c(130): warning:  #223-D: function "delay" declared implicitly
uarttest.c:     delay(20);
uarttest.c:     ^
uarttest.c(139): warning:  #223-D: function "delay" declared implicitly
uarttest.c:     delay(20);
uarttest.c:     ^
uarttest.c(148): warning:  #223-D: function "delay" declared implicitly
uarttest.c:     delay(20);
uarttest.c:     ^
uarttest.c(208): warning:  #223-D: function "lcd_command_write" declared implicitly
uarttest.c:     lcd_command_write(1);
uarttest.c:     ^
uarttest.c(210): warning:  #223-D: function "delay" declared implicitly
uarttest.c:     delay(10000);
uarttest.c:     ^
uarttest.c(201): warning:  #177-D: variable "i" was declared but never referenced
uarttest.c:     int i,hold;
uarttest.c:         ^
uarttest.c(201): warning:  #177-D: variable "hold" was declared but never referenced
uarttest.c:     int i,hold;
uarttest.c:           ^
uarttest.c(228): warning:  #223-D: function "delay" declared implicitly
uarttest.c:       delay(8000);
uarttest.c:       ^
uarttest.c(252): warning:  #223-D: function "lcd_command_write" declared implicitly
uarttest.c:             lcd_command_write(1);
uarttest.c:             ^
uarttest.c(284): warning:  #111-D: statement is unreachable
uarttest.c:                     delay(10000);   
uarttest.c:                     ^
uarttest.c(291): warning:  #111-D: statement is unreachable
uarttest.c:                     delay(10000);   
uarttest.c:                     ^
uarttest.c(298): warning:  #111-D: statement is unreachable
uarttest.c:                     delay(10000);   
uarttest.c:                     ^
uarttest.c(311): warning:  #223-D: function "lcd_command_write" declared implicitly
uarttest.c:             lcd_command_write(1);
uarttest.c:             ^
uarttest.c(313): warning:  #223-D: function "delay" declared implicitly
uarttest.c:             delay(10000);   
uarttest.c:             ^
uarttest.c: uarttest.c: 22 warnings, 0 errors
compiling uart.c...
uart.c(40): warning:  #550-D: variable "Dummy" was set but never used
uart.c:       BYTE Dummy;
uart.c:            ^
uart.c(120): warning:  #550-D: variable "Dummy" was set but never used
uart.c:       BYTE Dummy;
uart.c:            ^
uart.c: uart.c: 2 warnings, 0 errors
compiling irq.c...
compiling lcd.c...
compiling delay.c...
compiling Serial.c...
compiling gsm.c...
gsm.c(87): warning:  #167-D: argument of type "unsigned char *" is incompatible with parameter of type "char *"
gsm.c:          GsmPutSSerial(num);
gsm.c:          ^
gsm.c(101): warning:  #167-D: argument of type "unsigned char *" is incompatible with parameter of type "char *"
gsm.c:          GsmPutSSerial( str );           
gsm.c:          ^
gsm.c(191): warning:  #223-D: function "lcd_command_write" declared implicitly
gsm.c:          lcd_command_write(1);     // Entry mode     
gsm.c:          ^
gsm.c(188): warning:  #177-D: variable "temp1" was declared but never referenced
gsm.c:      unsigned char response[10],temp[20],temp1,sms[20];
gsm.c:                                          ^
gsm.c(188): warning:  #177-D: variable "sms" was declared but never referenced
gsm.c:      unsigned char response[10],temp[20],temp1,sms[20];
gsm.c:                                                ^
gsm.c(291): warning:  #167-D: argument of type "unsigned char *" is incompatible with parameter of type "char *"
gsm.c:       GsmPutSSerial(index);  
gsm.c:       ^
gsm.c: gsm.c: 6 warnings, 0 errors
linking...
Program Size: Code=6336 RO-data=32 RW-data=176 ZI-data=1192  
FromELF: creating hex file...
"..\..\FINGER.axf" - 0 Error(s), 30 Warning(s).
Build target 'LPC2100'
assembling Startup.s...
compiling uarttest.c...
uarttest.c(77): warning:  #1295-D: Deprecated declaration init_key - give arg types
uarttest.c:   void init_key();
uarttest.c:        ^
uarttest.c(78): warning:  #1295-D: Deprecated declaration scan_row1 - give arg types
uarttest.c:   void scan_row1();
uarttest.c:        ^
uarttest.c(79): warning:  #1295-D: Deprecated declaration scan_row2 - give arg types
uarttest.c:   void scan_row2();
uarttest.c:        ^
uarttest.c(80): warning:  #1295-D: Deprecated declaration scan_row3 - give arg types
uarttest.c:   void scan_row3();
uarttest.c:        ^
uarttest.c(81): warning:  #1295-D: Deprecated declaration scan_row4 - give arg types
uarttest.c:   void scan_row4();
uarttest.c:        ^
uarttest.c(88): warning:  #1295-D: Deprecated declaration scan_key - give arg types
uarttest.c:   unsigned char scan_key();
uarttest.c:                 ^
uarttest.c(92): warning:  #68-D: integer conversion resulted in a change of sign
uarttest.c:   unsigned char b[10],i=0,j,c=-1;
uarttest.c:                               ^
uarttest.c(121): warning:  #223-D: function "delay" declared implicitly
uarttest.c:     delay(20);
uarttest.c:     ^
uarttest.c(130): warning:  #223-D: function "delay" declared implicitly
uarttest.c:     delay(20);
uarttest.c:     ^
uarttest.c(139): warning:  #223-D: function "delay" declared implicitly
uarttest.c:     delay(20);
uarttest.c:     ^
uarttest.c(148): warning:  #223-D: function "delay" declared implicitly
uarttest.c:     delay(20);
uarttest.c:     ^
uarttest.c(208): warning:  #223-D: function "lcd_command_write" declared implicitly
uarttest.c:     lcd_command_write(1);
uarttest.c:     ^
uarttest.c(210): warning:  #223-D: function "delay" declared implicitly
uarttest.c:     delay(10000);
uarttest.c:     ^
uarttest.c(201): warning:  #177-D: variable "i" was declared but never referenced
uarttest.c:     int i,hold;
uarttest.c:         ^
uarttest.c(201): warning:  #177-D: variable "hold" was declared but never referenced
uarttest.c:     int i,hold;
uarttest.c:           ^
uarttest.c(228): warning:  #223-D: function "delay" declared implicitly
uarttest.c:       delay(8000);
uarttest.c:       ^
uarttest.c(256): warning:  #223-D: function "lcd_command_write" declared implicitly
uarttest.c:             lcd_command_write(1);
uarttest.c:             ^
uarttest.c(288): warning:  #111-D: statement is unreachable
uarttest.c:                     delay(10000);   
uarttest.c:                     ^
uarttest.c(295): warning:  #111-D: statement is unreachable
uarttest.c:                     delay(10000);   
uarttest.c:                     ^
uarttest.c(302): warning:  #111-D: statement is unreachable
uarttest.c:                     delay(10000);   
uarttest.c:                     ^
uarttest.c(315): warning:  #223-D: function "lcd_command_write" declared implicitly
uarttest.c:             lcd_command_write(1);
uarttest.c:             ^
uarttest.c(317): warning:  #223-D: function "delay" declared implicitly
uarttest.c:             delay(10000);   
uarttest.c:             ^
uarttest.c: uarttest.c: 22 warnings, 0 errors
compiling uart.c...
uart.c(40): warning:  #550-D: variable "Dummy" was set but never used
uart.c:       BYTE Dummy;
uart.c:            ^
uart.c(120): warning:  #550-D: variable "Dummy" was set but never used
uart.c:       BYTE Dummy;
uart.c:            ^
uart.c: uart.c: 2 warnings, 0 errors
compiling irq.c...
compiling lcd.c...
compiling delay.c...
compiling Serial.c...
compiling gsm.c...
gsm.c(87): warning:  #167-D: argument of type "unsigned char *" is incompatible with parameter of type "char *"
gsm.c:          GsmPutSSerial(num);
gsm.c:          ^
gsm.c(101): warning:  #167-D: argument of type "unsigned char *" is incompatible with parameter of type "char *"
gsm.c:          GsmPutSSerial( str );           
gsm.c:          ^
gsm.c(191): warning:  #223-D: function "lcd_command_write" declared implicitly
gsm.c:          lcd_command_write(1);     // Entry mode     
gsm.c:          ^
gsm.c(188): warning:  #177-D: variable "temp1" was declared but never referenced
gsm.c:      unsigned char response[10],temp[20],temp1,sms[20];
gsm.c:                                          ^
gsm.c(188): warning:  #177-D: variable "sms" was declared but never referenced
gsm.c:      unsigned char response[10],temp[20],temp1,sms[20];
gsm.c:                                                ^
gsm.c(291): warning:  #167-D: argument of type "unsigned char *" is incompatible with parameter of type "char *"
gsm.c:       GsmPutSSerial(index);  
gsm.c:       ^
gsm.c: gsm.c: 6 warnings, 0 errors
linking...
Program Size: Code=6376 RO-data=32 RW-data=176 ZI-data=1192  
FromELF: creating hex file...
"..\..\FINGER.axf" - 0 Error(s), 30 Warning(s).
Build target 'LPC2100'
assembling Startup.s...
compiling uarttest.c...
uarttest.c(77): warning:  #1295-D: Deprecated declaration init_key - give arg types
uarttest.c:   void init_key();
uarttest.c:        ^
uarttest.c(78): warning:  #1295-D: Deprecated declaration scan_row1 - give arg types
uarttest.c:   void scan_row1();
uarttest.c:        ^
uarttest.c(79): warning:  #1295-D: Deprecated declaration scan_row2 - give arg types
uarttest.c:   void scan_row2();
uarttest.c:        ^
uarttest.c(80): warning:  #1295-D: Deprecated declaration scan_row3 - give arg types
uarttest.c:   void scan_row3();
uarttest.c:        ^
uarttest.c(81): warning:  #1295-D: Deprecated declaration scan_row4 - give arg types
uarttest.c:   void scan_row4();
uarttest.c:        ^
uarttest.c(88): warning:  #1295-D: Deprecated declaration scan_key - give arg types
uarttest.c:   unsigned char scan_key();
uarttest.c:                 ^
uarttest.c(92): warning:  #68-D: integer conversion resulted in a change of sign
uarttest.c:   unsigned char b[10],i=0,j,c=-1;
uarttest.c:                               ^
uarttest.c(121): warning:  #223-D: function "delay" declared implicitly
uarttest.c:     delay(20);
uarttest.c:     ^
uarttest.c(130): warning:  #223-D: function "delay" declared implicitly
uarttest.c:     delay(20);
uarttest.c:     ^
uarttest.c(139): warning:  #223-D: function "delay" declared implicitly
uarttest.c:     delay(20);
uarttest.c:     ^
uarttest.c(148): warning:  #223-D: function "delay" declared implicitly
uarttest.c:     delay(20);
uarttest.c:     ^
uarttest.c(208): warning:  #223-D: function "lcd_command_write" declared implicitly
uarttest.c:     lcd_command_write(1);
uarttest.c:     ^
uarttest.c(210): warning:  #223-D: function "delay" declared implicitly
uarttest.c:     delay(10000);
uarttest.c:     ^
uarttest.c(201): warning:  #177-D: variable "i" was declared but never referenced
uarttest.c:     int i,hold;
uarttest.c:         ^
uarttest.c(201): warning:  #177-D: variable "hold" was declared but never referenced
uarttest.c:     int i,hold;
uarttest.c:           ^
uarttest.c(234): warning:  #223-D: function "delay" declared implicitly
uarttest.c:       delay(8000);
uarttest.c:       ^
uarttest.c(239): warning:  #223-D: function "delay" declared implicitly
uarttest.c:       delay(8000);
uarttest.c:       ^
uarttest.c(258): warning:  #223-D: function "lcd_command_write" declared implicitly
uarttest.c:             lcd_command_write(1);
uarttest.c:             ^
uarttest.c(290): warning:  #111-D: statement is unreachable
uarttest.c:                     delay(10000);   
uarttest.c:                     ^
uarttest.c(297): warning:  #111-D: statement is unreachable
uarttest.c:                     delay(10000);   
uarttest.c:                     ^
uarttest.c(304): warning:  #111-D: statement is unreachable
uarttest.c:                     delay(10000);   
uarttest.c:                     ^
uarttest.c(317): warning:  #223-D: function "lcd_command_write" declared implicitly
uarttest.c:             lcd_command_write(1);
uarttest.c:             ^
uarttest.c(319): warning:  #223-D: function "delay" declared implicitly
uarttest.c:             delay(10000);   
uarttest.c:             ^
uarttest.c: uarttest.c: 23 warnings, 0 errors
compiling uart.c...
uart.c(40): warning:  #550-D: variable "Dummy" was set but never used
uart.c:       BYTE Dummy;
uart.c:            ^
uart.c(120): warning:  #550-D: variable "Dummy" was set but never used
uart.c:       BYTE Dummy;
uart.c:            ^
uart.c: uart.c: 2 warnings, 0 errors
compiling irq.c...
compiling lcd.c...
compiling delay.c...
compiling Serial.c...
compiling gsm.c...
gsm.c(87): warning:  #167-D: argument of type "unsigned char *" is incompatible with parameter of type "char *"
gsm.c:          GsmPutSSerial(num);
gsm.c:          ^
gsm.c(101): warning:  #167-D: argument of type "unsigned char *" is incompatible with parameter of type "char *"
gsm.c:          GsmPutSSerial( str );           
gsm.c:          ^
gsm.c(191): warning:  #223-D: function "lcd_command_write" declared implicitly
gsm.c:          lcd_command_write(1);     // Entry mode     
gsm.c:          ^
gsm.c(188): warning:  #177-D: variable "temp1" was declared but never referenced
gsm.c:      unsigned char response[10],temp[20],temp1,sms[20];
gsm.c:                                          ^
gsm.c(188): warning:  #177-D: variable "sms" was declared but never referenced
gsm.c:      unsigned char response[10],temp[20],temp1,sms[20];
gsm.c:                                                ^
gsm.c(291): warning:  #167-D: argument of type "unsigned char *" is incompatible with parameter of type "char *"
gsm.c:       GsmPutSSerial(index);  
gsm.c:       ^
gsm.c: gsm.c: 6 warnings, 0 errors
linking...
Program Size: Code=6360 RO-data=32 RW-data=176 ZI-data=1192  
FromELF: creating hex file...
"..\..\FINGER.axf" - 0 Error(s), 31 Warning(s).
Build target 'LPC2100'
assembling Startup.s...
compiling uarttest.c...
uarttest.c(77): warning:  #1295-D: Deprecated declaration init_key - give arg types
uarttest.c:   void init_key();
uarttest.c:        ^
uarttest.c(78): warning:  #1295-D: Deprecated declaration scan_row1 - give arg types
uarttest.c:   void scan_row1();
uarttest.c:        ^
uarttest.c(79): warning:  #1295-D: Deprecated declaration scan_row2 - give arg types
uarttest.c:   void scan_row2();
uarttest.c:        ^
uarttest.c(80): warning:  #1295-D: Deprecated declaration scan_row3 - give arg types
uarttest.c:   void scan_row3();
uarttest.c:        ^
uarttest.c(81): warning:  #1295-D: Deprecated declaration scan_row4 - give arg types
uarttest.c:   void scan_row4();
uarttest.c:        ^
uarttest.c(88): warning:  #1295-D: Deprecated declaration scan_key - give arg types
uarttest.c:   unsigned char scan_key();
uarttest.c:                 ^
uarttest.c(92): warning:  #68-D: integer conversion resulted in a change of sign
uarttest.c:   unsigned char b[10],i=0,j,c=-1;
uarttest.c:                               ^
uarttest.c(121): warning:  #223-D: function "delay" declared implicitly
uarttest.c:     delay(20);
uarttest.c:     ^
uarttest.c(130): warning:  #223-D: function "delay" declared implicitly
uarttest.c:     delay(20);
uarttest.c:     ^
uarttest.c(139): warning:  #223-D: function "delay" declared implicitly
uarttest.c:     delay(20);
uarttest.c:     ^
uarttest.c(148): warning:  #223-D: function "delay" declared implicitly
uarttest.c:     delay(20);
uarttest.c:     ^
uarttest.c(208): warning:  #223-D: function "lcd_command_write" declared implicitly
uarttest.c:     lcd_command_write(1);
uarttest.c:     ^
uarttest.c(210): warning:  #223-D: function "delay" declared implicitly
uarttest.c:     delay(10000);
uarttest.c:     ^
uarttest.c(201): warning:  #177-D: variable "i" was declared but never referenced
uarttest.c:     int i,hold;
uarttest.c:         ^
uarttest.c(201): warning:  #177-D: variable "hold" was declared but never referenced
uarttest.c:     int i,hold;
uarttest.c:           ^
uarttest.c(234): warning:  #223-D: function "delay" declared implicitly
uarttest.c:       delay(8000);
uarttest.c:       ^
uarttest.c(239): warning:  #223-D: function "delay" declared implicitly
uarttest.c:       delay(8000);
uarttest.c:       ^
uarttest.c(258): warning:  #223-D: function "lcd_command_write" declared implicitly
uarttest.c:             lcd_command_write(1);
uarttest.c:             ^
uarttest.c(302): warning:  #111-D: statement is unreachable
uarttest.c:                     delay(10000);   
uarttest.c:                     ^
uarttest.c(309): warning:  #111-D: statement is unreachable
uarttest.c:                     delay(10000);   
uarttest.c:                     ^
uarttest.c(316): warning:  #111-D: statement is unreachable
uarttest.c:                     delay(10000);   
uarttest.c:                     ^
uarttest.c(329): warning:  #223-D: function "lcd_command_write" declared implicitly
uarttest.c:             lcd_command_write(1);
uarttest.c:             ^
uarttest.c(331): warning:  #223-D: function "delay" declared implicitly
uarttest.c:             delay(10000);   
uarttest.c:             ^
uarttest.c: uarttest.c: 23 warnings, 0 errors
compiling uart.c...
uart.c(40): warning:  #550-D: variable "Dummy" was set but never used
uart.c:       BYTE Dummy;
uart.c:            ^
uart.c(120): warning:  #550-D: variable "Dummy" was set but never used
uart.c:       BYTE Dummy;
uart.c:            ^
uart.c: uart.c: 2 warnings, 0 errors
compiling irq.c...
compiling lcd.c...
compiling delay.c...
compiling Serial.c...
compiling gsm.c...
gsm.c(87): warning:  #167-D: argument of type "unsigned char *" is incompatible with parameter of type "char *"
gsm.c:          GsmPutSSerial(num);
gsm.c:          ^
gsm.c(101): warning:  #167-D: argument of type "unsigned char *" is incompatible with parameter of type "char *"
gsm.c:          GsmPutSSerial( str );           
gsm.c:          ^
gsm.c(191): warning:  #223-D: function "lcd_command_write" declared implicitly
gsm.c:          lcd_command_write(1);     // Entry mode     
gsm.c:          ^
gsm.c(188): warning:  #177-D: variable "temp1" was declared but never referenced
gsm.c:      unsigned char response[10],temp[20],temp1,sms[20];
gsm.c:                                          ^
gsm.c(188): warning:  #177-D: variable "sms" was declared but never referenced
gsm.c:      unsigned char response[10],temp[20],temp1,sms[20];
gsm.c:                                                ^
gsm.c(291): warning:  #167-D: argument of type "unsigned char *" is incompatible with parameter of type "char *"
gsm.c:       GsmPutSSerial(index);  
gsm.c:       ^
gsm.c: gsm.c: 6 warnings, 0 errors
linking...
Program Size: Code=6464 RO-data=32 RW-data=176 ZI-data=1192  
FromELF: creating hex file...
"..\..\FINGER.axf" - 0 Error(s), 31 Warning(s).
Build target 'LPC2100'
assembling Startup.s...
compiling uarttest.c...
uarttest.c(77): warning:  #1295-D: Deprecated declaration init_key - give arg types
uarttest.c:   void init_key();
uarttest.c:        ^
uarttest.c(78): warning:  #1295-D: Deprecated declaration scan_row1 - give arg types
uarttest.c:   void scan_row1();
uarttest.c:        ^
uarttest.c(79): warning:  #1295-D: Deprecated declaration scan_row2 - give arg types
uarttest.c:   void scan_row2();
uarttest.c:        ^
uarttest.c(80): warning:  #1295-D: Deprecated declaration scan_row3 - give arg types
uarttest.c:   void scan_row3();
uarttest.c:        ^
uarttest.c(81): warning:  #1295-D: Deprecated declaration scan_row4 - give arg types
uarttest.c:   void scan_row4();
uarttest.c:        ^
uarttest.c(88): warning:  #1295-D: Deprecated declaration scan_key - give arg types
uarttest.c:   unsigned char scan_key();
uarttest.c:                 ^
uarttest.c(92): warning:  #68-D: integer conversion resulted in a change of sign
uarttest.c:   unsigned char b[10],i=0,j,c=-1;
uarttest.c:                               ^
uarttest.c(121): warning:  #223-D: function "delay" declared implicitly
uarttest.c:     delay(20);
uarttest.c:     ^
uarttest.c(130): warning:  #223-D: function "delay" declared implicitly
uarttest.c:     delay(20);
uarttest.c:     ^
uarttest.c(139): warning:  #223-D: function "delay" declared implicitly
uarttest.c:     delay(20);
uarttest.c:     ^
uarttest.c(148): warning:  #223-D: function "delay" declared implicitly
uarttest.c:     delay(20);
uarttest.c:     ^
uarttest.c(208): warning:  #223-D: function "lcd_command_write" declared implicitly
uarttest.c:     lcd_command_write(1);
uarttest.c:     ^
uarttest.c(210): warning:  #223-D: function "delay" declared implicitly
uarttest.c:     delay(10000);
uarttest.c:     ^
uarttest.c(201): warning:  #177-D: variable "i" was declared but never referenced
uarttest.c:     int i,hold;
uarttest.c:         ^
uarttest.c(201): warning:  #177-D: variable "hold" was declared but never referenced
uarttest.c:     int i,hold;
uarttest.c:           ^
uarttest.c(235): warning:  #223-D: function "delay" declared implicitly
uarttest.c:       delay(8000);
uarttest.c:       ^
uarttest.c(240): warning:  #223-D: function "delay" declared implicitly
uarttest.c:       delay(8000);
uarttest.c:       ^
uarttest.c(259): warning:  #223-D: function "lcd_command_write" declared implicitly
uarttest.c:             lcd_command_write(1);
uarttest.c:             ^
uarttest.c(298): warning:  #111-D: statement is unreachable
uarttest.c:                     delay(10000);   
uarttest.c:                     ^
uarttest.c(305): warning:  #111-D: statement is unreachable
uarttest.c:                     delay(10000);   
uarttest.c:                     ^
uarttest.c(312): warning:  #111-D: statement is unreachable
uarttest.c:                     delay(10000);   
uarttest.c:                     ^
uarttest.c(325): warning:  #223-D: function "lcd_command_write" declared implicitly
uarttest.c:             lcd_command_write(1);
uarttest.c:             ^
uarttest.c(327): warning:  #223-D: function "delay" declared implicitly
uarttest.c:             delay(10000);   
uarttest.c:             ^
uarttest.c: uarttest.c: 23 warnings, 0 errors
compiling uart.c...
uart.c(40): warning:  #550-D: variable "Dummy" was set but never used
uart.c:       BYTE Dummy;
uart.c:            ^
uart.c(120): warning:  #550-D: variable "Dummy" was set but never used
uart.c:       BYTE Dummy;
uart.c:            ^
uart.c: uart.c: 2 warnings, 0 errors
compiling irq.c...
compiling lcd.c...
compiling delay.c...
compiling Serial.c...
compiling gsm.c...
gsm.c(87): warning:  #167-D: argument of type "unsigned char *" is incompatible with parameter of type "char *"
gsm.c:          GsmPutSSerial(num);
gsm.c:          ^
gsm.c(101): warning:  #167-D: argument of type "unsigned char *" is incompatible with parameter of type "char *"
gsm.c:          GsmPutSSerial( str );           
gsm.c:          ^
gsm.c(191): warning:  #223-D: function "lcd_command_write" declared implicitly
gsm.c:          lcd_command_write(1);     // Entry mode     
gsm.c:          ^
gsm.c(188): warning:  #177-D: variable "temp1" was declared but never referenced
gsm.c:      unsigned char response[10],temp[20],temp1,sms[20];
gsm.c:                                          ^
gsm.c(188): warning:  #177-D: variable "sms" was declared but never referenced
gsm.c:      unsigned char response[10],temp[20],temp1,sms[20];
gsm.c:                                                ^
gsm.c(291): warning:  #167-D: argument of type "unsigned char *" is incompatible with parameter of type "char *"
gsm.c:       GsmPutSSerial(index);  
gsm.c:       ^
gsm.c: gsm.c: 6 warnings, 0 errors
linking...
Program Size: Code=6412 RO-data=32 RW-data=176 ZI-data=1192  
FromELF: creating hex file...
"..\..\FINGER.axf" - 0 Error(s), 31 Warning(s).
Build target 'LPC2100'
assembling Startup.s...
compiling uarttest.c...
uarttest.c(77): warning:  #1295-D: Deprecated declaration init_key - give arg types
uarttest.c:   void init_key();
uarttest.c:        ^
uarttest.c(78): warning:  #1295-D: Deprecated declaration scan_row1 - give arg types
uarttest.c:   void scan_row1();
uarttest.c:        ^
uarttest.c(79): warning:  #1295-D: Deprecated declaration scan_row2 - give arg types
uarttest.c:   void scan_row2();
uarttest.c:        ^
uarttest.c(80): warning:  #1295-D: Deprecated declaration scan_row3 - give arg types
uarttest.c:   void scan_row3();
uarttest.c:        ^
uarttest.c(81): warning:  #1295-D: Deprecated declaration scan_row4 - give arg types
uarttest.c:   void scan_row4();
uarttest.c:        ^
uarttest.c(88): warning:  #1295-D: Deprecated declaration scan_key - give arg types
uarttest.c:   unsigned char scan_key();
uarttest.c:                 ^
uarttest.c(92): warning:  #68-D: integer conversion resulted in a change of sign
uarttest.c:   unsigned char b[10],i=0,j,c=-1;
uarttest.c:                               ^
uarttest.c(121): warning:  #223-D: function "delay" declared implicitly
uarttest.c:     delay(20);
uarttest.c:     ^
uarttest.c(130): warning:  #223-D: function "delay" declared implicitly
uarttest.c:     delay(20);
uarttest.c:     ^
uarttest.c(139): warning:  #223-D: function "delay" declared implicitly
uarttest.c:     delay(20);
uarttest.c:     ^
uarttest.c(148): warning:  #223-D: function "delay" declared implicitly
uarttest.c:     delay(20);
uarttest.c:     ^
uarttest.c(208): warning:  #223-D: function "lcd_command_write" declared implicitly
uarttest.c:     lcd_command_write(1);
uarttest.c:     ^
uarttest.c(210): warning:  #223-D: function "delay" declared implicitly
uarttest.c:     delay(10000);
uarttest.c:     ^
uarttest.c(201): warning:  #177-D: variable "i" was declared but never referenced
uarttest.c:     int i,hold;
uarttest.c:         ^
uarttest.c(201): warning:  #177-D: variable "hold" was declared but never referenced
uarttest.c:     int i,hold;
uarttest.c:           ^
uarttest.c(235): warning:  #223-D: function "delay" declared implicitly
uarttest.c:       delay(8000);
uarttest.c:       ^
uarttest.c(240): warning:  #223-D: function "delay" declared implicitly
uarttest.c:       delay(8000);
uarttest.c:       ^
uarttest.c(259): warning:  #223-D: function "lcd_command_write" declared implicitly
uarttest.c:             lcd_command_write(1);
uarttest.c:             ^
uarttest.c(298): warning:  #111-D: statement is unreachable
uarttest.c:                     delay(10000);   
uarttest.c:                     ^
uarttest.c(305): warning:  #111-D: statement is unreachable
uarttest.c:                     delay(10000);   
uarttest.c:                     ^
uarttest.c(312): warning:  #111-D: statement is unreachable
uarttest.c:                     delay(10000);   
uarttest.c:                     ^
uarttest.c(325): warning:  #223-D: function "lcd_command_write" declared implicitly
uarttest.c:             lcd_command_write(1);
uarttest.c:             ^
uarttest.c(327): warning:  #223-D: function "delay" declared implicitly
uarttest.c:             delay(10000);   
uarttest.c:             ^
uarttest.c: uarttest.c: 23 warnings, 0 errors
compiling uart.c...
uart.c(40): warning:  #550-D: variable "Dummy" was set but never used
uart.c:       BYTE Dummy;
uart.c:            ^
uart.c(120): warning:  #550-D: variable "Dummy" was set but never used
uart.c:       BYTE Dummy;
uart.c:            ^
uart.c: uart.c: 2 warnings, 0 errors
compiling irq.c...
compiling lcd.c...
compiling delay.c...
compiling Serial.c...
compiling gsm.c...
gsm.c(87): warning:  #167-D: argument of type "unsigned char *" is incompatible with parameter of type "char *"
gsm.c:          GsmPutSSerial(num);
gsm.c:          ^
gsm.c(101): warning:  #167-D: argument of type "unsigned char *" is incompatible with parameter of type "char *"
gsm.c:          GsmPutSSerial( str );           
gsm.c:          ^
gsm.c(191): warning:  #223-D: function "lcd_command_write" declared implicitly
gsm.c:          lcd_command_write(1);     // Entry mode     
gsm.c:          ^
gsm.c(188): warning:  #177-D: variable "temp1" was declared but never referenced
gsm.c:      unsigned char response[10],temp[20],temp1,sms[20];
gsm.c:                                          ^
gsm.c(188): warning:  #177-D: variable "sms" was declared but never referenced
gsm.c:      unsigned char response[10],temp[20],temp1,sms[20];
gsm.c:                                                ^
gsm.c(291): warning:  #167-D: argument of type "unsigned char *" is incompatible with parameter of type "char *"
gsm.c:       GsmPutSSerial(index);  
gsm.c:       ^
gsm.c: gsm.c: 6 warnings, 0 errors
linking...
Program Size: Code=6404 RO-data=32 RW-data=176 ZI-data=1192  
FromELF: creating hex file...
"..\..\FINGER.axf" - 0 Error(s), 31 Warning(s).
Build target 'LPC2100'
assembling Startup.s...
compiling uarttest.c...
uarttest.c(77): warning:  #1295-D: Deprecated declaration init_key - give arg types
uarttest.c:   void init_key();
uarttest.c:        ^
uarttest.c(78): warning:  #1295-D: Deprecated declaration scan_row1 - give arg types
uarttest.c:   void scan_row1();
uarttest.c:        ^
uarttest.c(79): warning:  #1295-D: Deprecated declaration scan_row2 - give arg types
uarttest.c:   void scan_row2();
uarttest.c:        ^
uarttest.c(80): warning:  #1295-D: Deprecated declaration scan_row3 - give arg types
uarttest.c:   void scan_row3();
uarttest.c:        ^
uarttest.c(81): warning:  #1295-D: Deprecated declaration scan_row4 - give arg types
uarttest.c:   void scan_row4();
uarttest.c:        ^
uarttest.c(88): warning:  #1295-D: Deprecated declaration scan_key - give arg types
uarttest.c:   unsigned char scan_key();
uarttest.c:                 ^
uarttest.c(92): warning:  #68-D: integer conversion resulted in a change of sign
uarttest.c:   unsigned char b[10],i=0,j,c=-1;
uarttest.c:                               ^
uarttest.c(121): warning:  #223-D: function "delay" declared implicitly
uarttest.c:     delay(20);
uarttest.c:     ^
uarttest.c(130): warning:  #223-D: function "delay" declared implicitly
uarttest.c:     delay(20);
uarttest.c:     ^
uarttest.c(139): warning:  #223-D: function "delay" declared implicitly
uarttest.c:     delay(20);
uarttest.c:     ^
uarttest.c(148): warning:  #223-D: function "delay" declared implicitly
uarttest.c:     delay(20);
uarttest.c:     ^
uarttest.c(208): warning:  #223-D: function "lcd_command_write" declared implicitly
uarttest.c:     lcd_command_write(1);
uarttest.c:     ^
uarttest.c(210): warning:  #223-D: function "delay" declared implicitly
uarttest.c:     delay(10000);
uarttest.c:     ^
uarttest.c(201): warning:  #177-D: variable "i" was declared but never referenced
uarttest.c:     int i,hold;
uarttest.c:         ^
uarttest.c(201): warning:  #177-D: variable "hold" was declared but never referenced
uarttest.c:     int i,hold;
uarttest.c:           ^
uarttest.c(235): warning:  #223-D: function "delay" declared implicitly
uarttest.c:       delay(8000);
uarttest.c:       ^
uarttest.c(240): warning:  #223-D: function "delay" declared implicitly
uarttest.c:       delay(8000);
uarttest.c:       ^
uarttest.c(259): warning:  #223-D: function "lcd_command_write" declared implicitly
uarttest.c:             lcd_command_write(1);
uarttest.c:             ^
uarttest.c(298): warning:  #111-D: statement is unreachable
uarttest.c:                     delay(10000);   
uarttest.c:                     ^
uarttest.c(305): warning:  #111-D: statement is unreachable
uarttest.c:                     delay(10000);   
uarttest.c:                     ^
uarttest.c(312): warning:  #111-D: statement is unreachable
uarttest.c:                     delay(10000);   
uarttest.c:                     ^
uarttest.c(325): warning:  #223-D: function "lcd_command_write" declared implicitly
uarttest.c:             lcd_command_write(1);
uarttest.c:             ^
uarttest.c(327): warning:  #223-D: function "delay" declared implicitly
uarttest.c:             delay(10000);   
uarttest.c:             ^
uarttest.c: uarttest.c: 23 warnings, 0 errors
compiling uart.c...
uart.c(40): warning:  #550-D: variable "Dummy" was set but never used
uart.c:       BYTE Dummy;
uart.c:            ^
uart.c(120): warning:  #550-D: variable "Dummy" was set but never used
uart.c:       BYTE Dummy;
uart.c:            ^
uart.c: uart.c: 2 warnings, 0 errors
compiling irq.c...
compiling lcd.c...
compiling delay.c...
compiling Serial.c...
compiling gsm.c...
gsm.c(87): warning:  #167-D: argument of type "unsigned char *" is incompatible with parameter of type "char *"
gsm.c:          GsmPutSSerial(num);
gsm.c:          ^
gsm.c(101): warning:  #167-D: argument of type "unsigned char *" is incompatible with parameter of type "char *"
gsm.c:          GsmPutSSerial( str );           
gsm.c:          ^
gsm.c(191): warning:  #223-D: function "lcd_command_write" declared implicitly
gsm.c:          lcd_command_write(1);     // Entry mode     
gsm.c:          ^
gsm.c(188): warning:  #177-D: variable "temp1" was declared but never referenced
gsm.c:      unsigned char response[10],temp[20],temp1,sms[20];
gsm.c:                                          ^
gsm.c(188): warning:  #177-D: variable "sms" was declared but never referenced
gsm.c:      unsigned char response[10],temp[20],temp1,sms[20];
gsm.c:                                                ^
gsm.c(291): warning:  #167-D: argument of type "unsigned char *" is incompatible with parameter of type "char *"
gsm.c:       GsmPutSSerial(index);  
gsm.c:       ^
gsm.c: gsm.c: 6 warnings, 0 errors
linking...
Program Size: Code=6404 RO-data=32 RW-data=176 ZI-data=1192  
FromELF: creating hex file...
"..\..\FINGER.axf" - 0 Error(s), 31 Warning(s).
Build target 'LPC2100'
assembling Startup.s...
compiling uarttest.c...
uarttest.c(77): warning:  #1295-D: Deprecated declaration init_key - give arg types
uarttest.c:   void init_key();
uarttest.c:        ^
uarttest.c(78): warning:  #1295-D: Deprecated declaration scan_row1 - give arg types
uarttest.c:   void scan_row1();
uarttest.c:        ^
uarttest.c(79): warning:  #1295-D: Deprecated declaration scan_row2 - give arg types
uarttest.c:   void scan_row2();
uarttest.c:        ^
uarttest.c(80): warning:  #1295-D: Deprecated declaration scan_row3 - give arg types
uarttest.c:   void scan_row3();
uarttest.c:        ^
uarttest.c(81): warning:  #1295-D: Deprecated declaration scan_row4 - give arg types
uarttest.c:   void scan_row4();
uarttest.c:        ^
uarttest.c(88): warning:  #1295-D: Deprecated declaration scan_key - give arg types
uarttest.c:   unsigned char scan_key();
uarttest.c:                 ^
uarttest.c(92): warning:  #68-D: integer conversion resulted in a change of sign
uarttest.c:   unsigned char b[10],i=0,j,c=-1;
uarttest.c:                               ^
uarttest.c(121): warning:  #223-D: function "delay" declared implicitly
uarttest.c:     delay(20);
uarttest.c:     ^
uarttest.c(130): warning:  #223-D: function "delay" declared implicitly
uarttest.c:     delay(20);
uarttest.c:     ^
uarttest.c(139): warning:  #223-D: function "delay" declared implicitly
uarttest.c:     delay(20);
uarttest.c:     ^
uarttest.c(148): warning:  #223-D: function "delay" declared implicitly
uarttest.c:     delay(20);
uarttest.c:     ^
uarttest.c(208): warning:  #223-D: function "lcd_command_write" declared implicitly
uarttest.c:     lcd_command_write(1);
uarttest.c:     ^
uarttest.c(210): warning:  #223-D: function "delay" declared implicitly
uarttest.c:     delay(10000);
uarttest.c:     ^
uarttest.c(201): warning:  #177-D: variable "i" was declared but never referenced
uarttest.c:     int i,hold;
uarttest.c:         ^
uarttest.c(201): warning:  #177-D: variable "hold" was declared but never referenced
uarttest.c:     int i,hold;
uarttest.c:           ^
uarttest.c(235): warning:  #223-D: function "delay" declared implicitly
uarttest.c:       delay(8000);
uarttest.c:       ^
uarttest.c(240): warning:  #223-D: function "delay" declared implicitly
uarttest.c:       delay(8000);
uarttest.c:       ^
uarttest.c(259): warning:  #223-D: function "lcd_command_write" declared implicitly
uarttest.c:             lcd_command_write(1);
uarttest.c:             ^
uarttest.c(298): warning:  #111-D: statement is unreachable
uarttest.c:                     delay(10000);   
uarttest.c:                     ^
uarttest.c(305): warning:  #111-D: statement is unreachable
uarttest.c:                     delay(10000);   
uarttest.c:                     ^
uarttest.c(312): warning:  #111-D: statement is unreachable
uarttest.c:                     delay(10000);   
uarttest.c:                     ^
uarttest.c(325): error:  #20: identifier "k" is undefined
uarttest.c:        for(k=0;k<=4;k++)
uarttest.c:            ^
uarttest.c(330): warning:  #223-D: function "delay" declared implicitly
uarttest.c:       delay(8000);
uarttest.c:       ^
uarttest.c(335): warning:  #223-D: function "delay" declared implicitly
uarttest.c:       delay(8000);
uarttest.c:       ^
uarttest.c(339): warning:  #223-D: function "lcd_command_write" declared implicitly
uarttest.c:             lcd_command_write(1);
uarttest.c:             ^
uarttest.c: uarttest.c: 24 warnings, 1 error
compiling uart.c...
uart.c(40): warning:  #550-D: variable "Dummy" was set but never used
uart.c:       BYTE Dummy;
uart.c:            ^
uart.c(120): warning:  #550-D: variable "Dummy" was set but never used
uart.c:       BYTE Dummy;
uart.c:            ^
uart.c: uart.c: 2 warnings, 0 errors
compiling irq.c...
compiling lcd.c...
compiling delay.c...
compiling Serial.c...
compiling gsm.c...
gsm.c(87): warning:  #167-D: argument of type "unsigned char *" is incompatible with parameter of type "char *"
gsm.c:          GsmPutSSerial(num);
gsm.c:          ^
gsm.c(101): warning:  #167-D: argument of type "unsigned char *" is incompatible with parameter of type "char *"
gsm.c:          GsmPutSSerial( str );           
gsm.c:          ^
gsm.c(191): warning:  #223-D: function "lcd_command_write" declared implicitly
gsm.c:          lcd_command_write(1);     // Entry mode     
gsm.c:          ^
gsm.c(188): warning:  #177-D: variable "temp1" was declared but never referenced
gsm.c:      unsigned char response[10],temp[20],temp1,sms[20];
gsm.c:                                          ^
gsm.c(188): warning:  #177-D: variable "sms" was declared but never referenced
gsm.c:      unsigned char response[10],temp[20],temp1,sms[20];
gsm.c:                                                ^
gsm.c(291): warning:  #167-D: argument of type "unsigned char *" is incompatible with parameter of type "char *"
gsm.c:       GsmPutSSerial(index);  
gsm.c:       ^
gsm.c: gsm.c: 6 warnings, 0 errors
Target not created
Build target 'LPC2100'
assembling Startup.s...
compiling uarttest.c...
uarttest.c(77): warning:  #1295-D: Deprecated declaration init_key - give arg types
uarttest.c:   void init_key();
uarttest.c:        ^
uarttest.c(78): warning:  #1295-D: Deprecated declaration scan_row1 - give arg types
uarttest.c:   void scan_row1();
uarttest.c:        ^
uarttest.c(79): warning:  #1295-D: Deprecated declaration scan_row2 - give arg types
uarttest.c:   void scan_row2();
uarttest.c:        ^
uarttest.c(80): warning:  #1295-D: Deprecated declaration scan_row3 - give arg types
uarttest.c:   void scan_row3();
uarttest.c:        ^
uarttest.c(81): warning:  #1295-D: Deprecated declaration scan_row4 - give arg types
uarttest.c:   void scan_row4();
uarttest.c:        ^
uarttest.c(88): warning:  #1295-D: Deprecated declaration scan_key - give arg types
uarttest.c:   unsigned char scan_key();
uarttest.c:                 ^
uarttest.c(92): warning:  #68-D: integer conversion resulted in a change of sign
uarttest.c:   unsigned char b[10],i=0,j,c=-1;
uarttest.c:                               ^
uarttest.c(121): warning:  #223-D: function "delay" declared implicitly
uarttest.c:     delay(20);
uarttest.c:     ^
uarttest.c(130): warning:  #223-D: function "delay" declared implicitly
uarttest.c:     delay(20);
uarttest.c:     ^
uarttest.c(139): warning:  #223-D: function "delay" declared implicitly
uarttest.c:     delay(20);
uarttest.c:     ^
uarttest.c(148): warning:  #223-D: function "delay" declared implicitly
uarttest.c:     delay(20);
uarttest.c:     ^
uarttest.c(208): warning:  #223-D: function "lcd_command_write" declared implicitly
uarttest.c:     lcd_command_write(1);
uarttest.c:     ^
uarttest.c(210): warning:  #223-D: function "delay" declared implicitly
uarttest.c:     delay(10000);
uarttest.c:     ^
uarttest.c(201): warning:  #177-D: variable "i" was declared but never referenced
uarttest.c:     int i,hold;
uarttest.c:         ^
uarttest.c(201): warning:  #177-D: variable "hold" was declared but never referenced
uarttest.c:     int i,hold;
uarttest.c:           ^
uarttest.c(235): warning:  #223-D: function "delay" declared implicitly
uarttest.c:       delay(8000);
uarttest.c:       ^
uarttest.c(240): warning:  #223-D: function "delay" declared implicitly
uarttest.c:       delay(8000);
uarttest.c:       ^
uarttest.c(259): warning:  #223-D: function "lcd_command_write" declared implicitly
uarttest.c:             lcd_command_write(1);
uarttest.c:             ^
uarttest.c(298): warning:  #111-D: statement is unreachable
uarttest.c:                     delay(10000);   
uarttest.c:                     ^
uarttest.c(305): warning:  #111-D: statement is unreachable
uarttest.c:                     delay(10000);   
uarttest.c:                     ^
uarttest.c(312): warning:  #111-D: statement is unreachable
uarttest.c:                     delay(10000);   
uarttest.c:                     ^
uarttest.c(325): error:  #20: identifier "k" is undefined
uarttest.c:        for(k=0;k<=4;k++)
uarttest.c:            ^
uarttest.c(330): warning:  #223-D: function "delay" declared implicitly
uarttest.c:       delay(8000);
uarttest.c:       ^
uarttest.c(335): warning:  #223-D: function "delay" declared implicitly
uarttest.c:       delay(8000);
uarttest.c:       ^
uarttest.c(339): warning:  #223-D: function "lcd_command_write" declared implicitly
uarttest.c:             lcd_command_write(1);
uarttest.c:             ^
uarttest.c: uarttest.c: 24 warnings, 1 error
compiling uart.c...
uart.c(40): warning:  #550-D: variable "Dummy" was set but never used
uart.c:       BYTE Dummy;
uart.c:            ^
uart.c(120): warning:  #550-D: variable "Dummy" was set but never used
uart.c:       BYTE Dummy;
uart.c:            ^
uart.c: uart.c: 2 warnings, 0 errors
compiling irq.c...
compiling lcd.c...
compiling delay.c...
compiling Serial.c...
compiling gsm.c...
gsm.c(87): warning:  #167-D: argument of type "unsigned char *" is incompatible with parameter of type "char *"
gsm.c:          GsmPutSSerial(num);
gsm.c:          ^
gsm.c(101): warning:  #167-D: argument of type "unsigned char *" is incompatible with parameter of type "char *"
gsm.c:          GsmPutSSerial( str );           
gsm.c:          ^
gsm.c(191): warning:  #223-D: function "lcd_command_write" declared implicitly
gsm.c:          lcd_command_write(1);     // Entry mode     
gsm.c:          ^
gsm.c(188): warning:  #177-D: variable "temp1" was declared but never referenced
gsm.c:      unsigned char response[10],temp[20],temp1,sms[20];
gsm.c:                                          ^
gsm.c(188): warning:  #177-D: variable "sms" was declared but never referenced
gsm.c:      unsigned char response[10],temp[20],temp1,sms[20];
gsm.c:                                                ^
gsm.c(291): warning:  #167-D: argument of type "unsigned char *" is incompatible with parameter of type "char *"
gsm.c:       GsmPutSSerial(index);  
gsm.c:       ^
gsm.c: gsm.c: 6 warnings, 0 errors
Target not created
Build target 'LPC2100'
assembling Startup.s...
compiling uarttest.c...
uarttest.c(77): warning:  #1295-D: Deprecated declaration init_key - give arg types
uarttest.c:   void init_key();
uarttest.c:        ^
uarttest.c(78): warning:  #1295-D: Deprecated declaration scan_row1 - give arg types
uarttest.c:   void scan_row1();
uarttest.c:        ^
uarttest.c(79): warning:  #1295-D: Deprecated declaration scan_row2 - give arg types
uarttest.c:   void scan_row2();
uarttest.c:        ^
uarttest.c(80): warning:  #1295-D: Deprecated declaration scan_row3 - give arg types
uarttest.c:   void scan_row3();
uarttest.c:        ^
uarttest.c(81): warning:  #1295-D: Deprecated declaration scan_row4 - give arg types
uarttest.c:   void scan_row4();
uarttest.c:        ^
uarttest.c(88): warning:  #1295-D: Deprecated declaration scan_key - give arg types
uarttest.c:   unsigned char scan_key();
uarttest.c:                 ^
uarttest.c(92): warning:  #68-D: integer conversion resulted in a change of sign
uarttest.c:   unsigned char b[10],i=0,j,c=-1;
uarttest.c:                               ^
uarttest.c(121): warning:  #223-D: function "delay" declared implicitly
uarttest.c:     delay(20);
uarttest.c:     ^
uarttest.c(130): warning:  #223-D: function "delay" declared implicitly
uarttest.c:     delay(20);
uarttest.c:     ^
uarttest.c(139): warning:  #223-D: function "delay" declared implicitly
uarttest.c:     delay(20);
uarttest.c:     ^
uarttest.c(148): warning:  #223-D: function "delay" declared implicitly
uarttest.c:     delay(20);
uarttest.c:     ^
uarttest.c(208): warning:  #223-D: function "lcd_command_write" declared implicitly
uarttest.c:     lcd_command_write(1);
uarttest.c:     ^
uarttest.c(210): warning:  #223-D: function "delay" declared implicitly
uarttest.c:     delay(10000);
uarttest.c:     ^
uarttest.c(201): warning:  #177-D: variable "i" was declared but never referenced
uarttest.c:     int i,hold;
uarttest.c:         ^
uarttest.c(201): warning:  #177-D: variable "hold" was declared but never referenced
uarttest.c:     int i,hold;
uarttest.c:           ^
uarttest.c(235): warning:  #223-D: function "delay" declared implicitly
uarttest.c:       delay(8000);
uarttest.c:       ^
uarttest.c(240): warning:  #223-D: function "delay" declared implicitly
uarttest.c:       delay(8000);
uarttest.c:       ^
uarttest.c(259): warning:  #223-D: function "lcd_command_write" declared implicitly
uarttest.c:             lcd_command_write(1);
uarttest.c:             ^
uarttest.c(298): warning:  #111-D: statement is unreachable
uarttest.c:                     delay(10000);   
uarttest.c:                     ^
uarttest.c(305): warning:  #111-D: statement is unreachable
uarttest.c:                     delay(10000);   
uarttest.c:                     ^
uarttest.c(312): warning:  #111-D: statement is unreachable
uarttest.c:                     delay(10000);   
uarttest.c:                     ^
uarttest.c(331): warning:  #223-D: function "delay" declared implicitly
uarttest.c:       delay(8000);
uarttest.c:       ^
uarttest.c(336): warning:  #223-D: function "delay" declared implicitly
uarttest.c:       delay(8000);
uarttest.c:       ^
uarttest.c(340): warning:  #223-D: function "lcd_command_write" declared implicitly
uarttest.c:             lcd_command_write(1);
uarttest.c:             ^
uarttest.c: uarttest.c: 24 warnings, 0 errors
compiling uart.c...
uart.c(40): warning:  #550-D: variable "Dummy" was set but never used
uart.c:       BYTE Dummy;
uart.c:            ^
uart.c(120): warning:  #550-D: variable "Dummy" was set but never used
uart.c:       BYTE Dummy;
uart.c:            ^
uart.c: uart.c: 2 warnings, 0 errors
compiling irq.c...
compiling lcd.c...
compiling delay.c...
compiling Serial.c...
compiling gsm.c...
gsm.c(87): warning:  #167-D: argument of type "unsigned char *" is incompatible with parameter of type "char *"
gsm.c:          GsmPutSSerial(num);
gsm.c:          ^
gsm.c(101): warning:  #167-D: argument of type "unsigned char *" is incompatible with parameter of type "char *"
gsm.c:          GsmPutSSerial( str );           
gsm.c:          ^
gsm.c(191): warning:  #223-D: function "lcd_command_write" declared implicitly
gsm.c:          lcd_command_write(1);     // Entry mode     
gsm.c:          ^
gsm.c(188): warning:  #177-D: variable "temp1" was declared but never referenced
gsm.c:      unsigned char response[10],temp[20],temp1,sms[20];
gsm.c:                                          ^
gsm.c(188): warning:  #177-D: variable "sms" was declared but never referenced
gsm.c:      unsigned char response[10],temp[20],temp1,sms[20];
gsm.c:                                                ^
gsm.c(291): warning:  #167-D: argument of type "unsigned char *" is incompatible with parameter of type "char *"
gsm.c:       GsmPutSSerial(index);  
gsm.c:       ^
gsm.c: gsm.c: 6 warnings, 0 errors
linking...
Program Size: Code=6600 RO-data=32 RW-data=176 ZI-data=1192  
FromELF: creating hex file...
"..\..\FINGER.axf" - 0 Error(s), 32 Warning(s).
Build target 'LPC2100'
assembling Startup.s...
compiling uarttest.c...
uarttest.c(77): warning:  #1295-D: Deprecated declaration init_key - give arg types
uarttest.c:   void init_key();
uarttest.c:        ^
uarttest.c(78): warning:  #1295-D: Deprecated declaration scan_row1 - give arg types
uarttest.c:   void scan_row1();
uarttest.c:        ^
uarttest.c(79): warning:  #1295-D: Deprecated declaration scan_row2 - give arg types
uarttest.c:   void scan_row2();
uarttest.c:        ^
uarttest.c(80): warning:  #1295-D: Deprecated declaration scan_row3 - give arg types
uarttest.c:   void scan_row3();
uarttest.c:        ^
uarttest.c(81): warning:  #1295-D: Deprecated declaration scan_row4 - give arg types
uarttest.c:   void scan_row4();
uarttest.c:        ^
uarttest.c(88): warning:  #1295-D: Deprecated declaration scan_key - give arg types
uarttest.c:   unsigned char scan_key();
uarttest.c:                 ^
uarttest.c(92): warning:  #68-D: integer conversion resulted in a change of sign
uarttest.c:   unsigned char b[10],i=0,j,c=-1;
uarttest.c:                               ^
uarttest.c(121): warning:  #223-D: function "delay" declared implicitly
uarttest.c:     delay(20);
uarttest.c:     ^
uarttest.c(130): warning:  #223-D: function "delay" declared implicitly
uarttest.c:     delay(20);
uarttest.c:     ^
uarttest.c(139): warning:  #223-D: function "delay" declared implicitly
uarttest.c:     delay(20);
uarttest.c:     ^
uarttest.c(148): warning:  #223-D: function "delay" declared implicitly
uarttest.c:     delay(20);
uarttest.c:     ^
uarttest.c(208): warning:  #223-D: function "lcd_command_write" declared implicitly
uarttest.c:     lcd_command_write(1);
uarttest.c:     ^
uarttest.c(210): warning:  #223-D: function "delay" declared implicitly
uarttest.c:     delay(10000);
uarttest.c:     ^
uarttest.c(201): warning:  #177-D: variable "i" was declared but never referenced
uarttest.c:     int i,hold;
uarttest.c:         ^
uarttest.c(201): warning:  #177-D: variable "hold" was declared but never referenced
uarttest.c:     int i,hold;
uarttest.c:           ^
uarttest.c(235): warning:  #223-D: function "delay" declared implicitly
uarttest.c:       delay(8000);
uarttest.c:       ^
uarttest.c(240): warning:  #223-D: function "delay" declared implicitly
uarttest.c:       delay(8000);
uarttest.c:       ^
uarttest.c(259): warning:  #223-D: function "lcd_command_write" declared implicitly
uarttest.c:             lcd_command_write(1);
uarttest.c:             ^
uarttest.c(298): warning:  #111-D: statement is unreachable
uarttest.c:                     delay(10000);   
uarttest.c:                     ^
uarttest.c(305): warning:  #111-D: statement is unreachable
uarttest.c:                     delay(10000);   
uarttest.c:                     ^
uarttest.c(312): warning:  #111-D: statement is unreachable
uarttest.c:                     delay(10000);   
uarttest.c:                     ^
uarttest.c(331): warning:  #223-D: function "delay" declared implicitly
uarttest.c:       delay(8000);
uarttest.c:       ^
uarttest.c(336): warning:  #223-D: function "delay" declared implicitly
uarttest.c:       delay(8000);
uarttest.c:       ^
uarttest.c(340): warning:  #223-D: function "lcd_command_write" declared implicitly
uarttest.c:             lcd_command_write(1);
uarttest.c:             ^
uarttest.c: uarttest.c: 24 warnings, 0 errors
compiling uart.c...
uart.c(40): warning:  #550-D: variable "Dummy" was set but never used
uart.c:       BYTE Dummy;
uart.c:            ^
uart.c(120): warning:  #550-D: variable "Dummy" was set but never used
uart.c:       BYTE Dummy;
uart.c:            ^
uart.c: uart.c: 2 warnings, 0 errors
compiling irq.c...
compiling lcd.c...
compiling delay.c...
compiling Serial.c...
compiling gsm.c...
gsm.c(87): warning:  #167-D: argument of type "unsigned char *" is incompatible with parameter of type "char *"
gsm.c:          GsmPutSSerial(num);
gsm.c:          ^
gsm.c(101): warning:  #167-D: argument of type "unsigned char *" is incompatible with parameter of type "char *"
gsm.c:          GsmPutSSerial( str );           
gsm.c:          ^
gsm.c(191): warning:  #223-D: function "lcd_command_write" declared implicitly
gsm.c:          lcd_command_write(1);     // Entry mode     
gsm.c:          ^
gsm.c(188): warning:  #177-D: variable "temp1" was declared but never referenced
gsm.c:      unsigned char response[10],temp[20],temp1,sms[20];
gsm.c:                                          ^
gsm.c(188): warning:  #177-D: variable "sms" was declared but never referenced
gsm.c:      unsigned char response[10],temp[20],temp1,sms[20];
gsm.c:                                                ^
gsm.c(291): warning:  #167-D: argument of type "unsigned char *" is incompatible with parameter of type "char *"
gsm.c:       GsmPutSSerial(index);  
gsm.c:       ^
gsm.c: gsm.c: 6 warnings, 0 errors
linking...
Program Size: Code=6612 RO-data=32 RW-data=176 ZI-data=1192  
FromELF: creating hex file...
"..\..\FINGER.axf" - 0 Error(s), 32 Warning(s).
Build target 'LPC2100'
assembling Startup.s...
compiling uarttest.c...
uarttest.c(77): warning:  #1295-D: Deprecated declaration init_key - give arg types
uarttest.c:   void init_key();
uarttest.c:        ^
uarttest.c(78): warning:  #1295-D: Deprecated declaration scan_row1 - give arg types
uarttest.c:   void scan_row1();
uarttest.c:        ^
uarttest.c(79): warning:  #1295-D: Deprecated declaration scan_row2 - give arg types
uarttest.c:   void scan_row2();
uarttest.c:        ^
uarttest.c(80): warning:  #1295-D: Deprecated declaration scan_row3 - give arg types
uarttest.c:   void scan_row3();
uarttest.c:        ^
uarttest.c(81): warning:  #1295-D: Deprecated declaration scan_row4 - give arg types
uarttest.c:   void scan_row4();
uarttest.c:        ^
uarttest.c(88): warning:  #1295-D: Deprecated declaration scan_key - give arg types
uarttest.c:   unsigned char scan_key();
uarttest.c:                 ^
uarttest.c(92): warning:  #68-D: integer conversion resulted in a change of sign
uarttest.c:   unsigned char b[10],i=0,j,c=-1;
uarttest.c:                               ^
uarttest.c(121): warning:  #223-D: function "delay" declared implicitly
uarttest.c:     delay(20);
uarttest.c:     ^
uarttest.c(130): warning:  #223-D: function "delay" declared implicitly
uarttest.c:     delay(20);
uarttest.c:     ^
uarttest.c(139): warning:  #223-D: function "delay" declared implicitly
uarttest.c:     delay(20);
uarttest.c:     ^
uarttest.c(148): warning:  #223-D: function "delay" declared implicitly
uarttest.c:     delay(20);
uarttest.c:     ^
uarttest.c(208): warning:  #223-D: function "lcd_command_write" declared implicitly
uarttest.c:     lcd_command_write(1);
uarttest.c:     ^
uarttest.c(210): warning:  #223-D: function "delay" declared implicitly
uarttest.c:     delay(10000);
uarttest.c:     ^
uarttest.c(201): warning:  #177-D: variable "i" was declared but never referenced
uarttest.c:     int i,hold;
uarttest.c:         ^
uarttest.c(201): warning:  #177-D: variable "hold" was declared but never referenced
uarttest.c:     int i,hold;
uarttest.c:           ^
uarttest.c(235): warning:  #223-D: function "delay" declared implicitly
uarttest.c:       delay(8000);
uarttest.c:       ^
uarttest.c(240): warning:  #223-D: function "delay" declared implicitly
uarttest.c:       delay(8000);
uarttest.c:       ^
uarttest.c(259): warning:  #223-D: function "lcd_command_write" declared implicitly
uarttest.c:             lcd_command_write(1);
uarttest.c:             ^
uarttest.c(298): warning:  #111-D: statement is unreachable
uarttest.c:                     delay(10000);   
uarttest.c:                     ^
uarttest.c(305): warning:  #111-D: statement is unreachable
uarttest.c:                     delay(10000);   
uarttest.c:                     ^
uarttest.c(312): warning:  #111-D: statement is unreachable
uarttest.c:                     delay(10000);   
uarttest.c:                     ^
uarttest.c(331): warning:  #223-D: function "delay" declared implicitly
uarttest.c:       delay(8000);
uarttest.c:       ^
uarttest.c(336): warning:  #223-D: function "delay" declared implicitly
uarttest.c:       delay(8000);
uarttest.c:       ^
uarttest.c(340): warning:  #223-D: function "lcd_command_write" declared implicitly
uarttest.c:             lcd_command_write(1);
uarttest.c:             ^
uarttest.c: uarttest.c: 24 warnings, 0 errors
compiling uart.c...
uart.c(40): warning:  #550-D: variable "Dummy" was set but never used
uart.c:       BYTE Dummy;
uart.c:            ^
uart.c(120): warning:  #550-D: variable "Dummy" was set but never used
uart.c:       BYTE Dummy;
uart.c:            ^
uart.c: uart.c: 2 warnings, 0 errors
compiling irq.c...
compiling lcd.c...
compiling delay.c...
compiling Serial.c...
compiling gsm.c...
gsm.c(87): warning:  #167-D: argument of type "unsigned char *" is incompatible with parameter of type "char *"
gsm.c:          GsmPutSSerial(num);
gsm.c:          ^
gsm.c(101): warning:  #167-D: argument of type "unsigned char *" is incompatible with parameter of type "char *"
gsm.c:          GsmPutSSerial( str );           
gsm.c:          ^
gsm.c(191): warning:  #223-D: function "lcd_command_write" declared implicitly
gsm.c:          lcd_command_write(1);     // Entry mode     
gsm.c:          ^
[...]
gsm.c:       GsmPutSSerial(index);  
gsm.c:       ^
gsm.c: gsm.c: 6 warnings, 0 errors
linking...
Program Size: Code=7560 RO-data=32 RW-data=176 ZI-data=1192  
FromELF: creating hex file...
"..\..\FINGER.axf" - 0 Error(s), 30 Warning(s).
Build target 'LPC2100'
assembling Startup.s...
compiling uarttest.c...
uarttest.c(77): warning:  #1295-D: Deprecated declaration init_key - give arg types
uarttest.c:   void init_key();
uarttest.c:        ^
uarttest.c(78): warning:  #1295-D: Deprecated declaration scan_row1 - give arg types
uarttest.c:   void scan_row1();
uarttest.c:        ^
uarttest.c(79): warning:  #1295-D: Deprecated declaration scan_row2 - give arg types
uarttest.c:   void scan_row2();
uarttest.c:        ^
uarttest.c(80): warning:  #1295-D: Deprecated declaration scan_row3 - give arg types
uarttest.c:   void scan_row3();
uarttest.c:        ^
uarttest.c(81): warning:  #1295-D: Deprecated declaration scan_row4 - give arg types
uarttest.c:   void scan_row4();
uarttest.c:        ^
uarttest.c(88): warning:  #1295-D: Deprecated declaration scan_key - give arg types
uarttest.c:   unsigned char scan_key();
uarttest.c:                 ^
uarttest.c(126): warning:  #223-D: function "delay" declared implicitly
uarttest.c:     delay(20);
uarttest.c:     ^
uarttest.c(135): warning:  #223-D: function "delay" declared implicitly
uarttest.c:     delay(20);
uarttest.c:     ^
uarttest.c(144): warning:  #223-D: function "delay" declared implicitly
uarttest.c:     delay(20);
uarttest.c:     ^
uarttest.c(153): warning:  #223-D: function "delay" declared implicitly
uarttest.c:     delay(20);
uarttest.c:     ^
uarttest.c(213): warning:  #223-D: function "lcd_command_write" declared implicitly
uarttest.c:     lcd_command_write(1);
uarttest.c:     ^
uarttest.c(216): warning:  #223-D: function "delay" declared implicitly
uarttest.c:     delay(10000);
uarttest.c:     ^
uarttest.c(206): warning:  #177-D: variable "i" was declared but never referenced
uarttest.c:     int i,hold,FINGER_ID;
uarttest.c:         ^
uarttest.c(206): warning:  #177-D: variable "hold" was declared but never referenced
uarttest.c:     int i,hold,FINGER_ID;
uarttest.c:           ^
uarttest.c(206): warning:  #550-D: variable "FINGER_ID" was set but never used
uarttest.c:     int i,hold,FINGER_ID;
uarttest.c:                ^
uarttest.c(234): warning:  #223-D: function "lcd_command_write" declared implicitly
uarttest.c:       lcd_command_write(1);
uarttest.c:       ^
uarttest.c(239): warning:  #223-D: function "delay" declared implicitly
uarttest.c:     delay(10000);
uarttest.c:     ^
uarttest.c(324): warning:  #167-D: argument of type "unsigned char *" is incompatible with parameter of type "char *restrict"
uarttest.c:                     sprintf(USER_ID_BUFF,"%d",id);
uarttest.c:                             ^
uarttest.c(356): warning:  #940-D: missing return statement at end of non-void function "FINGER_SCAN"
uarttest.c:   }
uarttest.c:   ^
uarttest.c(367): warning:  #223-D: function "delay" declared implicitly
uarttest.c:              delay(500);      
uarttest.c:              ^
uarttest.c(373): warning:  #223-D: function "delay" declared implicitly
uarttest.c:     delay(500);
uarttest.c:     ^
uarttest.c(377): warning:  #223-D: function "lcd_command_write" declared implicitly
uarttest.c:             lcd_command_write(1);
uarttest.c:             ^
uarttest.c: uarttest.c: 22 warnings, 0 errors
compiling uart.c...
uart.c(40): warning:  #550-D: variable "Dummy" was set but never used
uart.c:       BYTE Dummy;
uart.c:            ^
uart.c(120): warning:  #550-D: variable "Dummy" was set but never used
uart.c:       BYTE Dummy;
uart.c:            ^
uart.c: uart.c: 2 warnings, 0 errors
compiling irq.c...
compiling lcd.c...
compiling delay.c...
compiling Serial.c...
compiling gsm.c...
gsm.c(87): warning:  #167-D: argument of type "unsigned char *" is incompatible with parameter of type "char *"
gsm.c:          GsmPutSSerial(num);
gsm.c:          ^
gsm.c(101): warning:  #167-D: argument of type "unsigned char *" is incompatible with parameter of type "char *"
gsm.c:          GsmPutSSerial( str );           
gsm.c:          ^
gsm.c(191): warning:  #223-D: function "lcd_command_write" declared implicitly
gsm.c:          lcd_command_write(1);     // Entry mode     
gsm.c:          ^
gsm.c(188): warning:  #177-D: variable "temp1" was declared but never referenced
gsm.c:      unsigned char response[10],temp[20],temp1,sms[20];
gsm.c:                                          ^
gsm.c(188): warning:  #177-D: variable "sms" was declared but never referenced
gsm.c:      unsigned char response[10],temp[20],temp1,sms[20];
gsm.c:                                                ^
gsm.c(291): warning:  #167-D: argument of type "unsigned char *" is incompatible with parameter of type "char *"
gsm.c:       GsmPutSSerial(index);  
gsm.c:       ^
gsm.c: gsm.c: 6 warnings, 0 errors
linking...
Program Size: Code=7560 RO-data=32 RW-data=176 ZI-data=1192  
FromELF: creating hex file...
"..\..\FINGER.axf" - 0 Error(s), 30 Warning(s).
Build target 'LPC2100'
assembling Startup.s...
compiling uarttest.c...
uarttest.c(77): warning:  #1295-D: Deprecated declaration init_key - give arg types
uarttest.c:   void init_key();
uarttest.c:        ^
uarttest.c(78): warning:  #1295-D: Deprecated declaration scan_row1 - give arg types
uarttest.c:   void scan_row1();
uarttest.c:        ^
uarttest.c(79): warning:  #1295-D: Deprecated declaration scan_row2 - give arg types
uarttest.c:   void scan_row2();
uarttest.c:        ^
uarttest.c(80): warning:  #1295-D: Deprecated declaration scan_row3 - give arg types
uarttest.c:   void scan_row3();
uarttest.c:        ^
uarttest.c(81): warning:  #1295-D: Deprecated declaration scan_row4 - give arg types
uarttest.c:   void scan_row4();
uarttest.c:        ^
uarttest.c(88): warning:  #1295-D: Deprecated declaration scan_key - give arg types
uarttest.c:   unsigned char scan_key();
uarttest.c:                 ^
uarttest.c(126): warning:  #223-D: function "delay" declared implicitly
uarttest.c:     delay(20);
uarttest.c:     ^
uarttest.c(135): warning:  #223-D: function "delay" declared implicitly
uarttest.c:     delay(20);
uarttest.c:     ^
uarttest.c(144): warning:  #223-D: function "delay" declared implicitly
uarttest.c:     delay(20);
uarttest.c:     ^
uarttest.c(153): warning:  #223-D: function "delay" declared implicitly
uarttest.c:     delay(20);
uarttest.c:     ^
uarttest.c(213): warning:  #223-D: function "lcd_command_write" declared implicitly
uarttest.c:     lcd_command_write(1);
uarttest.c:     ^
uarttest.c(216): warning:  #223-D: function "delay" declared implicitly
uarttest.c:     delay(10000);
uarttest.c:     ^
uarttest.c(206): warning:  #177-D: variable "i" was declared but never referenced
uarttest.c:     int i,hold,FINGER_ID;
uarttest.c:         ^
uarttest.c(206): warning:  #177-D: variable "hold" was declared but never referenced
uarttest.c:     int i,hold,FINGER_ID;
uarttest.c:           ^
uarttest.c(206): warning:  #550-D: variable "FINGER_ID" was set but never used
uarttest.c:     int i,hold,FINGER_ID;
uarttest.c:                ^
uarttest.c(234): warning:  #223-D: function "lcd_command_write" declared implicitly
uarttest.c:       lcd_command_write(1);
uarttest.c:       ^
uarttest.c(239): warning:  #223-D: function "delay" declared implicitly
uarttest.c:     delay(10000);
uarttest.c:     ^
uarttest.c(324): warning:  #167-D: argument of type "unsigned char *" is incompatible with parameter of type "char *restrict"
uarttest.c:                     sprintf(USER_ID_BUFF,"%d",id);
uarttest.c:                             ^
uarttest.c(356): warning:  #940-D: missing return statement at end of non-void function "FINGER_SCAN"
uarttest.c:   }
uarttest.c:   ^
uarttest.c(367): warning:  #223-D: function "delay" declared implicitly
uarttest.c:              delay(500);      
uarttest.c:              ^
uarttest.c(373): warning:  #223-D: function "delay" declared implicitly
uarttest.c:     delay(500);
uarttest.c:     ^
uarttest.c(377): warning:  #223-D: function "lcd_command_write" declared implicitly
uarttest.c:             lcd_command_write(1);
uarttest.c:             ^
uarttest.c: uarttest.c: 22 warnings, 0 errors
compiling uart.c...
uart.c(40): warning:  #550-D: variable "Dummy" was set but never used
uart.c:       BYTE Dummy;
uart.c:            ^
uart.c(120): warning:  #550-D: variable "Dummy" was set but never used
uart.c:       BYTE Dummy;
uart.c:            ^
uart.c: uart.c: 2 warnings, 0 errors
compiling irq.c...
compiling lcd.c...
compiling delay.c...
compiling Serial.c...
compiling gsm.c...
gsm.c(87): warning:  #167-D: argument of type "unsigned char *" is incompatible with parameter of type "char *"
gsm.c:          GsmPutSSerial(num);
gsm.c:          ^
gsm.c(101): warning:  #167-D: argument of type "unsigned char *" is incompatible with parameter of type "char *"
gsm.c:          GsmPutSSerial( str );           
gsm.c:          ^
gsm.c(191): warning:  #223-D: function "lcd_command_write" declared implicitly
gsm.c:          lcd_command_write(1);     // Entry mode     
gsm.c:          ^
gsm.c(188): warning:  #177-D: variable "temp1" was declared but never referenced
gsm.c:      unsigned char response[10],temp[20],temp1,sms[20];
gsm.c:                                          ^
gsm.c(188): warning:  #177-D: variable "sms" was declared but never referenced
gsm.c:      unsigned char response[10],temp[20],temp1,sms[20];
gsm.c:                                                ^
gsm.c(291): warning:  #167-D: argument of type "unsigned char *" is incompatible with parameter of type "char *"
gsm.c:       GsmPutSSerial(index);  
gsm.c:       ^
gsm.c: gsm.c: 6 warnings, 0 errors
linking...
Program Size: Code=7560 RO-data=32 RW-data=176 ZI-data=1192  
FromELF: creating hex file...
"..\..\FINGER.axf" - 0 Error(s), 30 Warning(s).
Build target 'LPC2100'
assembling Startup.s...
compiling uarttest.c...
uarttest.c(77): warning:  #1295-D: Deprecated declaration init_key - give arg types
uarttest.c:   void init_key();
uarttest.c:        ^
uarttest.c(78): warning:  #1295-D: Deprecated declaration scan_row1 - give arg types
uarttest.c:   void scan_row1();
uarttest.c:        ^
uarttest.c(79): warning:  #1295-D: Deprecated declaration scan_row2 - give arg types
uarttest.c:   void scan_row2();
uarttest.c:        ^
uarttest.c(80): warning:  #1295-D: Deprecated declaration scan_row3 - give arg types
uarttest.c:   void scan_row3();
uarttest.c:        ^
uarttest.c(81): warning:  #1295-D: Deprecated declaration scan_row4 - give arg types
uarttest.c:   void scan_row4();
uarttest.c:        ^
uarttest.c(88): warning:  #1295-D: Deprecated declaration scan_key - give arg types
uarttest.c:   unsigned char scan_key();
uarttest.c:                 ^
uarttest.c(126): warning:  #223-D: function "delay" declared implicitly
uarttest.c:     delay(20);
uarttest.c:     ^
uarttest.c(135): warning:  #223-D: function "delay" declared implicitly
uarttest.c:     delay(20);
uarttest.c:     ^
uarttest.c(144): warning:  #223-D: function "delay" declared implicitly
uarttest.c:     delay(20);
uarttest.c:     ^
uarttest.c(153): warning:  #223-D: function "delay" declared implicitly
uarttest.c:     delay(20);
uarttest.c:     ^
uarttest.c(213): warning:  #223-D: function "lcd_command_write" declared implicitly
uarttest.c:     lcd_command_write(1);
uarttest.c:     ^
uarttest.c(218): warning:  #223-D: function "delay" declared implicitly
uarttest.c:     delay(10000);
uarttest.c:     ^
uarttest.c(206): warning:  #177-D: variable "i" was declared but never referenced
uarttest.c:     int i,hold,FINGER_ID;
uarttest.c:         ^
uarttest.c(206): warning:  #177-D: variable "hold" was declared but never referenced
uarttest.c:     int i,hold,FINGER_ID;
uarttest.c:           ^
uarttest.c(206): warning:  #550-D: variable "FINGER_ID" was set but never used
uarttest.c:     int i,hold,FINGER_ID;
uarttest.c:                ^
uarttest.c(236): warning:  #223-D: function "lcd_command_write" declared implicitly
uarttest.c:       lcd_command_write(1);
uarttest.c:       ^
uarttest.c(241): warning:  #223-D: function "delay" declared implicitly
uarttest.c:     delay(10000);
uarttest.c:     ^
uarttest.c(326): warning:  #167-D: argument of type "unsigned char *" is incompatible with parameter of type "char *restrict"
uarttest.c:                     sprintf(USER_ID_BUFF,"%d",id);
uarttest.c:                             ^
uarttest.c(358): warning:  #940-D: missing return statement at end of non-void function "FINGER_SCAN"
uarttest.c:   }
uarttest.c:   ^
uarttest.c(369): warning:  #223-D: function "delay" declared implicitly
uarttest.c:              delay(500);      
uarttest.c:              ^
uarttest.c(375): warning:  #223-D: function "delay" declared implicitly
uarttest.c:     delay(500);
uarttest.c:     ^
uarttest.c(379): warning:  #223-D: function "lcd_command_write" declared implicitly
uarttest.c:             lcd_command_write(1);
uarttest.c:             ^
uarttest.c: uarttest.c: 22 warnings, 0 errors
compiling uart.c...
uart.c(40): warning:  #550-D: variable "Dummy" was set but never used
uart.c:       BYTE Dummy;
uart.c:            ^
uart.c(120): warning:  #550-D: variable "Dummy" was set but never used
uart.c:       BYTE Dummy;
uart.c:            ^
uart.c: uart.c: 2 warnings, 0 errors
compiling irq.c...
compiling lcd.c...
compiling delay.c...
compiling Serial.c...
compiling gsm.c...
gsm.c(87): warning:  #167-D: argument of type "unsigned char *" is incompatible with parameter of type "char *"
gsm.c:          GsmPutSSerial(num);
gsm.c:          ^
gsm.c(101): warning:  #167-D: argument of type "unsigned char *" is incompatible with parameter of type "char *"
gsm.c:          GsmPutSSerial( str );           
gsm.c:          ^
gsm.c(191): warning:  #223-D: function "lcd_command_write" declared implicitly
gsm.c:          lcd_command_write(1);     // Entry mode     
gsm.c:          ^
gsm.c(188): warning:  #177-D: variable "temp1" was declared but never referenced
gsm.c:      unsigned char response[10],temp[20],temp1,sms[20];
gsm.c:                                          ^
gsm.c(188): warning:  #177-D: variable "sms" was declared but never referenced
gsm.c:      unsigned char response[10],temp[20],temp1,sms[20];
gsm.c:                                                ^
gsm.c(291): warning:  #167-D: argument of type "unsigned char *" is incompatible with parameter of type "char *"
gsm.c:       GsmPutSSerial(index);  
gsm.c:       ^
gsm.c: gsm.c: 6 warnings, 0 errors
linking...
Program Size: Code=7548 RO-data=32 RW-data=176 ZI-data=1192  
FromELF: creating hex file...
"..\..\FINGER.axf" - 0 Error(s), 30 Warning(s).
Build target 'LPC2100'
assembling Startup.s...
compiling uarttest.c...
uarttest.c(77): warning:  #1295-D: Deprecated declaration init_key - give arg types
uarttest.c:   void init_key();
uarttest.c:        ^
uarttest.c(78): warning:  #1295-D: Deprecated declaration scan_row1 - give arg types
uarttest.c:   void scan_row1();
uarttest.c:        ^
uarttest.c(79): warning:  #1295-D: Deprecated declaration scan_row2 - give arg types
uarttest.c:   void scan_row2();
uarttest.c:        ^
uarttest.c(80): warning:  #1295-D: Deprecated declaration scan_row3 - give arg types
uarttest.c:   void scan_row3();
uarttest.c:        ^
uarttest.c(81): warning:  #1295-D: Deprecated declaration scan_row4 - give arg types
uarttest.c:   void scan_row4();
uarttest.c:        ^
uarttest.c(88): warning:  #1295-D: Deprecated declaration scan_key - give arg types
uarttest.c:   unsigned char scan_key();
uarttest.c:                 ^
uarttest.c(126): warning:  #223-D: function "delay" declared implicitly
uarttest.c:     delay(20);
uarttest.c:     ^
uarttest.c(135): warning:  #223-D: function "delay" declared implicitly
uarttest.c:     delay(20);
uarttest.c:     ^
uarttest.c(144): warning:  #223-D: function "delay" declared implicitly
uarttest.c:     delay(20);
uarttest.c:     ^
uarttest.c(153): warning:  #223-D: function "delay" declared implicitly
uarttest.c:     delay(20);
uarttest.c:     ^
uarttest.c(213): warning:  #223-D: function "lcd_command_write" declared implicitly
uarttest.c:     lcd_command_write(1);
uarttest.c:     ^
uarttest.c(218): warning:  #223-D: function "delay" declared implicitly
uarttest.c:     delay(10000);
uarttest.c:     ^
uarttest.c(206): warning:  #177-D: variable "i" was declared but never referenced
uarttest.c:     int i,hold,FINGER_ID;
uarttest.c:         ^
uarttest.c(206): warning:  #177-D: variable "hold" was declared but never referenced
uarttest.c:     int i,hold,FINGER_ID;
uarttest.c:           ^
uarttest.c(206): warning:  #550-D: variable "FINGER_ID" was set but never used
uarttest.c:     int i,hold,FINGER_ID;
uarttest.c:                ^
uarttest.c(236): warning:  #223-D: function "lcd_command_write" declared implicitly
uarttest.c:       lcd_command_write(1);
uarttest.c:       ^
uarttest.c(241): warning:  #223-D: function "delay" declared implicitly
uarttest.c:     delay(10000);
uarttest.c:     ^
uarttest.c(326): warning:  #167-D: argument of type "unsigned char *" is incompatible with parameter of type "char *restrict"
uarttest.c:                     sprintf(USER_ID_BUFF,"%d",id);
uarttest.c:                             ^
uarttest.c(358): warning:  #940-D: missing return statement at end of non-void function "FINGER_SCAN"
uarttest.c:   }
uarttest.c:   ^
uarttest.c(369): warning:  #223-D: function "delay" declared implicitly
uarttest.c:              delay(500);      
uarttest.c:              ^
uarttest.c(375): warning:  #223-D: function "delay" declared implicitly
uarttest.c:     delay(500);
uarttest.c:     ^
uarttest.c(379): warning:  #223-D: function "lcd_command_write" declared implicitly
uarttest.c:             lcd_command_write(1);
uarttest.c:             ^
uarttest.c: uarttest.c: 22 warnings, 0 errors
compiling uart.c...
uart.c(40): warning:  #550-D: variable "Dummy" was set but never used
uart.c:       BYTE Dummy;
uart.c:            ^
uart.c(120): warning:  #550-D: variable "Dummy" was set but never used
uart.c:       BYTE Dummy;
uart.c:            ^
uart.c: uart.c: 2 warnings, 0 errors
compiling irq.c...
compiling lcd.c...
compiling delay.c...
compiling Serial.c...
compiling gsm.c...
gsm.c(87): warning:  #167-D: argument of type "unsigned char *" is incompatible with parameter of type "char *"
gsm.c:          GsmPutSSerial(num);
gsm.c:          ^
gsm.c(101): warning:  #167-D: argument of type "unsigned char *" is incompatible with parameter of type "char *"
gsm.c:          GsmPutSSerial( str );           
gsm.c:          ^
gsm.c(191): warning:  #223-D: function "lcd_command_write" declared implicitly
gsm.c:          lcd_command_write(1);     // Entry mode     
gsm.c:          ^
gsm.c(188): warning:  #177-D: variable "temp1" was declared but never referenced
gsm.c:      unsigned char response[10],temp[20],temp1,sms[20];
gsm.c:                                          ^
gsm.c(188): warning:  #177-D: variable "sms" was declared but never referenced
gsm.c:      unsigned char response[10],temp[20],temp1,sms[20];
gsm.c:                                                ^
gsm.c(291): warning:  #167-D: argument of type "unsigned char *" is incompatible with parameter of type "char *"
gsm.c:       GsmPutSSerial(index);  
gsm.c:       ^
gsm.c: gsm.c: 6 warnings, 0 errors
linking...
Program Size: Code=7548 RO-data=32 RW-data=176 ZI-data=1192  
FromELF: creating hex file...
"..\..\FINGER.axf" - 0 Error(s), 30 Warning(s).
