<!doctype html public "-//w3c//dtd html 4.0 transitional//en">
<html><head>
<title>Static Call Graph - [.\Obj\UART.axf]</title></head>
<body><HR>
<H1>Static Call Graph for image .\Obj\UART.axf</H1><HR>
<BR><P>#&#060CALLGRAPH&#062# ARM Linker, RVCT4.0 [Build 728]: Last Updated: Fri Feb 22 16:38:48 2013
<BR><P>
<H3>Maximum Stack Usage =          0 bytes + Unknown(Cycles, Untraceable Function Pointers)</H3><H3>
Call chain for Maximum Stack Depth:</H3>

<P>
<H3>
Mutually Recursive functions
</H3> <LI><a href="#[dec964]">Undef_Handler</a>&nbsp;&nbsp;&nbsp;&rArr;&nbsp;&nbsp;&nbsp;<a href="#[dec964]">Undef_Handler</a><BR>
 <LI><a href="#[dec928]">SWI_Handler</a>&nbsp;&nbsp;&nbsp;&rArr;&nbsp;&nbsp;&nbsp;<a href="#[dec928]">SWI_Handler</a><BR>
 <LI><a href="#[dec8ec]">PAbt_Handler</a>&nbsp;&nbsp;&nbsp;&rArr;&nbsp;&nbsp;&nbsp;<a href="#[dec8ec]">PAbt_Handler</a><BR>
 <LI><a href="#[dec8b0]">DAbt_Handler</a>&nbsp;&nbsp;&nbsp;&rArr;&nbsp;&nbsp;&nbsp;<a href="#[dec8b0]">DAbt_Handler</a><BR>
 <LI><a href="#[dec874]">IRQ_Handler</a>&nbsp;&nbsp;&nbsp;&rArr;&nbsp;&nbsp;&nbsp;<a href="#[dec874]">IRQ_Handler</a><BR>
 <LI><a href="#[dec838]">FIQ_Handler</a>&nbsp;&nbsp;&nbsp;&rArr;&nbsp;&nbsp;&nbsp;<a href="#[dec838]">FIQ_Handler</a><BR>
</UL>
<P>
<H3>
Function Pointers
</H3><UL>
 <LI><a href="#[dec748]">Reset_Handler</a>
 <LI><a href="#[dec964]">Undef_Handler</a>
 <LI><a href="#[dec928]">SWI_Handler</a>
 <LI><a href="#[dec8ec]">PAbt_Handler</a>
 <LI><a href="#[dec8b0]">DAbt_Handler</a>
 <LI><a href="#[dec874]">IRQ_Handler</a>
 <LI><a href="#[dec838]">FIQ_Handler</a>
 <LI><a href="#[deafd8]">__main</a>
 <LI><a href="#[dec07c]">main</a>
</UL>
<P>
<H3>
Global Symbols
</H3>
<P><STRONG><a name="[dec748]"></a>Reset_Handler</STRONG> (ARM, 0 bytes, Stack size 0 bytes, startup.o(RESET))
<BR>[Address Reference Count : 1]<UL><LI> startup.o(RESET)
</UL>
<P><STRONG><a name="[deafd8]"></a>__main</STRONG> (ARM, 0 bytes, Stack size 0 bytes, entry.o(.ARM.Collect$$$$00000000))

<P><STRONG><a name="[deab28]"></a>_main_scatterload</STRONG> (ARM, 0 bytes, Stack size 0 bytes, entry5.o(.ARM.Collect$$$$00000004))
<BR><BR>[Calls]<UL><LI><a href="#[dea90c]">&gt;&gt;</a>&nbsp;&nbsp;&nbsp;__scatterload
</UL>

<P><STRONG><a name="[deaaec]"></a>__main_after_scatterload</STRONG> (ARM, 0 bytes, Stack size 0 bytes, entry5.o(.ARM.Collect$$$$00000004))
<BR><BR>[Called By]<UL><LI><a href="#[dea90c]">&gt;&gt;</a>&nbsp;&nbsp;&nbsp;__scatterload
</UL>

<P><STRONG><a name="[dec298]"></a>init_key</STRONG> (ARM, 32 bytes, Stack size 0 bytes, uarttest.o(.text))
<BR><BR>[Called By]<UL><LI><a href="#[dec07c]">&gt;&gt;</a>&nbsp;&nbsp;&nbsp;main
</UL>

<P><STRONG><a name="[dec25c]"></a>scan_row</STRONG> (ARM, 376 bytes, Stack size 0 bytes, uarttest.o(.text))
<BR><BR>[Called By]<UL><LI><a href="#[dec16c]">&gt;&gt;</a>&nbsp;&nbsp;&nbsp;scan_row1
<LI><a href="#[dec1a8]">&gt;&gt;</a>&nbsp;&nbsp;&nbsp;scan_row2
<LI><a href="#[dec1e4]">&gt;&gt;</a>&nbsp;&nbsp;&nbsp;scan_row3
<LI><a href="#[dec220]">&gt;&gt;</a>&nbsp;&nbsp;&nbsp;scan_row4
</UL>

<P><STRONG><a name="[dec220]"></a>scan_row4</STRONG> (ARM, 56 bytes, Stack size 0 bytes, uarttest.o(.text))
<BR><BR>[Calls]<UL><LI><a href="#[debf50]">&gt;&gt;</a>&nbsp;&nbsp;&nbsp;delay
<LI><a href="#[dec25c]">&gt;&gt;</a>&nbsp;&nbsp;&nbsp;scan_row
</UL>
<BR>[Called By]<UL><LI><a href="#[dec130]">&gt;&gt;</a>&nbsp;&nbsp;&nbsp;scan_key
</UL>

<P><STRONG><a name="[dec1e4]"></a>scan_row3</STRONG> (ARM, 56 bytes, Stack size 0 bytes, uarttest.o(.text))
<BR><BR>[Calls]<UL><LI><a href="#[debf50]">&gt;&gt;</a>&nbsp;&nbsp;&nbsp;delay
<LI><a href="#[dec25c]">&gt;&gt;</a>&nbsp;&nbsp;&nbsp;scan_row
</UL>
<BR>[Called By]<UL><LI><a href="#[dec130]">&gt;&gt;</a>&nbsp;&nbsp;&nbsp;scan_key
</UL>

<P><STRONG><a name="[dec1a8]"></a>scan_row2</STRONG> (ARM, 56 bytes, Stack size 0 bytes, uarttest.o(.text))
<BR><BR>[Calls]<UL><LI><a href="#[debf50]">&gt;&gt;</a>&nbsp;&nbsp;&nbsp;delay
<LI><a href="#[dec25c]">&gt;&gt;</a>&nbsp;&nbsp;&nbsp;scan_row
</UL>
<BR>[Called By]<UL><LI><a href="#[dec130]">&gt;&gt;</a>&nbsp;&nbsp;&nbsp;scan_key
</UL>

<P><STRONG><a name="[dec16c]"></a>scan_row1</STRONG> (ARM, 56 bytes, Stack size 0 bytes, uarttest.o(.text))
<BR><BR>[Calls]<UL><LI><a href="#[debf50]">&gt;&gt;</a>&nbsp;&nbsp;&nbsp;delay
<LI><a href="#[dec25c]">&gt;&gt;</a>&nbsp;&nbsp;&nbsp;scan_row
</UL>
<BR>[Called By]<UL><LI><a href="#[dec130]">&gt;&gt;</a>&nbsp;&nbsp;&nbsp;scan_key
</UL>

<P><STRONG><a name="[dec130]"></a>scan_key</STRONG> (ARM, 32 bytes, Stack size 0 bytes, uarttest.o(.text))
<BR><BR>[Calls]<UL><LI><a href="#[dec16c]">&gt;&gt;</a>&nbsp;&nbsp;&nbsp;scan_row1
<LI><a href="#[dec1a8]">&gt;&gt;</a>&nbsp;&nbsp;&nbsp;scan_row2
<LI><a href="#[dec1e4]">&gt;&gt;</a>&nbsp;&nbsp;&nbsp;scan_row3
<LI><a href="#[dec220]">&gt;&gt;</a>&nbsp;&nbsp;&nbsp;scan_row4
</UL>
<BR>[Called By]<UL><LI><a href="#[dec0f4]">&gt;&gt;</a>&nbsp;&nbsp;&nbsp;cash_handling
</UL>

<P><STRONG><a name="[dec0f4]"></a>cash_handling</STRONG> (ARM, 864 bytes, Stack size 0 bytes, uarttest.o(.text))
<BR><BR>[Calls]<UL><LI><a href="#[dead44]">&gt;&gt;</a>&nbsp;&nbsp;&nbsp;strcmp
<LI><a href="#[debdac]">&gt;&gt;</a>&nbsp;&nbsp;&nbsp;lcd_putstring
<LI><a href="#[debde8]">&gt;&gt;</a>&nbsp;&nbsp;&nbsp;lcd_putchar
<LI><a href="#[debe24]">&gt;&gt;</a>&nbsp;&nbsp;&nbsp;lcd_command_write
<LI><a href="#[debf50]">&gt;&gt;</a>&nbsp;&nbsp;&nbsp;delay
<LI><a href="#[dec130]">&gt;&gt;</a>&nbsp;&nbsp;&nbsp;scan_key
</UL>
<BR>[Called By]<UL><LI><a href="#[dec0b8]">&gt;&gt;</a>&nbsp;&nbsp;&nbsp;rfid_compare
</UL>

<P><STRONG><a name="[dec0b8]"></a>rfid_compare</STRONG> (ARM, 84 bytes, Stack size 0 bytes, uarttest.o(.text))
<BR><BR>[Calls]<UL><LI><a href="#[dead44]">&gt;&gt;</a>&nbsp;&nbsp;&nbsp;strcmp
<LI><a href="#[debdac]">&gt;&gt;</a>&nbsp;&nbsp;&nbsp;lcd_putstring
<LI><a href="#[debe24]">&gt;&gt;</a>&nbsp;&nbsp;&nbsp;lcd_command_write
<LI><a href="#[debf50]">&gt;&gt;</a>&nbsp;&nbsp;&nbsp;delay
<LI><a href="#[dec0f4]">&gt;&gt;</a>&nbsp;&nbsp;&nbsp;cash_handling
</UL>
<BR>[Called By]<UL><LI><a href="#[dec07c]">&gt;&gt;</a>&nbsp;&nbsp;&nbsp;main
</UL>

<P><STRONG><a name="[dec07c]"></a>main</STRONG> (ARM, 568 bytes, Stack size 0 bytes, uarttest.o(.text))
<BR><BR>[Calls]<UL><LI><a href="#[debd34]">&gt;&gt;</a>&nbsp;&nbsp;&nbsp;uart1_init
<LI><a href="#[debdac]">&gt;&gt;</a>&nbsp;&nbsp;&nbsp;lcd_putstring
<LI><a href="#[debe24]">&gt;&gt;</a>&nbsp;&nbsp;&nbsp;lcd_command_write
<LI><a href="#[debe60]">&gt;&gt;</a>&nbsp;&nbsp;&nbsp;intGsm
<LI><a href="#[debe9c]">&gt;&gt;</a>&nbsp;&nbsp;&nbsp;init_lcd
<LI><a href="#[debed8]">&gt;&gt;</a>&nbsp;&nbsp;&nbsp;init_VIC
<LI><a href="#[debf14]">&gt;&gt;</a>&nbsp;&nbsp;&nbsp;gprs_intil
<LI><a href="#[debf50]">&gt;&gt;</a>&nbsp;&nbsp;&nbsp;delay
<LI><a href="#[debf8c]">&gt;&gt;</a>&nbsp;&nbsp;&nbsp;UARTSend
<LI><a href="#[debfc8]">&gt;&gt;</a>&nbsp;&nbsp;&nbsp;UARTInit
<LI><a href="#[dec0b8]">&gt;&gt;</a>&nbsp;&nbsp;&nbsp;rfid_compare
<LI><a href="#[dec298]">&gt;&gt;</a>&nbsp;&nbsp;&nbsp;init_key
</UL>
<BR>[Address Reference Count : 1]<UL><LI> entry7.o(.ARM.Collect$$$$00000007)
</UL>
<P><STRONG><a name="[debfc8]"></a>UARTInit</STRONG> (ARM, 296 bytes, Stack size 0 bytes, uart.o(.text))
<BR><BR>[Calls]<UL><LI><a href="#[deb9ec]">&gt;&gt;</a>&nbsp;&nbsp;&nbsp;install_irq
</UL>
<BR>[Called By]<UL><LI><a href="#[dec07c]">&gt;&gt;</a>&nbsp;&nbsp;&nbsp;main
</UL>

<P><STRONG><a name="[debf8c]"></a>UARTSend</STRONG> (ARM, 172 bytes, Stack size 0 bytes, uart.o(.text))
<BR><BR>[Called By]<UL><LI><a href="#[dec07c]">&gt;&gt;</a>&nbsp;&nbsp;&nbsp;main
</UL>

<P><STRONG><a name="[debed8]"></a>init_VIC</STRONG> (ARM, 92 bytes, Stack size 0 bytes, irq.o(.text))
<BR><BR>[Called By]<UL><LI><a href="#[dec07c]">&gt;&gt;</a>&nbsp;&nbsp;&nbsp;main
</UL>

<P><STRONG><a name="[deb9ec]"></a>install_irq</STRONG> (ARM, 132 bytes, Stack size 0 bytes, irq.o(.text))
<BR><BR>[Called By]<UL><LI><a href="#[debfc8]">&gt;&gt;</a>&nbsp;&nbsp;&nbsp;UARTInit
</UL>

<P><STRONG><a name="[deb7d0]"></a>delay1</STRONG> (ARM, 52 bytes, Stack size 0 bytes, lcd.o(.text))
<BR><BR>[Called By]<UL><LI><a href="#[deb668]">&gt;&gt;</a>&nbsp;&nbsp;&nbsp;lcd_data_write
<LI><a href="#[debe24]">&gt;&gt;</a>&nbsp;&nbsp;&nbsp;lcd_command_write
</UL>

<P><STRONG><a name="[debe24]"></a>lcd_command_write</STRONG> (ARM, 216 bytes, Stack size 0 bytes, lcd.o(.text))
<BR><BR>[Calls]<UL><LI><a href="#[deb7d0]">&gt;&gt;</a>&nbsp;&nbsp;&nbsp;delay1
</UL>
<BR>[Called By]<UL><LI><a href="#[deb62c]">&gt;&gt;</a>&nbsp;&nbsp;&nbsp;test_cmd
<LI><a href="#[deb6a4]">&gt;&gt;</a>&nbsp;&nbsp;&nbsp;lcd_gotoxy
<LI><a href="#[deb6e0]">&gt;&gt;</a>&nbsp;&nbsp;&nbsp;lcd_clear
<LI><a href="#[dec07c]">&gt;&gt;</a>&nbsp;&nbsp;&nbsp;main
<LI><a href="#[dec0b8]">&gt;&gt;</a>&nbsp;&nbsp;&nbsp;rfid_compare
<LI><a href="#[dec0f4]">&gt;&gt;</a>&nbsp;&nbsp;&nbsp;cash_handling
</UL>

<P><STRONG><a name="[deb6e0]"></a>lcd_clear</STRONG> (ARM, 16 bytes, Stack size 0 bytes, lcd.o(.text))
<BR><BR>[Calls]<UL><LI><a href="#[debe24]">&gt;&gt;</a>&nbsp;&nbsp;&nbsp;lcd_command_write
</UL>
<BR>[Called By]<UL><LI><a href="#[debdac]">&gt;&gt;</a>&nbsp;&nbsp;&nbsp;lcd_putstring
</UL>

<P><STRONG><a name="[deb6a4]"></a>lcd_gotoxy</STRONG> (ARM, 92 bytes, Stack size 0 bytes, lcd.o(.text))
<BR><BR>[Calls]<UL><LI><a href="#[debe24]">&gt;&gt;</a>&nbsp;&nbsp;&nbsp;lcd_command_write
</UL>
<BR>[Called By]<UL><LI><a href="#[debdac]">&gt;&gt;</a>&nbsp;&nbsp;&nbsp;lcd_putstring
</UL>

<P><STRONG><a name="[deb668]"></a>lcd_data_write</STRONG> (ARM, 164 bytes, Stack size 0 bytes, lcd.o(.text))
<BR><BR>[Calls]<UL><LI><a href="#[deb7d0]">&gt;&gt;</a>&nbsp;&nbsp;&nbsp;delay1
</UL>
<BR>[Called By]<UL><LI><a href="#[debde8]">&gt;&gt;</a>&nbsp;&nbsp;&nbsp;lcd_putchar
</UL>

<P><STRONG><a name="[debde8]"></a>lcd_putchar</STRONG> (ARM, 20 bytes, Stack size 0 bytes, lcd.o(.text))
<BR><BR>[Calls]<UL><LI><a href="#[deb668]">&gt;&gt;</a>&nbsp;&nbsp;&nbsp;lcd_data_write
</UL>
<BR>[Called By]<UL><LI><a href="#[debdac]">&gt;&gt;</a>&nbsp;&nbsp;&nbsp;lcd_putstring
<LI><a href="#[dec0f4]">&gt;&gt;</a>&nbsp;&nbsp;&nbsp;cash_handling
</UL>

<P><STRONG><a name="[debdac]"></a>lcd_putstring</STRONG> (ARM, 156 bytes, Stack size 0 bytes, lcd.o(.text))
<BR><BR>[Calls]<UL><LI><a href="#[deb6a4]">&gt;&gt;</a>&nbsp;&nbsp;&nbsp;lcd_gotoxy
<LI><a href="#[deb6e0]">&gt;&gt;</a>&nbsp;&nbsp;&nbsp;lcd_clear
<LI><a href="#[debde8]">&gt;&gt;</a>&nbsp;&nbsp;&nbsp;lcd_putchar
</UL>
<BR>[Called By]<UL><LI><a href="#[dec07c]">&gt;&gt;</a>&nbsp;&nbsp;&nbsp;main
<LI><a href="#[dec0b8]">&gt;&gt;</a>&nbsp;&nbsp;&nbsp;rfid_compare
<LI><a href="#[dec0f4]">&gt;&gt;</a>&nbsp;&nbsp;&nbsp;cash_handling
</UL>

<P><STRONG><a name="[debe9c]"></a>init_lcd</STRONG> (ARM, 56 bytes, Stack size 0 bytes, lcd.o(.text))
<BR><BR>[Called By]<UL><LI><a href="#[dec07c]">&gt;&gt;</a>&nbsp;&nbsp;&nbsp;main
</UL>

<P><STRONG><a name="[deb62c]"></a>test_cmd</STRONG> (ARM, 40 bytes, Stack size 0 bytes, lcd.o(.text), UNUSED)
<BR><BR>[Calls]<UL><LI><a href="#[debe24]">&gt;&gt;</a>&nbsp;&nbsp;&nbsp;lcd_command_write
</UL>

<P><STRONG><a name="[debf50]"></a>delay</STRONG> (ARM, 56 bytes, Stack size 0 bytes, delay.o(.text))
<BR><BR>[Called By]<UL><LI><a href="#[deb104]">&gt;&gt;</a>&nbsp;&nbsp;&nbsp;gprs_send
<LI><a href="#[debe60]">&gt;&gt;</a>&nbsp;&nbsp;&nbsp;intGsm
<LI><a href="#[debf14]">&gt;&gt;</a>&nbsp;&nbsp;&nbsp;gprs_intil
<LI><a href="#[dec07c]">&gt;&gt;</a>&nbsp;&nbsp;&nbsp;main
<LI><a href="#[dec0b8]">&gt;&gt;</a>&nbsp;&nbsp;&nbsp;rfid_compare
<LI><a href="#[dec0f4]">&gt;&gt;</a>&nbsp;&nbsp;&nbsp;cash_handling
<LI><a href="#[dec16c]">&gt;&gt;</a>&nbsp;&nbsp;&nbsp;scan_row1
<LI><a href="#[dec1a8]">&gt;&gt;</a>&nbsp;&nbsp;&nbsp;scan_row2
<LI><a href="#[dec1e4]">&gt;&gt;</a>&nbsp;&nbsp;&nbsp;scan_row3
<LI><a href="#[dec220]">&gt;&gt;</a>&nbsp;&nbsp;&nbsp;scan_row4
</UL>

<P><STRONG><a name="[deb4c4]"></a>uart0_getkey</STRONG> (ARM, 32 bytes, Stack size 0 bytes, serial.o(.text))
<BR><BR>[Called By]<UL><LI><a href="#[deb17c]">&gt;&gt;</a>&nbsp;&nbsp;&nbsp;getGps
</UL>

<P><STRONG><a name="[deb488]"></a>uart1_getkey</STRONG> (ARM, 32 bytes, Stack size 0 bytes, serial.o(.text))
<BR><BR>[Called By]<UL><LI><a href="#[deb1b8]">&gt;&gt;</a>&nbsp;&nbsp;&nbsp;getSMS
<LI><a href="#[deb1f4]">&gt;&gt;</a>&nbsp;&nbsp;&nbsp;sendSMS
<LI><a href="#[deb230]">&gt;&gt;</a>&nbsp;&nbsp;&nbsp;recvResponse
</UL>

<P><STRONG><a name="[debd34]"></a>uart1_init</STRONG> (ARM, 52 bytes, Stack size 0 bytes, serial.o(.text))
<BR><BR>[Called By]<UL><LI><a href="#[dec07c]">&gt;&gt;</a>&nbsp;&nbsp;&nbsp;main
</UL>

<P><STRONG><a name="[deb44c]"></a>uart1_putc</STRONG> (ARM, 32 bytes, Stack size 0 bytes, serial.o(.text))
<BR><BR>[Called By]<UL><LI><a href="#[deb104]">&gt;&gt;</a>&nbsp;&nbsp;&nbsp;gprs_send
<LI><a href="#[deb1f4]">&gt;&gt;</a>&nbsp;&nbsp;&nbsp;sendSMS
<LI><a href="#[deb410]">&gt;&gt;</a>&nbsp;&nbsp;&nbsp;uart1_puts
<LI><a href="#[debe60]">&gt;&gt;</a>&nbsp;&nbsp;&nbsp;intGsm
<LI><a href="#[debf14]">&gt;&gt;</a>&nbsp;&nbsp;&nbsp;gprs_intil
</UL>

<P><STRONG><a name="[deb410]"></a>uart1_puts</STRONG> (ARM, 36 bytes, Stack size 0 bytes, serial.o(.text))
<BR><BR>[Calls]<UL><LI><a href="#[deb44c]">&gt;&gt;</a>&nbsp;&nbsp;&nbsp;uart1_putc
</UL>
<BR>[Called By]<UL><LI><a href="#[deb104]">&gt;&gt;</a>&nbsp;&nbsp;&nbsp;gprs_send
<LI><a href="#[deb140]">&gt;&gt;</a>&nbsp;&nbsp;&nbsp;deleteSms
<LI><a href="#[deb1b8]">&gt;&gt;</a>&nbsp;&nbsp;&nbsp;getSMS
<LI><a href="#[deb1f4]">&gt;&gt;</a>&nbsp;&nbsp;&nbsp;sendSMS
<LI><a href="#[debe60]">&gt;&gt;</a>&nbsp;&nbsp;&nbsp;intGsm
<LI><a href="#[debf14]">&gt;&gt;</a>&nbsp;&nbsp;&nbsp;gprs_intil
</UL>

<P><STRONG><a name="[deb398]"></a>uart0_putc</STRONG> (ARM, 32 bytes, Stack size 0 bytes, serial.o(.text), UNUSED)
<BR><BR>[Called By]<UL><LI><a href="#[deb35c]">&gt;&gt;</a>&nbsp;&nbsp;&nbsp;uart0_puts
</UL>

<P><STRONG><a name="[deb35c]"></a>uart0_puts</STRONG> (ARM, 36 bytes, Stack size 0 bytes, serial.o(.text), UNUSED)
<BR><BR>[Calls]<UL><LI><a href="#[deb398]">&gt;&gt;</a>&nbsp;&nbsp;&nbsp;uart0_putc
</UL>

<P><STRONG><a name="[deb230]"></a>recvResponse</STRONG> (ARM, 64 bytes, Stack size 0 bytes, gsm.o(.text))
<BR><BR>[Calls]<UL><LI><a href="#[deb488]">&gt;&gt;</a>&nbsp;&nbsp;&nbsp;uart1_getkey
</UL>
<BR>[Called By]<UL><LI><a href="#[deb104]">&gt;&gt;</a>&nbsp;&nbsp;&nbsp;gprs_send
<LI><a href="#[deb140]">&gt;&gt;</a>&nbsp;&nbsp;&nbsp;deleteSms
<LI><a href="#[deb1f4]">&gt;&gt;</a>&nbsp;&nbsp;&nbsp;sendSMS
<LI><a href="#[debe60]">&gt;&gt;</a>&nbsp;&nbsp;&nbsp;intGsm
<LI><a href="#[debf14]">&gt;&gt;</a>&nbsp;&nbsp;&nbsp;gprs_intil
</UL>

<P><STRONG><a name="[debe60]"></a>intGsm</STRONG> (ARM, 136 bytes, Stack size 0 bytes, gsm.o(.text))
<BR><BR>[Calls]<UL><LI><a href="#[deb230]">&gt;&gt;</a>&nbsp;&nbsp;&nbsp;recvResponse
<LI><a href="#[deb410]">&gt;&gt;</a>&nbsp;&nbsp;&nbsp;uart1_puts
<LI><a href="#[deb44c]">&gt;&gt;</a>&nbsp;&nbsp;&nbsp;uart1_putc
<LI><a href="#[debf50]">&gt;&gt;</a>&nbsp;&nbsp;&nbsp;delay
</UL>
<BR>[Called By]<UL><LI><a href="#[dec07c]">&gt;&gt;</a>&nbsp;&nbsp;&nbsp;main
</UL>

<P><STRONG><a name="[deb1f4]"></a>sendSMS</STRONG> (ARM, 192 bytes, Stack size 0 bytes, gsm.o(.text), UNUSED)
<BR><BR>[Calls]<UL><LI><a href="#[deb230]">&gt;&gt;</a>&nbsp;&nbsp;&nbsp;recvResponse
<LI><a href="#[deb410]">&gt;&gt;</a>&nbsp;&nbsp;&nbsp;uart1_puts
<LI><a href="#[deb44c]">&gt;&gt;</a>&nbsp;&nbsp;&nbsp;uart1_putc
<LI><a href="#[deb488]">&gt;&gt;</a>&nbsp;&nbsp;&nbsp;uart1_getkey
</UL>

<P><STRONG><a name="[deb1b8]"></a>getSMS</STRONG> (ARM, 648 bytes, Stack size 0 bytes, gsm.o(.text), UNUSED)
<BR><BR>[Calls]<UL><LI><a href="#[deb410]">&gt;&gt;</a>&nbsp;&nbsp;&nbsp;uart1_puts
<LI><a href="#[deb488]">&gt;&gt;</a>&nbsp;&nbsp;&nbsp;uart1_getkey
</UL>

<P><STRONG><a name="[deb17c]"></a>getGps</STRONG> (ARM, 468 bytes, Stack size 0 bytes, gsm.o(.text))
<BR><BR>[Calls]<UL><LI><a href="#[dead44]">&gt;&gt;</a>&nbsp;&nbsp;&nbsp;strcmp
<LI><a href="#[deb4c4]">&gt;&gt;</a>&nbsp;&nbsp;&nbsp;uart0_getkey
</UL>
<BR>[Called By]<UL><LI><a href="#[debf14]">&gt;&gt;</a>&nbsp;&nbsp;&nbsp;gprs_intil
</UL>

<P><STRONG><a name="[debf14]"></a>gprs_intil</STRONG> (ARM, 368 bytes, Stack size 0 bytes, gsm.o(.text))
<BR><BR>[Calls]<UL><LI><a href="#[deb17c]">&gt;&gt;</a>&nbsp;&nbsp;&nbsp;getGps
<LI><a href="#[deb230]">&gt;&gt;</a>&nbsp;&nbsp;&nbsp;recvResponse
<LI><a href="#[deb410]">&gt;&gt;</a>&nbsp;&nbsp;&nbsp;uart1_puts
<LI><a href="#[deb44c]">&gt;&gt;</a>&nbsp;&nbsp;&nbsp;uart1_putc
<LI><a href="#[debf50]">&gt;&gt;</a>&nbsp;&nbsp;&nbsp;delay
</UL>
<BR>[Called By]<UL><LI><a href="#[dec07c]">&gt;&gt;</a>&nbsp;&nbsp;&nbsp;main
</UL>

<P><STRONG><a name="[deb140]"></a>deleteSms</STRONG> (ARM, 48 bytes, Stack size 0 bytes, gsm.o(.text), UNUSED)
<BR><BR>[Calls]<UL><LI><a href="#[deb230]">&gt;&gt;</a>&nbsp;&nbsp;&nbsp;recvResponse
<LI><a href="#[deb410]">&gt;&gt;</a>&nbsp;&nbsp;&nbsp;uart1_puts
</UL>

<P><STRONG><a name="[deb104]"></a>gprs_send</STRONG> (ARM, 312 bytes, Stack size 0 bytes, gsm.o(.text), UNUSED)
<BR><BR>[Calls]<UL><LI><a href="#[deb230]">&gt;&gt;</a>&nbsp;&nbsp;&nbsp;recvResponse
<LI><a href="#[deb410]">&gt;&gt;</a>&nbsp;&nbsp;&nbsp;uart1_puts
<LI><a href="#[deb44c]">&gt;&gt;</a>&nbsp;&nbsp;&nbsp;uart1_putc
<LI><a href="#[debf50]">&gt;&gt;</a>&nbsp;&nbsp;&nbsp;delay
</UL>

<P><STRONG><a name="[dead44]"></a>strcmp</STRONG> (ARM, 52 bytes, Stack size 0 bytes, strcmp.o(.text))
<BR><BR>[Called By]<UL><LI><a href="#[deb17c]">&gt;&gt;</a>&nbsp;&nbsp;&nbsp;getGps
<LI><a href="#[dec0b8]">&gt;&gt;</a>&nbsp;&nbsp;&nbsp;rfid_compare
<LI><a href="#[dec0f4]">&gt;&gt;</a>&nbsp;&nbsp;&nbsp;cash_handling
</UL>

<P><STRONG><a name="[dea90c]"></a>__scatterload</STRONG> (ARM, 40 bytes, Stack size 0 bytes, init.o(.text))
<BR><BR>[Calls]<UL><LI><a href="#[deaaec]">&gt;&gt;</a>&nbsp;&nbsp;&nbsp;__main_after_scatterload
</UL>
<BR>[Called By]<UL><LI><a href="#[deab28]">&gt;&gt;</a>&nbsp;&nbsp;&nbsp;_main_scatterload
</UL>

<P><STRONG><a name="[dea5c4]"></a>__scatterload_copy</STRONG> (ARM, 24 bytes, Stack size 0 bytes, handlers.o(i.__scatterload_copy), UNUSED)
<BR><BR>[Calls]<UL><LI><a href="#[dea5c4]">&gt;&gt;</a>&nbsp;&nbsp;&nbsp;__scatterload_copy
</UL>
<BR>[Called By]<UL><LI><a href="#[dea5c4]">&gt;&gt;</a>&nbsp;&nbsp;&nbsp;__scatterload_copy
</UL>
<P>
<H3>
Local Symbols
</H3>
<P><STRONG><a name="[dec964]"></a>Undef_Handler</STRONG> (ARM, 4 bytes, Stack size 0 bytes, startup.o(RESET))
<BR><BR>[Calls]<UL><LI><a href="#[dec964]">&gt;&gt;</a>&nbsp;&nbsp;&nbsp;Undef_Handler
</UL>
<BR>[Called By]<UL><LI><a href="#[dec964]">&gt;&gt;</a>&nbsp;&nbsp;&nbsp;Undef_Handler
</UL>
<BR>[Address Reference Count : 1]<UL><LI> startup.o(RESET)
</UL>
<P><STRONG><a name="[dec928]"></a>SWI_Handler</STRONG> (ARM, 4 bytes, Stack size 0 bytes, startup.o(RESET))
<BR><BR>[Calls]<UL><LI><a href="#[dec928]">&gt;&gt;</a>&nbsp;&nbsp;&nbsp;SWI_Handler
</UL>
<BR>[Called By]<UL><LI><a href="#[dec928]">&gt;&gt;</a>&nbsp;&nbsp;&nbsp;SWI_Handler
</UL>
<BR>[Address Reference Count : 1]<UL><LI> startup.o(RESET)
</UL>
<P><STRONG><a name="[dec8ec]"></a>PAbt_Handler</STRONG> (ARM, 4 bytes, Stack size 0 bytes, startup.o(RESET))
<BR><BR>[Calls]<UL><LI><a href="#[dec8ec]">&gt;&gt;</a>&nbsp;&nbsp;&nbsp;PAbt_Handler
</UL>
<BR>[Called By]<UL><LI><a href="#[dec8ec]">&gt;&gt;</a>&nbsp;&nbsp;&nbsp;PAbt_Handler
</UL>
<BR>[Address Reference Count : 1]<UL><LI> startup.o(RESET)
</UL>
<P><STRONG><a name="[dec8b0]"></a>DAbt_Handler</STRONG> (ARM, 4 bytes, Stack size 0 bytes, startup.o(RESET))
<BR><BR>[Calls]<UL><LI><a href="#[dec8b0]">&gt;&gt;</a>&nbsp;&nbsp;&nbsp;DAbt_Handler
</UL>
<BR>[Called By]<UL><LI><a href="#[dec8b0]">&gt;&gt;</a>&nbsp;&nbsp;&nbsp;DAbt_Handler
</UL>
<BR>[Address Reference Count : 1]<UL><LI> startup.o(RESET)
</UL>
<P><STRONG><a name="[dec874]"></a>IRQ_Handler</STRONG> (ARM, 4 bytes, Stack size 0 bytes, startup.o(RESET))
<BR><BR>[Calls]<UL><LI><a href="#[dec874]">&gt;&gt;</a>&nbsp;&nbsp;&nbsp;IRQ_Handler
</UL>
<BR>[Called By]<UL><LI><a href="#[dec874]">&gt;&gt;</a>&nbsp;&nbsp;&nbsp;IRQ_Handler
</UL>
<BR>[Address Reference Count : 1]<UL><LI> startup.o(RESET)
</UL>
<P><STRONG><a name="[dec838]"></a>FIQ_Handler</STRONG> (ARM, 4 bytes, Stack size 0 bytes, startup.o(RESET))
<BR><BR>[Calls]<UL><LI><a href="#[dec838]">&gt;&gt;</a>&nbsp;&nbsp;&nbsp;FIQ_Handler
</UL>
<BR>[Called By]<UL><LI><a href="#[dec838]">&gt;&gt;</a>&nbsp;&nbsp;&nbsp;FIQ_Handler
</UL>
<BR>[Address Reference Count : 1]<UL><LI> startup.o(RESET)
</UL><P>
<H3>
Undefined Global Symbols
</H3><HR></body></html>
