ARM Linker, RVCT4.0 [Build 728] [Evaluation]

==============================================================================

Section Cross References

    startup.o(RESET) refers to startup.o(STACK) for Stack_Top
    startup.o(RESET) refers to entry.o(.ARM.Collect$$$$00000000) for __main
    uarttest.o(.text) refers to delay.o(.text) for delay
    uarttest.o(.text) refers to gsm.o(.text) for getSMS
    uarttest.o(.text) refers to strcmp.o(.text) for strcmp
    uarttest.o(.text) refers to lcd.o(.text) for lcd_command_write
    uarttest.o(.text) refers to uarttest.o(.data) for keyboard
    uarttest.o(.text) refers to uarttest.o(.bss) for sms_dataa
    uarttest.o(.text) refers to irq.o(.text) for init_VIC
    uarttest.o(.text) refers to uart.o(.text) for UARTInit
    uarttest.o(.text) refers to serial.o(.text) for uart1_init
    uarttest.o(.text) refers to uart.o(.bss) for UART0Buffer
    uarttest.o(.text) refers to uart.o(.data) for UART0Count
    uart.o(.text) refers to irq.o(.text) for install_irq
    uart.o(.text) refers to uart.o(.data) for .data
    uart.o(.text) refers to uart.o(.bss) for UART0Buffer
    gsm.o(.text) refers to serial.o(.text) for uart1_getkey
    gsm.o(.text) refers to delay.o(.text) for delay
    gsm.o(.text) refers to lcd.o(.text) for lcd_command_write
    gsm.o(.text) refers to gsm.o(.bss) for sms_dat
    gsm.o(.text) refers to gsm.o(.data) for d
    gsm.o(.text) refers to strcpy.o(.text) for strcpy
    gsm.o(.text) refers to strcat.o(.text) for strcat
    entry.o(.ARM.Collect$$$$00000000) refers (Special) to entry7.o(.ARM.Collect$$$$00000007) for _main_init
    entry.o(.ARM.Collect$$$$00000000) refers (Special) to entry5.o(.ARM.Collect$$$$00000004) for _main_scatterload
    entry.o(.ARM.Collect$$$$00000000) refers (Special) to entry2.o(.ARM.Collect$$$$00000001) for _main_stk
    entry2.o(.ARM.Collect$$$$00000001) refers to entry2.o(.ARM.Collect$$$$00002712) for __lit__00000000
    entry2.o(.ARM.Collect$$$$00002712) refers to startup.o(STACK) for __initial_sp
    entry5.o(.ARM.Collect$$$$00000004) refers to init.o(.text) for __scatterload
    entry7.o(.ARM.Collect$$$$00000007) refers to uarttest.o(.text) for main
    init.o(.text) refers to entry5.o(.ARM.Collect$$$$00000004) for __main_after_scatterload


==============================================================================

Removing Unused input sections from the image.

    Removing startup.o(HEAP), (0 bytes).
    Removing irq.o(.data), (4 bytes).

2 unused section(s) (total 4 bytes) removed from the image.

==============================================================================

Image Symbol Table

    Local Symbols

    Symbol Name                              Value     Ov Type        Size  Object(Section)

    RESET                                    0x00000000   Section      264  startup.o(RESET)
    ../../microlib/init/entry.s              0x00000000   Number         0  entry7.o ABSOLUTE
    ../../microlib/init/entry.s              0x00000000   Number         0  entry5.o ABSOLUTE
    ../../microlib/init/entry.s              0x00000000   Number         0  entry2.o ABSOLUTE
    ../../microlib/init/entry.s              0x00000000   Number         0  entry.o ABSOLUTE
    ../../microlib/string/strcat.c           0x00000000   Number         0  strcat.o ABSOLUTE
    ../../microlib/string/strcmp.c           0x00000000   Number         0  strcmp.o ABSOLUTE
    ../../microlib/string/strcpy.c           0x00000000   Number         0  strcpy.o ABSOLUTE
    ..\Common\src\Startup.s                  0x00000000   Number         0  startup.o ABSOLUTE
    ..\Common\src\irq.c                      0x00000000   Number         0  irq.o ABSOLUTE
    Serial.c                                 0x00000000   Number         0  serial.o ABSOLUTE
    dc.s                                     0x00000000   Number         0  dc.o ABSOLUTE
    delay.c                                  0x00000000   Number         0  delay.o ABSOLUTE
    gsm.c                                    0x00000000   Number         0  gsm.o ABSOLUTE
    handlers.s                               0x00000000   Number         0  handlers.o ABSOLUTE
    init.s                                   0x00000000   Number         0  init.o ABSOLUTE
    lcd.c                                    0x00000000   Number         0  lcd.o ABSOLUTE
    uart.c                                   0x00000000   Number         0  uart.o ABSOLUTE
    uarttest.c                               0x00000000   Number         0  uarttest.o ABSOLUTE
    Undef_Handler                            0x00000040   ARM Code       4  startup.o(RESET)
    SWI_Handler                              0x00000044   ARM Code       4  startup.o(RESET)
    PAbt_Handler                             0x00000048   ARM Code       4  startup.o(RESET)
    DAbt_Handler                             0x0000004c   ARM Code       4  startup.o(RESET)
    IRQ_Handler                              0x00000050   ARM Code       4  startup.o(RESET)
    FIQ_Handler                              0x00000054   ARM Code       4  startup.o(RESET)
    .ARM.Collect$$$$00000000                 0x00000108   Section        0  entry.o(.ARM.Collect$$$$00000000)
    .ARM.Collect$$$$00000001                 0x00000108   Section        4  entry2.o(.ARM.Collect$$$$00000001)
    .ARM.Collect$$$$00000004                 0x0000010c   Section        4  entry5.o(.ARM.Collect$$$$00000004)
    .ARM.Collect$$$$00000007                 0x00000110   Section       12  entry7.o(.ARM.Collect$$$$00000007)
    .ARM.Collect$$$$00002712                 0x0000011c   Section        4  entry2.o(.ARM.Collect$$$$00002712)
    __lit__00000000                          0x0000011c   Data           4  entry2.o(.ARM.Collect$$$$00002712)
    .text                                    0x00000120   Section        0  uarttest.o(.text)
    .text                                    0x00000d44   Section        0  uart.o(.text)
    .text                                    0x00001248   Section        0  irq.o(.text)
    .text                                    0x000013d0   Section        0  lcd.o(.text)
    .text                                    0x000017a0   Section        0  delay.o(.text)
    .text                                    0x000017dc   Section        0  serial.o(.text)
    .text                                    0x00001960   Section        0  gsm.o(.text)
    .text                                    0x0000227c   Section        0  strcat.o(.text)
    .text                                    0x000022a8   Section        0  strcmp.o(.text)
    .text                                    0x000022dc   Section        0  strcpy.o(.text)
    .text                                    0x000022f8   Section       48  init.o(.text)
    i.__scatterload_copy                     0x00002328   Section       24  handlers.o(i.__scatterload_copy)
    i.__scatterload_null                     0x00002340   Section        4  handlers.o(i.__scatterload_null)
    i.__scatterload_zeroinit                 0x00002344   Section       24  handlers.o(i.__scatterload_zeroinit)
    .data                                    0x40000000   Section       46  uarttest.o(.data)
    sysreg                                   0x40000024   Data           4  uarttest.o(.data)
    .data                                    0x40000030   Section       28  uart.o(.data)
    sysreg                                   0x40000040   Data           4  uart.o(.data)
    .data                                    0x4000004c   Section        7  gsm.o(.data)
    .bss                                     0x40000054   Section      259  uarttest.o(.bss)
    .bss                                     0x40000157   Section       32  uart.o(.bss)
    .bss                                     0x40000177   Section      295  gsm.o(.bss)
    STACK                                    0x400002a0   Section     1160  startup.o(STACK)
    Stack_Top                                0x40000728   Data           0  startup.o(STACK)

    Global Symbols

    Symbol Name                              Value     Ov Type        Size  Object(Section)

    BuildAttributes$$ARM_ISAv4$S$PE$A:L22$X:L11$S22$IEEE1$~IW$USESV6$~STKCKD$USESV7$~SHL$OSPACE$EBA8$MICROLIB$REQ8$PRES8$EABIv2 0x00000000   Number         0  anon$$obj.o ABSOLUTE
    __ARM_use_no_argv                        0x00000000   Number         0  uarttest.o ABSOLUTE
    __decompress                              - Undefined Weak Reference
    Reset_Handler                            0x00000058   ARM Code       0  startup.o(RESET)
    __main                                   0x00000108   ARM Code       0  entry.o(.ARM.Collect$$$$00000000)
    _main_stk                                0x00000108   ARM Code       0  entry2.o(.ARM.Collect$$$$00000001)
    _main_scatterload                        0x0000010c   ARM Code       0  entry5.o(.ARM.Collect$$$$00000004)
    __main_after_scatterload                 0x00000110   ARM Code       0  entry5.o(.ARM.Collect$$$$00000004)
    _main_init                               0x00000110   ARM Code       0  entry7.o(.ARM.Collect$$$$00000007)
    init_key                                 0x00000120   ARM Code      32  uarttest.o(.text)
    scan_row                                 0x00000140   ARM Code     376  uarttest.o(.text)
    scan_row4                                0x000002b8   ARM Code      56  uarttest.o(.text)
    scan_row3                                0x000002f0   ARM Code      56  uarttest.o(.text)
    scan_row2                                0x00000328   ARM Code      56  uarttest.o(.text)
    scan_row1                                0x00000360   ARM Code      56  uarttest.o(.text)
    scan_key                                 0x00000398   ARM Code      32  uarttest.o(.text)
    recivecontr_balance                      0x000003b8   ARM Code     132  uarttest.o(.text)
    cash_handling                            0x0000043c   ARM Code     804  uarttest.o(.text)
    rfid_compare                             0x00000760   ARM Code     132  uarttest.o(.text)
    main                                     0x000007e4   ARM Code    1096  uarttest.o(.text)
    account_cash                             0x00000c2c   ARM Code     268  uarttest.o(.text)
    UART0Handler                             0x00000d44   ARM Code     384  uart.o(.text)
    UART1Handler                             0x00000ec4   ARM Code     384  uart.o(.text)
    UARTInit                                 0x00001044   ARM Code     296  uart.o(.text)
    UARTSend                                 0x0000116c   ARM Code     172  uart.o(.text)
    DefaultVICHandler                        0x00001248   ARM Code      20  irq.o(.text)
    init_VIC                                 0x0000125c   ARM Code      92  irq.o(.text)
    install_irq                              0x000012b8   ARM Code     132  irq.o(.text)
    uninstall_irq                            0x0000133c   ARM Code     144  irq.o(.text)
    delay1                                   0x000013d0   ARM Code      52  lcd.o(.text)
    Msdelay                                  0x00001404   ARM Code      56  lcd.o(.text)
    del                                      0x0000143c   ARM Code      40  lcd.o(.text)
    lcd_command_write                        0x00001464   ARM Code     216  lcd.o(.text)
    set_lcd_port_output                      0x0000153c   ARM Code      56  lcd.o(.text)
    lcd_clear                                0x00001574   ARM Code      16  lcd.o(.text)
    lcd_gotoxy                               0x00001584   ARM Code      92  lcd.o(.text)
    lcd_data_write                           0x000015e0   ARM Code     164  lcd.o(.text)
    lcd_putchar                              0x00001684   ARM Code      20  lcd.o(.text)
    lcd_putstring                            0x00001698   ARM Code     156  lcd.o(.text)
    init_lcd                                 0x00001734   ARM Code      56  lcd.o(.text)
    test_cmd                                 0x0000176c   ARM Code      40  lcd.o(.text)
    delay                                    0x000017a0   ARM Code      56  delay.o(.text)
    sendchar                                 0x000017dc   ARM Code      80  serial.o(.text)
    uart0_getkey                             0x0000182c   ARM Code      32  serial.o(.text)
    uart1_getkey                             0x0000184c   ARM Code      32  serial.o(.text)
    uart1_init                               0x0000186c   ARM Code      52  serial.o(.text)
    uart1_putc                               0x000018a0   ARM Code      32  serial.o(.text)
    uart1_puts                               0x000018c0   ARM Code      36  serial.o(.text)
    uart0_init                               0x000018e4   ARM Code      44  serial.o(.text)
    uart0_putc                               0x00001910   ARM Code      32  serial.o(.text)
    uart0_puts                               0x00001930   ARM Code      36  serial.o(.text)
    recvResponse                             0x00001960   ARM Code      64  gsm.o(.text)
    intGsm                                   0x000019a0   ARM Code     136  gsm.o(.text)
    sendSMS                                  0x00001a28   ARM Code     192  gsm.o(.text)
    getSMS                                   0x00001ae8   ARM Code     648  gsm.o(.text)
    deleteSms                                0x00001d70   ARM Code      48  gsm.o(.text)
    recivecontr                              0x00001da0   ARM Code      60  gsm.o(.text)
    gprs_intil                               0x00001ddc   ARM Code    1084  gsm.o(.text)
    strcat                                   0x0000227c   ARM Code      44  strcat.o(.text)
    strcmp                                   0x000022a8   ARM Code      52  strcmp.o(.text)
    strcpy                                   0x000022dc   ARM Code      28  strcpy.o(.text)
    __scatterload                            0x000022f8   ARM Code      40  init.o(.text)
    __scatterload_rt2                        0x000022f8   ARM Code       0  init.o(.text)
    __scatterload_copy                       0x00002328   ARM Code      24  handlers.o(i.__scatterload_copy)
    __scatterload_null                       0x00002340   ARM Code       4  handlers.o(i.__scatterload_null)
    __scatterload_zeroinit                   0x00002344   ARM Code      24  handlers.o(i.__scatterload_zeroinit)
    Region$$Table$$Base                      0x0000235c   Number         0  anon$$obj.o(Region$$Table)
    Region$$Table$$Limit                     0x0000237c   Number         0  anon$$obj.o(Region$$Table)
    keyboard                                 0x40000000   Data          16  uarttest.o(.data)
    keypressed                               0x40000010   Data           1  uarttest.o(.data)
    key                                      0x40000011   Data           1  uarttest.o(.data)
    key_num                                  0x40000014   Data           4  uarttest.o(.data)
    m                                        0x40000018   Data           4  uarttest.o(.data)
    l                                        0x4000001c   Data           4  uarttest.o(.data)
    z                                        0x40000020   Data           4  uarttest.o(.data)
    keybuf                                   0x40000028   Data           6  uarttest.o(.data)
    UART0TxEmpty                             0x40000030   Data           1  uart.o(.data)
    UART0Count                               0x40000034   Data           4  uart.o(.data)
    UART1TxEmpty                             0x40000038   Data           1  uart.o(.data)
    UART1Count                               0x4000003c   Data           4  uart.o(.data)
    UART0Status                              0x40000044   Data           4  uart.o(.data)
    UART1Status                              0x40000048   Data           4  uart.o(.data)
    k                                        0x4000004c   Data           4  gsm.o(.data)
    zx                                       0x40000050   Data           1  gsm.o(.data)
    d                                        0x40000051   Data           1  gsm.o(.data)
    gprs_temp                                0x40000052   Data           1  gsm.o(.data)
    buff                                     0x40000054   Data          10  uarttest.o(.bss)
    amountbuf                                0x4000005e   Data          20  uarttest.o(.bss)
    amountbuf1                               0x40000072   Data          40  uarttest.o(.bss)
    sms_dataa                                0x4000009a   Data         189  uarttest.o(.bss)
    UART0Buffer                              0x40000157   Data          16  uart.o(.bss)
    UART1Buffer                              0x40000167   Data          16  uart.o(.bss)
    sms_dat                                  0x40000177   Data         189  gsm.o(.bss)
    balance_buff                             0x40000234   Data          50  gsm.o(.bss)
    gpsdata                                  0x40000266   Data          56  gsm.o(.bss)
    __initial_sp                             0x400006a0   Data         136  startup.o(STACK)



==============================================================================

Memory Map of the image

  Image Entry point : 0x00000108

  Load Region LR_IROM1 (Base: 0x00000000, Size: 0x000023d0, Max: 0x00080000, ABSOLUTE)

    Execution Region ER_IROM1 (Base: 0x00000000, Size: 0x0000237c, Max: 0x00080000, ABSOLUTE)

    Base Addr    Size         Type   Attr      Idx    E Section Name        Object

    0x00000000   0x00000108   Code   RO            3    RESET               startup.o
    0x00000108   0x00000000   Code   RO          142  * .ARM.Collect$$$$00000000  entry.o(mc_4.l)
    0x00000108   0x00000004   Code   RO          151    .ARM.Collect$$$$00000001  entry2.o(mc_4.l)
    0x0000010c   0x00000004   Code   RO          153    .ARM.Collect$$$$00000004  entry5.o(mc_4.l)
    0x00000110   0x0000000c   Code   RO          154    .ARM.Collect$$$$00000007  entry7.o(mc_4.l)
    0x0000011c   0x00000004   Code   RO          152    .ARM.Collect$$$$00002712  entry2.o(mc_4.l)
    0x00000120   0x00000c24   Code   RO            8    .text               uarttest.o
    0x00000d44   0x00000504   Code   RO           51    .text               uart.o
    0x00001248   0x00000188   Code   RO           67    .text               irq.o
    0x000013d0   0x000003d0   Code   RO           84    .text               lcd.o
    0x000017a0   0x0000003c   Code   RO           96    .text               delay.o
    0x000017dc   0x00000184   Code   RO          108    .text               serial.o
    0x00001960   0x0000091c   Code   RO          123    .text               gsm.o
    0x0000227c   0x0000002c   Code   RO          145    .text               strcat.o(mc_4.l)
    0x000022a8   0x00000034   Code   RO          147    .text               strcmp.o(mc_4.l)
    0x000022dc   0x0000001c   Code   RO          149    .text               strcpy.o(mc_4.l)
    0x000022f8   0x00000030   Code   RO          155    .text               init.o(mc_4.l)
    0x00002328   0x00000018   Code   RO          159    i.__scatterload_copy  handlers.o(mc_4.l)
    0x00002340   0x00000004   Code   RO          160    i.__scatterload_null  handlers.o(mc_4.l)
    0x00002344   0x00000018   Code   RO          161    i.__scatterload_zeroinit  handlers.o(mc_4.l)
    0x0000235c   0x00000020   Data   RO          157    Region$$Table       anon$$obj.o


    Execution Region RW_IRAM1 (Base: 0x40000000, Size: 0x00000728, Max: 0x00008000, ABSOLUTE)

    Base Addr    Size         Type   Attr      Idx    E Section Name        Object

    0x40000000   0x0000002e   Data   RW           10    .data               uarttest.o
    0x4000002e   0x00000002   PAD
    0x40000030   0x0000001c   Data   RW           53    .data               uart.o
    0x4000004c   0x00000007   Data   RW          125    .data               gsm.o
    0x40000053   0x00000001   PAD
    0x40000054   0x00000103   Zero   RW            9    .bss                uarttest.o
    0x40000157   0x00000020   Zero   RW           52    .bss                uart.o
    0x40000177   0x00000127   Zero   RW          124    .bss                gsm.o
    0x4000029e   0x00000002   PAD
    0x400002a0   0x00000488   Zero   RW            1    STACK               startup.o


==============================================================================

Image component sizes


      Code (inc. data)   RO Data    RW Data    ZI Data      Debug   Object Name

        60          4          0          0          0        436   delay.o
      2332        480          0          7        295       3742   gsm.o
       392          4          0          0          0       1647   irq.o
       976         12          0          0          0       2715   lcd.o
       388         12          0          0          0       1655   serial.o
       264         48          0          0       1160        316   startup.o
      1284         48          0         28         32       2528   uart.o
      3108        424          0         46        259       6853   uarttest.o

    ----------------------------------------------------------------------
      8804       1032         32         84       1748      19892   Object Totals
         0          0         32          0          0          0   (incl. Generated)
         0          0          0          3          2          0   (incl. Padding)

    ----------------------------------------------------------------------

      Code (inc. data)   RO Data    RW Data    ZI Data      Debug   Library Member Name

         0          0          0          0          0          0   entry.o
         8          4          0          0          0          0   entry2.o
         4          0          0          0          0          0   entry5.o
        12          4          0          0          0          0   entry7.o
        52          0          0          0          0          0   handlers.o
        48          8          0          0          0         68   init.o
        44          0          0          0          0         68   strcat.o
        52          0          0          0          0         68   strcmp.o
        28          0          0          0          0         68   strcpy.o

    ----------------------------------------------------------------------
       248         16          0          0          0        272   Library Totals
         0          0          0          0          0          0   (incl. Padding)

    ----------------------------------------------------------------------

      Code (inc. data)   RO Data    RW Data    ZI Data      Debug   Library Name

       248         16          0          0          0        272   mc_4.l

    ----------------------------------------------------------------------
       248         16          0          0          0        272   Library Totals

    ----------------------------------------------------------------------

==============================================================================


      Code (inc. data)   RO Data    RW Data    ZI Data      Debug   

      9052       1048         32         84       1748      19564   Grand Totals
      9052       1048         32         84       1748      19564   ELF Image Totals
      9052       1048         32         84          0          0   ROM Totals

==============================================================================

    Total RO  Size (Code + RO Data)                 9084 (   8.87kB)
    Total RW  Size (RW Data + ZI Data)              1832 (   1.79kB)
    Total ROM Size (Code + RO Data + RW Data)       9168 (   8.95kB)

==============================================================================

