ARM Linker, 4.1 [Build 894] [Evaluation]

==============================================================================

Section Cross References

    startup.o(RESET) refers to startup.o(STACK) for Stack_Top
    startup.o(RESET) refers to entry.o(.ARM.Collect$$$$00000000) for __main
    uarttest.o(.text) refers to delay.o(.text) for delay
    uarttest.o(.text) refers to lcd.o(.text) for lcd_command_write
    uarttest.o(.text) refers to strcmp.o(.text) for strcmp
    uarttest.o(.text) refers to gsm.o(.text) for gprs_intil
    uarttest.o(.text) refers to uarttest.o(.data) for keyboard
    uarttest.o(.text) refers to uarttest.o(.bss) for amountbuf
    uarttest.o(.text) refers to irq.o(.text) for init_VIC
    uarttest.o(.text) refers to uart.o(.text) for UARTInit
    uarttest.o(.text) refers to serial.o(.text) for uart1_init
    uarttest.o(.text) refers to uart.o(.bss) for UART0Buffer
    uarttest.o(.text) refers to uart.o(.data) for UART0Count
    uart.o(.text) refers to irq.o(.text) for install_irq
    uart.o(.text) refers to uart.o(.data) for sysreg
    uart.o(.text) refers to uart.o(.bss) for UART0Buffer
    gsm.o(.text) refers to serial.o(.text) for uart1_getkey
    gsm.o(.text) refers to delay.o(.text) for delay
    gsm.o(.text) refers to lcd.o(.text) for lcd_command_write
    gsm.o(.text) refers to gsm.o(.bss) for sms_dat
    gsm.o(.text) refers to gsm.o(.data) for d
    entry.o(.ARM.Collect$$$$00000000) refers (Special) to entry7b.o(.ARM.Collect$$$$00000008) for _main_clock
    entry.o(.ARM.Collect$$$$00000000) refers (Special) to entry8.o(.ARM.Collect$$$$00000009) for _main_init
    entry.o(.ARM.Collect$$$$00000000) refers (Special) to entry5.o(.ARM.Collect$$$$00000004) for _main_scatterload
    entry.o(.ARM.Collect$$$$00000000) refers (Special) to entry2.o(.ARM.Collect$$$$00000001) for _main_stk
    entry2.o(.ARM.Collect$$$$00000001) refers to entry2.o(.ARM.Collect$$$$00002712) for __lit__00000000
    entry2.o(.ARM.Collect$$$$00002712) refers to startup.o(STACK) for __initial_sp
    entry5.o(.ARM.Collect$$$$00000004) refers to init.o(.text) for __scatterload
    entry8.o(.ARM.Collect$$$$00000009) refers to uarttest.o(.text) for main
    init.o(.text) refers to entry5.o(.ARM.Collect$$$$00000004) for __main_after_scatterload


==============================================================================

Removing Unused input sections from the image.

    Removing startup.o(HEAP), (0 bytes).
    Removing irq.o(.data), (4 bytes).

2 unused section(s) (total 4 bytes) removed from the image.

==============================================================================

Image Symbol Table

    Local Symbols

    Symbol Name                              Value     Ov Type        Size  Object(Section)

    RESET                                    0x00000000   Section      264  startup.o(RESET)
    ../../microlib/init/entry.s              0x00000000   Number         0  entry8.o ABSOLUTE
    ../../microlib/init/entry.s              0x00000000   Number         0  entry7b.o ABSOLUTE
    ../../microlib/init/entry.s              0x00000000   Number         0  entry7a.o ABSOLUTE
    ../../microlib/init/entry.s              0x00000000   Number         0  entry5.o ABSOLUTE
    ../../microlib/init/entry.s              0x00000000   Number         0  entry2.o ABSOLUTE
    ../../microlib/init/entry.s              0x00000000   Number         0  entry.o ABSOLUTE
    ../../microlib/string/strcmp.c           0x00000000   Number         0  strcmp.o ABSOLUTE
    ..\Common\src\Startup.s                  0x00000000   Number         0  startup.o ABSOLUTE
    ..\Common\src\irq.c                      0x00000000   Number         0  irq.o ABSOLUTE
    Serial.c                                 0x00000000   Number         0  serial.o ABSOLUTE
    dc.s                                     0x00000000   Number         0  dc.o ABSOLUTE
    delay.c                                  0x00000000   Number         0  delay.o ABSOLUTE
    gsm.c                                    0x00000000   Number         0  gsm.o ABSOLUTE
    handlers.s                               0x00000000   Number         0  handlers.o ABSOLUTE
    init.s                                   0x00000000   Number         0  init.o ABSOLUTE
    lcd.c                                    0x00000000   Number         0  lcd.o ABSOLUTE
    uart.c                                   0x00000000   Number         0  uart.o ABSOLUTE
    uarttest.c                               0x00000000   Number         0  uarttest.o ABSOLUTE
    Undef_Handler                            0x00000040   ARM Code       4  startup.o(RESET)
    SWI_Handler                              0x00000044   ARM Code       4  startup.o(RESET)
    PAbt_Handler                             0x00000048   ARM Code       4  startup.o(RESET)
    DAbt_Handler                             0x0000004c   ARM Code       4  startup.o(RESET)
    IRQ_Handler                              0x00000050   ARM Code       4  startup.o(RESET)
    FIQ_Handler                              0x00000054   ARM Code       4  startup.o(RESET)
    .ARM.Collect$$$$00000000                 0x00000108   Section        0  entry.o(.ARM.Collect$$$$00000000)
    .ARM.Collect$$$$00000001                 0x00000108   Section        4  entry2.o(.ARM.Collect$$$$00000001)
    .ARM.Collect$$$$00000004                 0x0000010c   Section        4  entry5.o(.ARM.Collect$$$$00000004)
    .ARM.Collect$$$$00000008                 0x00000110   Section        0  entry7b.o(.ARM.Collect$$$$00000008)
    .ARM.Collect$$$$00000009                 0x00000110   Section       12  entry8.o(.ARM.Collect$$$$00000009)
    .ARM.Collect$$$$00002712                 0x0000011c   Section        4  entry2.o(.ARM.Collect$$$$00002712)
    __lit__00000000                          0x0000011c   Data           4  entry2.o(.ARM.Collect$$$$00002712)
    .text                                    0x00000120   Section        0  uarttest.o(.text)
    .text                                    0x00000bc0   Section        0  uart.o(.text)
    .text                                    0x000010cc   Section        0  irq.o(.text)
    .text                                    0x00001254   Section        0  lcd.o(.text)
    .text                                    0x00001614   Section        0  delay.o(.text)
    .text                                    0x00001650   Section        0  serial.o(.text)
    .text                                    0x000017d4   Section        0  gsm.o(.text)
    .text                                    0x00001fec   Section        0  strcmp.o(.text)
    .text                                    0x0000201c   Section       48  init.o(.text)
    i.__scatterload_copy                     0x0000204c   Section       28  handlers.o(i.__scatterload_copy)
    i.__scatterload_null                     0x00002068   Section        4  handlers.o(i.__scatterload_null)
    i.__scatterload_zeroinit                 0x0000206c   Section       24  handlers.o(i.__scatterload_zeroinit)
    .data                                    0x40000000   Section       46  uarttest.o(.data)
    sysreg                                   0x40000024   Data           4  uarttest.o(.data)
    .data                                    0x40000030   Section       28  uart.o(.data)
    sysreg                                   0x40000040   Data           4  uart.o(.data)
    .data                                    0x4000004c   Section        2  gsm.o(.data)
    .bss                                     0x40000050   Section       70  uarttest.o(.bss)
    .bss                                     0x40000096   Section       32  uart.o(.bss)
    .bss                                     0x400000b6   Section      245  gsm.o(.bss)
    STACK                                    0x400001b0   Section     1160  startup.o(STACK)
    Stack_Top                                0x40000638   Data           0  startup.o(STACK)

    Global Symbols

    Symbol Name                              Value     Ov Type        Size  Object(Section)

    BuildAttributes$$ARM_ISAv4$S$PE$A:L22$X:L11$S22$IEEE1$~IW$USESV6$~STKCKD$USESV7$~SHL$OSPACE$EBA8$MICROLIB$REQ8$PRES8$EABIv2 0x00000000   Number         0  anon$$obj.o ABSOLUTE
    __ARM_use_no_argv                        0x00000000   Number         0  uarttest.o ABSOLUTE
    __decompress                              - Undefined Weak Reference
    _clock_init                               - Undefined Weak Reference
    Reset_Handler                            0x00000058   ARM Code       0  startup.o(RESET)
    __main                                   0x00000108   ARM Code       0  entry.o(.ARM.Collect$$$$00000000)
    _main_stk                                0x00000108   ARM Code       0  entry2.o(.ARM.Collect$$$$00000001)
    _main_scatterload                        0x0000010c   ARM Code       0  entry5.o(.ARM.Collect$$$$00000004)
    __main_after_scatterload                 0x00000110   ARM Code       0  entry5.o(.ARM.Collect$$$$00000004)
    _main_clock                              0x00000110   ARM Code       0  entry7b.o(.ARM.Collect$$$$00000008)
    _main_init                               0x00000110   ARM Code       0  entry8.o(.ARM.Collect$$$$00000009)
    init_key                                 0x00000120   ARM Code      32  uarttest.o(.text)
    scan_row                                 0x00000140   ARM Code     376  uarttest.o(.text)
    scan_row4                                0x000002b8   ARM Code      56  uarttest.o(.text)
    scan_row3                                0x000002f0   ARM Code      56  uarttest.o(.text)
    scan_row2                                0x00000328   ARM Code      56  uarttest.o(.text)
    scan_row1                                0x00000360   ARM Code      56  uarttest.o(.text)
    scan_key                                 0x00000398   ARM Code      32  uarttest.o(.text)
    cash_handling                            0x000003b8   ARM Code     764  uarttest.o(.text)
    rfid_compare                             0x000006b4   ARM Code     132  uarttest.o(.text)
    account_cash                             0x00000738   ARM Code     268  uarttest.o(.text)
    main                                     0x00000844   ARM Code     872  uarttest.o(.text)
    UART0Handler                             0x00000bc0   ARM Code     388  uart.o(.text)
    UART1Handler                             0x00000d44   ARM Code     388  uart.o(.text)
    UARTInit                                 0x00000ec8   ARM Code     296  uart.o(.text)
    UARTSend                                 0x00000ff0   ARM Code     172  uart.o(.text)
    DefaultVICHandler                        0x000010cc   ARM Code      16  irq.o(.text)
    init_VIC                                 0x000010dc   ARM Code      92  irq.o(.text)
    install_irq                              0x00001138   ARM Code     136  irq.o(.text)
    uninstall_irq                            0x000011c0   ARM Code     144  irq.o(.text)
    delay1                                   0x00001254   ARM Code      52  lcd.o(.text)
    Msdelay                                  0x00001288   ARM Code      56  lcd.o(.text)
    del                                      0x000012c0   ARM Code      40  lcd.o(.text)
    lcd_command_write                        0x000012e8   ARM Code     208  lcd.o(.text)
    set_lcd_port_output                      0x000013b8   ARM Code      56  lcd.o(.text)
    lcd_clear                                0x000013f0   ARM Code      16  lcd.o(.text)
    lcd_gotoxy                               0x00001400   ARM Code      92  lcd.o(.text)
    lcd_data_write                           0x0000145c   ARM Code     156  lcd.o(.text)
    lcd_putchar                              0x000014f8   ARM Code      20  lcd.o(.text)
    lcd_putstring                            0x0000150c   ARM Code     156  lcd.o(.text)
    init_lcd                                 0x000015a8   ARM Code      56  lcd.o(.text)
    test_cmd                                 0x000015e0   ARM Code      40  lcd.o(.text)
    delay                                    0x00001614   ARM Code      56  delay.o(.text)
    sendchar                                 0x00001650   ARM Code      80  serial.o(.text)
    uart0_getkey                             0x000016a0   ARM Code      32  serial.o(.text)
    uart1_getkey                             0x000016c0   ARM Code      32  serial.o(.text)
    uart1_init                               0x000016e0   ARM Code      52  serial.o(.text)
    uart1_putc                               0x00001714   ARM Code      32  serial.o(.text)
    uart1_puts                               0x00001734   ARM Code      36  serial.o(.text)
    uart0_init                               0x00001758   ARM Code      44  serial.o(.text)
    uart0_putc                               0x00001784   ARM Code      32  serial.o(.text)
    uart0_puts                               0x000017a4   ARM Code      36  serial.o(.text)
    recvResponse                             0x000017d4   ARM Code      64  gsm.o(.text)
    intGsm                                   0x00001814   ARM Code     136  gsm.o(.text)
    sendSMS                                  0x0000189c   ARM Code     192  gsm.o(.text)
    getSMS                                   0x0000195c   ARM Code     648  gsm.o(.text)
    deleteSms                                0x00001be4   ARM Code      48  gsm.o(.text)
    recivecontr                              0x00001c14   ARM Code      60  gsm.o(.text)
    gprs_intil                               0x00001c50   ARM Code     872  gsm.o(.text)
    strcmp                                   0x00001fec   ARM Code      48  strcmp.o(.text)
    __scatterload                            0x0000201c   ARM Code      40  init.o(.text)
    __scatterload_rt2                        0x0000201c   ARM Code       0  init.o(.text)
    __scatterload_copy                       0x0000204c   ARM Code      28  handlers.o(i.__scatterload_copy)
    __scatterload_null                       0x00002068   ARM Code       4  handlers.o(i.__scatterload_null)
    __scatterload_zeroinit                   0x0000206c   ARM Code      24  handlers.o(i.__scatterload_zeroinit)
    Region$$Table$$Base                      0x00002084   Number         0  anon$$obj.o(Region$$Table)
    Region$$Table$$Limit                     0x000020a4   Number         0  anon$$obj.o(Region$$Table)
    keyboard                                 0x40000000   Data          16  uarttest.o(.data)
    keypressed                               0x40000010   Data           1  uarttest.o(.data)
    key                                      0x40000011   Data           1  uarttest.o(.data)
    key_num                                  0x40000014   Data           4  uarttest.o(.data)
    m                                        0x40000018   Data           4  uarttest.o(.data)
    l                                        0x4000001c   Data           4  uarttest.o(.data)
    z                                        0x40000020   Data           4  uarttest.o(.data)
    keybuf                                   0x40000028   Data           6  uarttest.o(.data)
    UART0TxEmpty                             0x40000030   Data           1  uart.o(.data)
    UART0Count                               0x40000034   Data           4  uart.o(.data)
    UART1TxEmpty                             0x40000038   Data           1  uart.o(.data)
    UART1Count                               0x4000003c   Data           4  uart.o(.data)
    UART0Status                              0x40000044   Data           4  uart.o(.data)
    UART1Status                              0x40000048   Data           4  uart.o(.data)
    zx                                       0x4000004c   Data           1  gsm.o(.data)
    d                                        0x4000004d   Data           1  gsm.o(.data)
    buff                                     0x40000050   Data          10  uarttest.o(.bss)
    amountbuf                                0x4000005a   Data          20  uarttest.o(.bss)
    amountbuf1                               0x4000006e   Data          40  uarttest.o(.bss)
    UART0Buffer                              0x40000096   Data          16  uart.o(.bss)
    UART1Buffer                              0x400000a6   Data          16  uart.o(.bss)
    sms_dat                                  0x400000b6   Data         189  gsm.o(.bss)
    gpsdata                                  0x40000173   Data          56  gsm.o(.bss)
    __initial_sp                             0x400005b0   Data         136  startup.o(STACK)



==============================================================================

Memory Map of the image

  Image Entry point : 0x00000108

  Load Region LR_IROM1 (Base: 0x00000000, Size: 0x000020f4, Max: 0x00080000, ABSOLUTE)

    Execution Region ER_IROM1 (Base: 0x00000000, Size: 0x000020a4, Max: 0x00080000, ABSOLUTE)

    Base Addr    Size         Type   Attr      Idx    E Section Name        Object

    0x00000000   0x00000108   Code   RO            3    RESET               startup.o
    0x00000108   0x00000000   Code   RO          139  * .ARM.Collect$$$$00000000  mc_4.l(entry.o)
    0x00000108   0x00000004   Code   RO          144    .ARM.Collect$$$$00000001  mc_4.l(entry2.o)
    0x0000010c   0x00000004   Code   RO          146    .ARM.Collect$$$$00000004  mc_4.l(entry5.o)
    0x00000110   0x00000000   Code   RO          148    .ARM.Collect$$$$00000008  mc_4.l(entry7b.o)
    0x00000110   0x0000000c   Code   RO          149    .ARM.Collect$$$$00000009  mc_4.l(entry8.o)
    0x0000011c   0x00000004   Code   RO          145    .ARM.Collect$$$$00002712  mc_4.l(entry2.o)
    0x00000120   0x00000aa0   Code   RO            8    .text               uarttest.o
    0x00000bc0   0x0000050c   Code   RO           51    .text               uart.o
    0x000010cc   0x00000188   Code   RO           67    .text               irq.o
    0x00001254   0x000003c0   Code   RO           84    .text               lcd.o
    0x00001614   0x0000003c   Code   RO           96    .text               delay.o
    0x00001650   0x00000184   Code   RO          108    .text               serial.o
    0x000017d4   0x00000818   Code   RO          123    .text               gsm.o
    0x00001fec   0x00000030   Code   RO          142    .text               mc_4.l(strcmp.o)
    0x0000201c   0x00000030   Code   RO          150    .text               mc_4.l(init.o)
    0x0000204c   0x0000001c   Code   RO          154    i.__scatterload_copy  mc_4.l(handlers.o)
    0x00002068   0x00000004   Code   RO          155    i.__scatterload_null  mc_4.l(handlers.o)
    0x0000206c   0x00000018   Code   RO          156    i.__scatterload_zeroinit  mc_4.l(handlers.o)
    0x00002084   0x00000020   Data   RO          152    Region$$Table       anon$$obj.o


    Execution Region RW_IRAM1 (Base: 0x40000000, Size: 0x00000638, Max: 0x00008000, ABSOLUTE)

    Base Addr    Size         Type   Attr      Idx    E Section Name        Object

    0x40000000   0x0000002e   Data   RW           10    .data               uarttest.o
    0x4000002e   0x00000002   PAD
    0x40000030   0x0000001c   Data   RW           53    .data               uart.o
    0x4000004c   0x00000002   Data   RW          125    .data               gsm.o
    0x4000004e   0x00000002   PAD
    0x40000050   0x00000046   Zero   RW            9    .bss                uarttest.o
    0x40000096   0x00000020   Zero   RW           52    .bss                uart.o
    0x400000b6   0x000000f5   Zero   RW          124    .bss                gsm.o
    0x400001ab   0x00000005   PAD
    0x400001b0   0x00000488   Zero   RW            1    STACK               startup.o


==============================================================================

Image component sizes


      Code (inc. data)   RO Data    RW Data    ZI Data      Debug   Object Name

        60          4          0          0          0        436   delay.o
      2072        392          0          2        245       3617   gsm.o
       392          4          0          0          0       1755   irq.o
       960         12          0          0          0       2723   lcd.o
       388         12          0          0          0       1667   serial.o
       264         48          0          0       1160        328   startup.o
      1292         48          0         28         32       2604   uart.o
      2720        352          0         46         70       6471   uarttest.o

    ----------------------------------------------------------------------
      8148        872         32         80       1512      19601   Object Totals
         0          0         32          0          0          0   (incl. Generated)
         0          0          0          4          5          0   (incl. Padding)

    ----------------------------------------------------------------------

      Code (inc. data)   RO Data    RW Data    ZI Data      Debug   Library Member Name

         0          0          0          0          0          0   entry.o
         8          4          0          0          0          0   entry2.o
         4          0          0          0          0          0   entry5.o
         0          0          0          0          0          0   entry7b.o
        12          4          0          0          0          0   entry8.o
        56          0          0          0          0          0   handlers.o
        48          8          0          0          0         68   init.o
        48          0          0          0          0         68   strcmp.o

    ----------------------------------------------------------------------
       176         16          0          0          0        136   Library Totals
         0          0          0          0          0          0   (incl. Padding)

    ----------------------------------------------------------------------

      Code (inc. data)   RO Data    RW Data    ZI Data      Debug   Library Name

       176         16          0          0          0        136   mc_4.l

    ----------------------------------------------------------------------
       176         16          0          0          0        136   Library Totals

    ----------------------------------------------------------------------

==============================================================================


      Code (inc. data)   RO Data    RW Data    ZI Data      Debug   

      8324        888         32         80       1512      19165   Grand Totals
      8324        888         32         80       1512      19165   ELF Image Totals
      8324        888         32         80          0          0   ROM Totals

==============================================================================

    Total RO  Size (Code + RO Data)                 8356 (   8.16kB)
    Total RW  Size (RW Data + ZI Data)              1592 (   1.55kB)
    Total ROM Size (Code + RO Data + RW Data)       8436 (   8.24kB)

==============================================================================

