ARM Linker, RVCT4.0 [Build 728] [Evaluation]

==============================================================================

Section Cross References

    startup.o(RESET) refers to startup.o(STACK) for Stack_Top
    startup.o(RESET) refers to entry.o(.ARM.Collect$$$$00000000) for __main
    uarttest.o(.text) refers to lcd.o(.text) for lcd_putchar
    uarttest.o(.text) refers to gsm.o(.text) for getSMS
    uarttest.o(.text) refers to delay.o(.text) for delay
    uarttest.o(.text) refers to serial.o(.text) for uart1_puts
    uarttest.o(.text) refers to uarttest.o(.bss) for sms_dat
    uarttest.o(.text) refers to uarttest.o(.data) for d
    uarttest.o(.text) refers to strcpy.o(.text) for strcpy
    uarttest.o(.text) refers to strcat.o(.text) for strcat
    uarttest.o(.text) refers to uart.o(.bss) for UART0Buffer
    uarttest.o(.text) refers to uart.o(.data) for UART0Count
    uarttest.o(.text) refers to printfa.o(i.__0sprintf) for __2sprintf
    uarttest.o(.text) refers to irq.o(.text) for init_VIC
    uarttest.o(.text) refers to uart.o(.text) for UARTInit
    uarttest.o(.text) refers to atoi.o(.text) for atoi
    uarttest.o(.text) refers to fflti.o(.text) for __aeabi_i2f
    uarttest.o(.text) refers to f2d.o(.text) for __aeabi_f2d
    uarttest.o(.text) refers to ddiv.o(.text) for __aeabi_ddiv
    uarttest.o(.text) refers to d2f.o(.text) for __aeabi_d2f
    uarttest.o(.text) refers to cdcmple.o(.text) for __aeabi_cdcmple
    uart.o(.text) refers to irq.o(.text) for install_irq
    uart.o(.text) refers to uart.o(.data) for .data
    uart.o(.text) refers to uart.o(.bss) for UART0Buffer
    gsm.o(.text) refers to serial.o(.text) for uart1_getkey
    gsm.o(.text) refers to delay.o(.text) for delay
    entry.o(.ARM.Collect$$$$00000000) refers (Special) to entry7.o(.ARM.Collect$$$$00000007) for _main_init
    entry.o(.ARM.Collect$$$$00000000) refers (Special) to entry5.o(.ARM.Collect$$$$00000004) for _main_scatterload
    entry.o(.ARM.Collect$$$$00000000) refers (Special) to entry2.o(.ARM.Collect$$$$00000001) for _main_stk
    printfb.o(i.__0fprintf$bare) refers to printfb.o(i._printf_core) for _printf_core
    printfb.o(i.__0fprintf$bare) refers to fputc.o(i.fputc) for fputc
    printfb.o(i.__0printf$bare) refers to printfb.o(i._printf_core) for _printf_core
    printfb.o(i.__0printf$bare) refers to fputc.o(i.fputc) for fputc
    printfb.o(i.__0printf$bare) refers to stdout.o(.data) for __stdout
    printfb.o(i.__0snprintf$bare) refers to printfb.o(i._printf_core) for _printf_core
    printfb.o(i.__0snprintf$bare) refers to printfb.o(i._snputc) for _snputc
    printfb.o(i.__0sprintf$bare) refers to printfb.o(i._printf_core) for _printf_core
    printfb.o(i.__0sprintf$bare) refers to printfb.o(i._sputc) for _sputc
    printfb.o(i.__0vfprintf$bare) refers to printfb.o(i._printf_core) for _printf_core
    printfb.o(i.__0vfprintf$bare) refers to fputc.o(i.fputc) for fputc
    printfb.o(i.__0vprintf$bare) refers to printfb.o(i._printf_core) for _printf_core
    printfb.o(i.__0vprintf$bare) refers to fputc.o(i.fputc) for fputc
    printfb.o(i.__0vprintf$bare) refers to stdout.o(.data) for __stdout
    printfb.o(i.__0vsnprintf$bare) refers to printfb.o(i._printf_core) for _printf_core
    printfb.o(i.__0vsnprintf$bare) refers to printfb.o(i._snputc) for _snputc
    printfb.o(i.__0vsprintf$bare) refers to printfb.o(i._printf_core) for _printf_core
    printfb.o(i.__0vsprintf$bare) refers to printfb.o(i._sputc) for _sputc
    printf0.o(i.__0fprintf$0) refers to printf0.o(i._printf_core) for _printf_core
    printf0.o(i.__0fprintf$0) refers to fputc.o(i.fputc) for fputc
    printf0.o(i.__0printf$0) refers to printf0.o(i._printf_core) for _printf_core
    printf0.o(i.__0printf$0) refers to fputc.o(i.fputc) for fputc
    printf0.o(i.__0printf$0) refers to stdout.o(.data) for __stdout
    printf0.o(i.__0snprintf$0) refers to printf0.o(i._printf_core) for _printf_core
    printf0.o(i.__0snprintf$0) refers to printf0.o(i._snputc) for _snputc
    printf0.o(i.__0sprintf$0) refers to printf0.o(i._printf_core) for _printf_core
    printf0.o(i.__0sprintf$0) refers to printf0.o(i._sputc) for _sputc
    printf0.o(i.__0vfprintf$0) refers to printf0.o(i._printf_core) for _printf_core
    printf0.o(i.__0vfprintf$0) refers to fputc.o(i.fputc) for fputc
    printf0.o(i.__0vprintf$0) refers to printf0.o(i._printf_core) for _printf_core
    printf0.o(i.__0vprintf$0) refers to fputc.o(i.fputc) for fputc
    printf0.o(i.__0vprintf$0) refers to stdout.o(.data) for __stdout
    printf0.o(i.__0vsnprintf$0) refers to printf0.o(i._printf_core) for _printf_core
    printf0.o(i.__0vsnprintf$0) refers to printf0.o(i._snputc) for _snputc
    printf0.o(i.__0vsprintf$0) refers to printf0.o(i._printf_core) for _printf_core
    printf0.o(i.__0vsprintf$0) refers to printf0.o(i._sputc) for _sputc
    printf1.o(i.__0fprintf$1) refers to printf1.o(i._printf_core) for _printf_core
    printf1.o(i.__0fprintf$1) refers to fputc.o(i.fputc) for fputc
    printf1.o(i.__0printf$1) refers to printf1.o(i._printf_core) for _printf_core
    printf1.o(i.__0printf$1) refers to fputc.o(i.fputc) for fputc
    printf1.o(i.__0printf$1) refers to stdout.o(.data) for __stdout
    printf1.o(i.__0snprintf$1) refers to printf1.o(i._printf_core) for _printf_core
    printf1.o(i.__0snprintf$1) refers to printf1.o(i._snputc) for _snputc
    printf1.o(i.__0sprintf$1) refers to printf1.o(i._printf_core) for _printf_core
    printf1.o(i.__0sprintf$1) refers to printf1.o(i._sputc) for _sputc
    printf1.o(i.__0vfprintf$1) refers to printf1.o(i._printf_core) for _printf_core
    printf1.o(i.__0vfprintf$1) refers to fputc.o(i.fputc) for fputc
    printf1.o(i.__0vprintf$1) refers to printf1.o(i._printf_core) for _printf_core
    printf1.o(i.__0vprintf$1) refers to fputc.o(i.fputc) for fputc
    printf1.o(i.__0vprintf$1) refers to stdout.o(.data) for __stdout
    printf1.o(i.__0vsnprintf$1) refers to printf1.o(i._printf_core) for _printf_core
    printf1.o(i.__0vsnprintf$1) refers to printf1.o(i._snputc) for _snputc
    printf1.o(i.__0vsprintf$1) refers to printf1.o(i._printf_core) for _printf_core
    printf1.o(i.__0vsprintf$1) refers to printf1.o(i._sputc) for _sputc
    printf1.o(i._printf_core) refers to uidiv.o(.text) for __aeabi_uidivmod
    printf2.o(i.__0fprintf$2) refers to printf2.o(i._printf_core) for _printf_core
    printf2.o(i.__0fprintf$2) refers to fputc.o(i.fputc) for fputc
    printf2.o(i.__0printf$2) refers to printf2.o(i._printf_core) for _printf_core
    printf2.o(i.__0printf$2) refers to fputc.o(i.fputc) for fputc
    printf2.o(i.__0printf$2) refers to stdout.o(.data) for __stdout
    printf2.o(i.__0snprintf$2) refers to printf2.o(i._printf_core) for _printf_core
    printf2.o(i.__0snprintf$2) refers to printf2.o(i._snputc) for _snputc
    printf2.o(i.__0sprintf$2) refers to printf2.o(i._printf_core) for _printf_core
    printf2.o(i.__0sprintf$2) refers to printf2.o(i._sputc) for _sputc
    printf2.o(i.__0vfprintf$2) refers to printf2.o(i._printf_core) for _printf_core
    printf2.o(i.__0vfprintf$2) refers to fputc.o(i.fputc) for fputc
    printf2.o(i.__0vprintf$2) refers to printf2.o(i._printf_core) for _printf_core
    printf2.o(i.__0vprintf$2) refers to fputc.o(i.fputc) for fputc
    printf2.o(i.__0vprintf$2) refers to stdout.o(.data) for __stdout
    printf2.o(i.__0vsnprintf$2) refers to printf2.o(i._printf_core) for _printf_core
    printf2.o(i.__0vsnprintf$2) refers to printf2.o(i._snputc) for _snputc
    printf2.o(i.__0vsprintf$2) refers to printf2.o(i._printf_core) for _printf_core
    printf2.o(i.__0vsprintf$2) refers to printf2.o(i._sputc) for _sputc
    printf3.o(i.__0fprintf$3) refers to printf3.o(i._printf_core) for _printf_core
    printf3.o(i.__0fprintf$3) refers to fputc.o(i.fputc) for fputc
    printf3.o(i.__0printf$3) refers to printf3.o(i._printf_core) for _printf_core
    printf3.o(i.__0printf$3) refers to fputc.o(i.fputc) for fputc
    printf3.o(i.__0printf$3) refers to stdout.o(.data) for __stdout
    printf3.o(i.__0snprintf$3) refers to printf3.o(i._printf_core) for _printf_core
    printf3.o(i.__0snprintf$3) refers to printf3.o(i._snputc) for _snputc
    printf3.o(i.__0sprintf$3) refers to printf3.o(i._printf_core) for _printf_core
    printf3.o(i.__0sprintf$3) refers to printf3.o(i._sputc) for _sputc
    printf3.o(i.__0vfprintf$3) refers to printf3.o(i._printf_core) for _printf_core
    printf3.o(i.__0vfprintf$3) refers to fputc.o(i.fputc) for fputc
    printf3.o(i.__0vprintf$3) refers to printf3.o(i._printf_core) for _printf_core
    printf3.o(i.__0vprintf$3) refers to fputc.o(i.fputc) for fputc
    printf3.o(i.__0vprintf$3) refers to stdout.o(.data) for __stdout
    printf3.o(i.__0vsnprintf$3) refers to printf3.o(i._printf_core) for _printf_core
    printf3.o(i.__0vsnprintf$3) refers to printf3.o(i._snputc) for _snputc
    printf3.o(i.__0vsprintf$3) refers to printf3.o(i._printf_core) for _printf_core
    printf3.o(i.__0vsprintf$3) refers to printf3.o(i._sputc) for _sputc
    printf3.o(i._printf_core) refers to uidiv.o(.text) for __aeabi_uidivmod
    printf4.o(i.__0fprintf$4) refers to printf4.o(i._printf_core) for _printf_core
    printf4.o(i.__0fprintf$4) refers to fputc.o(i.fputc) for fputc
    printf4.o(i.__0printf$4) refers to printf4.o(i._printf_core) for _printf_core
    printf4.o(i.__0printf$4) refers to fputc.o(i.fputc) for fputc
    printf4.o(i.__0printf$4) refers to stdout.o(.data) for __stdout
    printf4.o(i.__0snprintf$4) refers to printf4.o(i._printf_core) for _printf_core
    printf4.o(i.__0snprintf$4) refers to printf4.o(i._snputc) for _snputc
    printf4.o(i.__0sprintf$4) refers to printf4.o(i._printf_core) for _printf_core
    printf4.o(i.__0sprintf$4) refers to printf4.o(i._sputc) for _sputc
    printf4.o(i.__0vfprintf$4) refers to printf4.o(i._printf_core) for _printf_core
    printf4.o(i.__0vfprintf$4) refers to fputc.o(i.fputc) for fputc
    printf4.o(i.__0vprintf$4) refers to printf4.o(i._printf_core) for _printf_core
    printf4.o(i.__0vprintf$4) refers to fputc.o(i.fputc) for fputc
    printf4.o(i.__0vprintf$4) refers to stdout.o(.data) for __stdout
    printf4.o(i.__0vsnprintf$4) refers to printf4.o(i._printf_core) for _printf_core
    printf4.o(i.__0vsnprintf$4) refers to printf4.o(i._snputc) for _snputc
    printf4.o(i.__0vsprintf$4) refers to printf4.o(i._printf_core) for _printf_core
    printf4.o(i.__0vsprintf$4) refers to printf4.o(i._sputc) for _sputc
    printf4.o(i._printf_core) refers to uldiv.o(.text) for __aeabi_uldivmod
    printf5.o(i.__0fprintf$5) refers to printf5.o(i._printf_core) for _printf_core
    printf5.o(i.__0fprintf$5) refers to fputc.o(i.fputc) for fputc
    printf5.o(i.__0printf$5) refers to printf5.o(i._printf_core) for _printf_core
    printf5.o(i.__0printf$5) refers to fputc.o(i.fputc) for fputc
    printf5.o(i.__0printf$5) refers to stdout.o(.data) for __stdout
    printf5.o(i.__0snprintf$5) refers to printf5.o(i._printf_core) for _printf_core
    printf5.o(i.__0snprintf$5) refers to printf5.o(i._snputc) for _snputc
    printf5.o(i.__0sprintf$5) refers to printf5.o(i._printf_core) for _printf_core
    printf5.o(i.__0sprintf$5) refers to printf5.o(i._sputc) for _sputc
    printf5.o(i.__0vfprintf$5) refers to printf5.o(i._printf_core) for _printf_core
    printf5.o(i.__0vfprintf$5) refers to fputc.o(i.fputc) for fputc
    printf5.o(i.__0vprintf$5) refers to printf5.o(i._printf_core) for _printf_core
    printf5.o(i.__0vprintf$5) refers to fputc.o(i.fputc) for fputc
    printf5.o(i.__0vprintf$5) refers to stdout.o(.data) for __stdout
    printf5.o(i.__0vsnprintf$5) refers to printf5.o(i._printf_core) for _printf_core
    printf5.o(i.__0vsnprintf$5) refers to printf5.o(i._snputc) for _snputc
    printf5.o(i.__0vsprintf$5) refers to printf5.o(i._printf_core) for _printf_core
    printf5.o(i.__0vsprintf$5) refers to printf5.o(i._sputc) for _sputc
    printf5.o(i._printf_core) refers to uldiv.o(.text) for __aeabi_uldivmod
    printf6.o(i.__0fprintf$6) refers to printf6.o(i._printf_core) for _printf_core
    printf6.o(i.__0fprintf$6) refers to fputc.o(i.fputc) for fputc
    printf6.o(i.__0printf$6) refers to printf6.o(i._printf_core) for _printf_core
    printf6.o(i.__0printf$6) refers to fputc.o(i.fputc) for fputc
    printf6.o(i.__0printf$6) refers to stdout.o(.data) for __stdout
    printf6.o(i.__0snprintf$6) refers to printf6.o(i._printf_core) for _printf_core
    printf6.o(i.__0snprintf$6) refers to printf6.o(i._snputc) for _snputc
    printf6.o(i.__0sprintf$6) refers to printf6.o(i._printf_core) for _printf_core
    printf6.o(i.__0sprintf$6) refers to printf6.o(i._sputc) for _sputc
    printf6.o(i.__0vfprintf$6) refers to printf6.o(i._printf_core) for _printf_core
    printf6.o(i.__0vfprintf$6) refers to fputc.o(i.fputc) for fputc
    printf6.o(i.__0vprintf$6) refers to printf6.o(i._printf_core) for _printf_core
    printf6.o(i.__0vprintf$6) refers to fputc.o(i.fputc) for fputc
    printf6.o(i.__0vprintf$6) refers to stdout.o(.data) for __stdout
    printf6.o(i.__0vsnprintf$6) refers to printf6.o(i._printf_core) for _printf_core
    printf6.o(i.__0vsnprintf$6) refers to printf6.o(i._snputc) for _snputc
    printf6.o(i.__0vsprintf$6) refers to printf6.o(i._printf_core) for _printf_core
    printf6.o(i.__0vsprintf$6) refers to printf6.o(i._sputc) for _sputc
    printf6.o(i._printf_core) refers to printf6.o(i._printf_pre_padding) for _printf_pre_padding
    printf6.o(i._printf_core) refers to uidiv.o(.text) for __aeabi_uidivmod
    printf6.o(i._printf_core) refers to printf6.o(i._printf_post_padding) for _printf_post_padding
    printf7.o(i.__0fprintf$7) refers to printf7.o(i._printf_core) for _printf_core
    printf7.o(i.__0fprintf$7) refers to fputc.o(i.fputc) for fputc
    printf7.o(i.__0printf$7) refers to printf7.o(i._printf_core) for _printf_core
    printf7.o(i.__0printf$7) refers to fputc.o(i.fputc) for fputc
    printf7.o(i.__0printf$7) refers to stdout.o(.data) for __stdout
    printf7.o(i.__0snprintf$7) refers to printf7.o(i._printf_core) for _printf_core
    printf7.o(i.__0snprintf$7) refers to printf7.o(i._snputc) for _snputc
    printf7.o(i.__0sprintf$7) refers to printf7.o(i._printf_core) for _printf_core
    printf7.o(i.__0sprintf$7) refers to printf7.o(i._sputc) for _sputc
    printf7.o(i.__0vfprintf$7) refers to printf7.o(i._printf_core) for _printf_core
    printf7.o(i.__0vfprintf$7) refers to fputc.o(i.fputc) for fputc
    printf7.o(i.__0vprintf$7) refers to printf7.o(i._printf_core) for _printf_core
    printf7.o(i.__0vprintf$7) refers to fputc.o(i.fputc) for fputc
    printf7.o(i.__0vprintf$7) refers to stdout.o(.data) for __stdout
    printf7.o(i.__0vsnprintf$7) refers to printf7.o(i._printf_core) for _printf_core
    printf7.o(i.__0vsnprintf$7) refers to printf7.o(i._snputc) for _snputc
    printf7.o(i.__0vsprintf$7) refers to printf7.o(i._printf_core) for _printf_core
    printf7.o(i.__0vsprintf$7) refers to printf7.o(i._sputc) for _sputc
    printf7.o(i._printf_core) refers to printf7.o(i._printf_pre_padding) for _printf_pre_padding
    printf7.o(i._printf_core) refers to uldiv.o(.text) for __aeabi_uldivmod
    printf7.o(i._printf_core) refers to printf7.o(i._printf_post_padding) for _printf_post_padding
    printf8.o(i.__0fprintf$8) refers to printf8.o(i._printf_core) for _printf_core
    printf8.o(i.__0fprintf$8) refers to fputc.o(i.fputc) for fputc
    printf8.o(i.__0printf$8) refers to printf8.o(i._printf_core) for _printf_core
    printf8.o(i.__0printf$8) refers to fputc.o(i.fputc) for fputc
    printf8.o(i.__0printf$8) refers to stdout.o(.data) for __stdout
    printf8.o(i.__0snprintf$8) refers to printf8.o(i._printf_core) for _printf_core
    printf8.o(i.__0snprintf$8) refers to printf8.o(i._snputc) for _snputc
    printf8.o(i.__0sprintf$8) refers to printf8.o(i._printf_core) for _printf_core
    printf8.o(i.__0sprintf$8) refers to printf8.o(i._sputc) for _sputc
    printf8.o(i.__0vfprintf$8) refers to printf8.o(i._printf_core) for _printf_core
    printf8.o(i.__0vfprintf$8) refers to fputc.o(i.fputc) for fputc
    printf8.o(i.__0vprintf$8) refers to printf8.o(i._printf_core) for _printf_core
    printf8.o(i.__0vprintf$8) refers to fputc.o(i.fputc) for fputc
    printf8.o(i.__0vprintf$8) refers to stdout.o(.data) for __stdout
    printf8.o(i.__0vsnprintf$8) refers to printf8.o(i._printf_core) for _printf_core
    printf8.o(i.__0vsnprintf$8) refers to printf8.o(i._snputc) for _snputc
    printf8.o(i.__0vsprintf$8) refers to printf8.o(i._printf_core) for _printf_core
    printf8.o(i.__0vsprintf$8) refers to printf8.o(i._sputc) for _sputc
    printf8.o(i._printf_core) refers to printf8.o(i._printf_pre_padding) for _printf_pre_padding
    printf8.o(i._printf_core) refers to uldiv.o(.text) for __aeabi_uldivmod
    printf8.o(i._printf_core) refers to printf8.o(i._printf_post_padding) for _printf_post_padding
    printfa.o(i.__0fprintf) refers (Special) to iusefp.o(.text) for __I$use$fp
    printfa.o(i.__0fprintf) refers to printfa.o(i._printf_core) for _printf_core
    printfa.o(i.__0fprintf) refers to fputc.o(i.fputc) for fputc
    printfa.o(i.__0printf) refers (Special) to iusefp.o(.text) for __I$use$fp
    printfa.o(i.__0printf) refers to printfa.o(i._printf_core) for _printf_core
    printfa.o(i.__0printf) refers to fputc.o(i.fputc) for fputc
    printfa.o(i.__0printf) refers to stdout.o(.data) for __stdout
    printfa.o(i.__0snprintf) refers (Special) to iusefp.o(.text) for __I$use$fp
    printfa.o(i.__0snprintf) refers to printfa.o(i._printf_core) for _printf_core
    printfa.o(i.__0snprintf) refers to printfa.o(i._snputc) for _snputc
    printfa.o(i.__0sprintf) refers (Special) to iusefp.o(.text) for __I$use$fp
    printfa.o(i.__0sprintf) refers to printfa.o(i._printf_core) for _printf_core
    printfa.o(i.__0sprintf) refers to printfa.o(i._sputc) for _sputc
    printfa.o(i.__0vfprintf) refers (Special) to iusefp.o(.text) for __I$use$fp
    printfa.o(i.__0vfprintf) refers to printfa.o(i._printf_core) for _printf_core
    printfa.o(i.__0vfprintf) refers to fputc.o(i.fputc) for fputc
    printfa.o(i.__0vprintf) refers (Special) to iusefp.o(.text) for __I$use$fp
    printfa.o(i.__0vprintf) refers to printfa.o(i._printf_core) for _printf_core
    printfa.o(i.__0vprintf) refers to fputc.o(i.fputc) for fputc
    printfa.o(i.__0vprintf) refers to stdout.o(.data) for __stdout
    printfa.o(i.__0vsnprintf) refers (Special) to iusefp.o(.text) for __I$use$fp
    printfa.o(i.__0vsnprintf) refers to printfa.o(i._printf_core) for _printf_core
    printfa.o(i.__0vsnprintf) refers to printfa.o(i._snputc) for _snputc
    printfa.o(i.__0vsprintf) refers (Special) to iusefp.o(.text) for __I$use$fp
    printfa.o(i.__0vsprintf) refers to printfa.o(i._printf_core) for _printf_core
    printfa.o(i.__0vsprintf) refers to printfa.o(i._sputc) for _sputc
    printfa.o(i._fp_digits) refers (Special) to iusefp.o(.text) for __I$use$fp
    printfa.o(i._fp_digits) refers to dmul.o(.text) for __aeabi_dmul
    printfa.o(i._fp_digits) refers to ddiv.o(.text) for __aeabi_ddiv
    printfa.o(i._fp_digits) refers to cdrcmple.o(.text) for __aeabi_cdrcmple
    printfa.o(i._fp_digits) refers to dadd.o(.text) for __aeabi_dadd
    printfa.o(i._fp_digits) refers to dfixul.o(.text) for __aeabi_d2ulz
    printfa.o(i._fp_digits) refers to uldiv.o(.text) for __aeabi_uldivmod
    printfa.o(i._printf_core) refers (Special) to iusefp.o(.text) for __I$use$fp
    printfa.o(i._printf_core) refers to printfa.o(i._printf_pre_padding) for _printf_pre_padding
    printfa.o(i._printf_core) refers to uldiv.o(.text) for __aeabi_uldivmod
    printfa.o(i._printf_core) refers to printfa.o(i._printf_post_padding) for _printf_post_padding
    printfa.o(i._printf_core) refers to printfa.o(i._fp_digits) for _fp_digits
    printfa.o(i._printf_core) refers to uidiv.o(.text) for __aeabi_uidivmod
    printfa.o(i._printf_post_padding) refers (Special) to iusefp.o(.text) for __I$use$fp
    printfa.o(i._printf_pre_padding) refers (Special) to iusefp.o(.text) for __I$use$fp
    printfa.o(i._snputc) refers (Special) to iusefp.o(.text) for __I$use$fp
    printfa.o(i._sputc) refers (Special) to iusefp.o(.text) for __I$use$fp
    atoi.o(.text) refers to errno.o(i.__aeabi_errno_addr) for __aeabi_errno_addr
    atoi.o(.text) refers to strtol.o(.text) for strtol
    ddiv.o(.text) refers (Special) to iusefp.o(.text) for __I$use$fp
    ddiv.o(.text) refers to depilogue.o(.text) for _double_round
    fflti.o(.text) refers (Special) to iusefp.o(.text) for __I$use$fp
    fflti.o(.text) refers to fepilogue.o(.text) for _float_epilogue
    f2d.o(.text) refers (Special) to iusefp.o(.text) for __I$use$fp
    cdcmple.o(.text) refers (Special) to iusefp.o(.text) for __I$use$fp
    d2f.o(.text) refers (Special) to iusefp.o(.text) for __I$use$fp
    d2f.o(.text) refers to fepilogue.o(.text) for _float_round
    entry2.o(.ARM.Collect$$$$00000001) refers to entry2.o(.ARM.Collect$$$$00002712) for __lit__00000000
    entry2.o(.ARM.Collect$$$$00002712) refers to startup.o(STACK) for __initial_sp
    entry5.o(.ARM.Collect$$$$00000004) refers to init.o(.text) for __scatterload
    entry7.o(.ARM.Collect$$$$00000007) refers to uarttest.o(.text) for main
    fputc.o(i.fputc) refers (Special) to iusesemip.o(.text) for __I$use$semihosting$fputc
    uldiv.o(.text) refers to llushr.o(.text) for __aeabi_llsr
    uldiv.o(.text) refers to llshl.o(.text) for __aeabi_llsl
    errno.o(i.__aeabi_errno_addr) refers to errno.o(.data) for .data
    errno.o(i.__read_errno) refers to errno.o(.data) for .data
    errno.o(i.__set_errno) refers to errno.o(.data) for .data
    strtol.o(.text) refers to ctype_o.o(.text) for __rt_ctype_table
    strtol.o(.text) refers to _strtoul.o(.text) for _strtoul
    strtol.o(.text) refers to errno.o(i.__aeabi_errno_addr) for __aeabi_errno_addr
    depilogue.o(.text) refers to depilogue.o(i.__ARM_clz) for __ARM_clz
    depilogue.o(.text) refers to llshl.o(.text) for __aeabi_llsl
    depilogue.o(.text) refers to llushr.o(.text) for __aeabi_llsr
    dadd.o(.text) refers to llshl.o(.text) for __aeabi_llsl
    dadd.o(.text) refers to llsshr.o(.text) for __aeabi_lasr
    dadd.o(.text) refers to depilogue.o(.text) for _double_epilogue
    dmul.o(.text) refers to depilogue.o(.text) for _double_epilogue
    dfixul.o(.text) refers to llshl.o(.text) for __aeabi_llsl
    dfixul.o(.text) refers to llushr.o(.text) for __aeabi_llsr
    init.o(.text) refers to entry5.o(.ARM.Collect$$$$00000004) for __main_after_scatterload
    ctype_o.o(.text) refers to ctype_o.o(.constdata) for .constdata
    ctype_o.o(.constdata) refers to ctype_o.o(.constdata) for __ctype_table
    isalnum_o.o(.text) refers to ctype_o.o(.text) for __rt_ctype_table
    isalpha_o.o(.text) refers to ctype_o.o(.text) for __rt_ctype_table
    isblank_o.o(.text) refers to ctype_o.o(.constdata) for __ctype_table
    iscntrl_o.o(.text) refers to ctype_o.o(.text) for __rt_ctype_table
    isdigit_o.o(.text) refers to ctype_o.o(.text) for __rt_ctype_table
    isgraph_o.o(.text) refers to ctype_o.o(.text) for __rt_ctype_table
    islower_o.o(.text) refers to ctype_o.o(.text) for __rt_ctype_table
    isprint_o.o(.text) refers to ctype_o.o(.text) for __rt_ctype_table
    ispunct_o.o(.text) refers to ctype_o.o(.text) for __rt_ctype_table
    isspace_o.o(.text) refers to ctype_o.o(.text) for __rt_ctype_table
    isupper_o.o(.text) refers to ctype_o.o(.text) for __rt_ctype_table
    isxdigit_o.o(.text) refers to ctype_o.o(.text) for __rt_ctype_table
    _strtoul.o(.text) refers to _chval.o(.text) for _chval
    _strtoul.o(.text) refers to errno.o(i.__aeabi_errno_addr) for __aeabi_errno_addr


==============================================================================

Removing Unused input sections from the image.

    Removing startup.o(HEAP), (0 bytes).
    Removing irq.o(.data), (4 bytes).

2 unused section(s) (total 4 bytes) removed from the image.

==============================================================================

Image Symbol Table

    Local Symbols

    Symbol Name                              Value     Ov Type        Size  Object(Section)

    RESET                                    0x00000000   Section      264  startup.o(RESET)
    ../../microlib/ctype/ctype.c             0x00000000   Number         0  isgraph_o.o ABSOLUTE
    ../../microlib/ctype/ctype.c             0x00000000   Number         0  isspace_o.o ABSOLUTE
    ../../microlib/ctype/ctype.c             0x00000000   Number         0  isalpha_o.o ABSOLUTE
    ../../microlib/ctype/ctype.c             0x00000000   Number         0  ispunct_o.o ABSOLUTE
    ../../microlib/ctype/ctype.c             0x00000000   Number         0  isprint_o.o ABSOLUTE
    ../../microlib/ctype/ctype.c             0x00000000   Number         0  islower_o.o ABSOLUTE
    ../../microlib/ctype/ctype.c             0x00000000   Number         0  isdigit_o.o ABSOLUTE
    ../../microlib/ctype/ctype.c             0x00000000   Number         0  isblank_o.o ABSOLUTE
    ../../microlib/ctype/ctype.c             0x00000000   Number         0  isalnum_o.o ABSOLUTE
    ../../microlib/ctype/ctype.c             0x00000000   Number         0  ctype_o.o ABSOLUTE
    ../../microlib/ctype/ctype.c             0x00000000   Number         0  isxdigit_o.o ABSOLUTE
    ../../microlib/ctype/ctype.c             0x00000000   Number         0  iscntrl_o.o ABSOLUTE
    ../../microlib/ctype/ctype.c             0x00000000   Number         0  isupper_o.o ABSOLUTE
    ../../microlib/d2f.c                     0x00000000   Number         0  d2f.o ABSOLUTE
    ../../microlib/division.c                0x00000000   Number         0  uldiv.o ABSOLUTE
    ../../microlib/division.c                0x00000000   Number         0  uidiv.o ABSOLUTE
    ../../microlib/errno.c                   0x00000000   Number         0  errno.o ABSOLUTE
    ../../microlib/f2d.c                     0x00000000   Number         0  f2d.o ABSOLUTE
    ../../microlib/fpadd.c                   0x00000000   Number         0  dadd.o ABSOLUTE
    ../../microlib/fpdiv.c                   0x00000000   Number         0  ddiv.o ABSOLUTE
    ../../microlib/fpepilogue.c              0x00000000   Number         0  depilogue.o ABSOLUTE
    ../../microlib/fpepilogue.c              0x00000000   Number         0  fepilogue.o ABSOLUTE
    ../../microlib/fpfix.c                   0x00000000   Number         0  dfixul.o ABSOLUTE
    ../../microlib/fpflt.c                   0x00000000   Number         0  fflti.o ABSOLUTE
    ../../microlib/fpmul.c                   0x00000000   Number         0  dmul.o ABSOLUTE
    ../../microlib/init/entry.s              0x00000000   Number         0  entry.o ABSOLUTE
    ../../microlib/init/entry.s              0x00000000   Number         0  entry5.o ABSOLUTE
    ../../microlib/init/entry.s              0x00000000   Number         0  entry2.o ABSOLUTE
    ../../microlib/init/entry.s              0x00000000   Number         0  entry7.o ABSOLUTE
    ../../microlib/longlong.c                0x00000000   Number         0  llsshr.o ABSOLUTE
    ../../microlib/longlong.c                0x00000000   Number         0  llushr.o ABSOLUTE
    ../../microlib/longlong.c                0x00000000   Number         0  llshl.o ABSOLUTE
    ../../microlib/printf/printf.c           0x00000000   Number         0  printf2.o ABSOLUTE
    ../../microlib/printf/printf.c           0x00000000   Number         0  printf1.o ABSOLUTE
    ../../microlib/printf/printf.c           0x00000000   Number         0  printf3.o ABSOLUTE
    ../../microlib/printf/printf.c           0x00000000   Number         0  printfb.o ABSOLUTE
    ../../microlib/printf/printf.c           0x00000000   Number         0  printf0.o ABSOLUTE
    ../../microlib/printf/printf.c           0x00000000   Number         0  printf5.o ABSOLUTE
    ../../microlib/printf/printf.c           0x00000000   Number         0  printf6.o ABSOLUTE
    ../../microlib/printf/printf.c           0x00000000   Number         0  printf7.o ABSOLUTE
    ../../microlib/printf/printf.c           0x00000000   Number         0  printf8.o ABSOLUTE
    ../../microlib/printf/printf.c           0x00000000   Number         0  printfa.o ABSOLUTE
    ../../microlib/printf/printf.c           0x00000000   Number         0  printf4.o ABSOLUTE
    ../../microlib/printf/stubs.s            0x00000000   Number         0  stubs.o ABSOLUTE
    ../../microlib/stdio/fputc.c             0x00000000   Number         0  fputc.o ABSOLUTE
    ../../microlib/stdio/streams.c           0x00000000   Number         0  stdout.o ABSOLUTE
    ../../microlib/string/strcat.c           0x00000000   Number         0  strcat.o ABSOLUTE
    ../../microlib/string/strcpy.c           0x00000000   Number         0  strcpy.o ABSOLUTE
    ../../microlib/stubs.s                   0x00000000   Number         0  iusefp.o ABSOLUTE
    ../../microlib/stubs.s                   0x00000000   Number         0  iusesemip.o ABSOLUTE
    ../../scanf.c                            0x00000000   Number         0  atoi.o ABSOLUTE
    ../../scanf.c                            0x00000000   Number         0  _strtoul.o ABSOLUTE
    ../../scanf.c                            0x00000000   Number         0  strtol.o ABSOLUTE
    ../../scanf.c                            0x00000000   Number         0  _chval.o ABSOLUTE
    ..\Common\src\Startup.s                  0x00000000   Number         0  startup.o ABSOLUTE
    ..\Common\src\irq.c                      0x00000000   Number         0  irq.o ABSOLUTE
    Serial.c                                 0x00000000   Number         0  serial.o ABSOLUTE
    cdcmple.s                                0x00000000   Number         0  cdcmple.o ABSOLUTE
    cdrcmple.s                               0x00000000   Number         0  cdrcmple.o ABSOLUTE
    dc.s                                     0x00000000   Number         0  dc.o ABSOLUTE
    delay.c                                  0x00000000   Number         0  delay.o ABSOLUTE
    gsm.c                                    0x00000000   Number         0  gsm.o ABSOLUTE
    handlers.s                               0x00000000   Number         0  handlers.o ABSOLUTE
    init.s                                   0x00000000   Number         0  init.o ABSOLUTE
    lcd.c                                    0x00000000   Number         0  lcd.o ABSOLUTE
    uart.c                                   0x00000000   Number         0  uart.o ABSOLUTE
    uarttest.c                               0x00000000   Number         0  uarttest.o ABSOLUTE
    Undef_Handler                            0x00000040   ARM Code       4  startup.o(RESET)
    SWI_Handler                              0x00000044   ARM Code       4  startup.o(RESET)
    PAbt_Handler                             0x00000048   ARM Code       4  startup.o(RESET)
    DAbt_Handler                             0x0000004c   ARM Code       4  startup.o(RESET)
    IRQ_Handler                              0x00000050   ARM Code       4  startup.o(RESET)
    FIQ_Handler                              0x00000054   ARM Code       4  startup.o(RESET)
    .ARM.Collect$$$$00000000                 0x00000108   Section        0  entry.o(.ARM.Collect$$$$00000000)
    .ARM.Collect$$$$00000001                 0x00000108   Section        4  entry2.o(.ARM.Collect$$$$00000001)
    .ARM.Collect$$$$00000004                 0x0000010c   Section        4  entry5.o(.ARM.Collect$$$$00000004)
    .ARM.Collect$$$$00000007                 0x00000110   Section       12  entry7.o(.ARM.Collect$$$$00000007)
    .ARM.Collect$$$$00002712                 0x0000011c   Section        4  entry2.o(.ARM.Collect$$$$00002712)
    __lit__00000000                          0x0000011c   Data           4  entry2.o(.ARM.Collect$$$$00002712)
    .text                                    0x00000120   Section        0  uarttest.o(.text)
    .text                                    0x000025e8   Section        0  uart.o(.text)
    .text                                    0x00002aec   Section        0  irq.o(.text)
    .text                                    0x00002c74   Section        0  lcd.o(.text)
    .text                                    0x0000300c   Section        0  delay.o(.text)
    .text                                    0x00003048   Section        0  serial.o(.text)
    .text                                    0x000031d4   Section        0  gsm.o(.text)
    .text                                    0x000035e4   Section        0  strcat.o(.text)
    .text                                    0x00003610   Section        0  strcpy.o(.text)
    .text                                    0x0000362c   Section        0  atoi.o(.text)
    .text                                    0x00003658   Section        0  ddiv.o(.text)
    .text                                    0x000037ec   Section        0  fflti.o(.text)
    .text                                    0x00003808   Section        0  f2d.o(.text)
    .text                                    0x00003840   Section      112  cdcmple.o(.text)
    .text                                    0x000038b0   Section        0  d2f.o(.text)
    .text                                    0x00003910   Section        0  uidiv.o(.text)
    .text                                    0x0000394c   Section        0  uldiv.o(.text)
    .text                                    0x000039dc   Section        0  strtol.o(.text)
    .text                                    0x00003a8c   Section        0  fepilogue.o(.text)
    .text                                    0x00003a8c   Section        0  iusefp.o(.text)
    .text                                    0x00003b60   Section        0  depilogue.o(.text)
    .text                                    0x00003ce0   Section        0  dadd.o(.text)
    .text                                    0x00003ee4   Section        0  dmul.o(.text)
    .text                                    0x00004030   Section        0  dfixul.o(.text)
    .text                                    0x0000407c   Section      112  cdrcmple.o(.text)
    .text                                    0x000040ec   Section       48  init.o(.text)
    .text                                    0x0000411c   Section        0  llshl.o(.text)
    .text                                    0x00004144   Section        0  llushr.o(.text)
    .text                                    0x00004168   Section        0  llsshr.o(.text)
    .text                                    0x00004190   Section        0  ctype_o.o(.text)
    .text                                    0x0000419c   Section        0  _strtoul.o(.text)
    .text                                    0x00004278   Section        0  _chval.o(.text)
    i.__0sprintf                             0x00004298   Section        0  printfa.o(i.__0sprintf)
    i.__ARM_clz                              0x000042d4   Section        0  depilogue.o(i.__ARM_clz)
    i.__aeabi_errno_addr                     0x00004318   Section        0  errno.o(i.__aeabi_errno_addr)
    i.__scatterload_copy                     0x00004324   Section       24  handlers.o(i.__scatterload_copy)
    i.__scatterload_null                     0x0000433c   Section        4  handlers.o(i.__scatterload_null)
    i.__scatterload_zeroinit                 0x00004340   Section       24  handlers.o(i.__scatterload_zeroinit)
    i._fp_digits                             0x00004358   Section        0  printfa.o(i._fp_digits)
    _fp_digits                               0x00004358   ARM Code     612  printfa.o(i._fp_digits)
    i._printf_core                           0x000045bc   Section        0  printfa.o(i._printf_core)
    _printf_core                             0x000045bc   ARM Code    2724  printfa.o(i._printf_core)
    i._printf_post_padding                   0x00005060   Section        0  printfa.o(i._printf_post_padding)
    _printf_post_padding                     0x00005060   ARM Code      68  printfa.o(i._printf_post_padding)
    i._printf_pre_padding                    0x000050a4   Section        0  printfa.o(i._printf_pre_padding)
    _printf_pre_padding                      0x000050a4   ARM Code      80  printfa.o(i._printf_pre_padding)
    i._sputc                                 0x000050f4   Section        0  printfa.o(i._sputc)
    _sputc                                   0x000050f4   ARM Code      20  printfa.o(i._sputc)
    .constdata                               0x00005108   Section      129  ctype_o.o(.constdata)
    .constdata                               0x0000518c   Section        4  ctype_o.o(.constdata)
    table                                    0x0000518c   Data           4  ctype_o.o(.constdata)
    .data                                    0x40000000   Section      132  uarttest.o(.data)
    sysreg                                   0x40000074   Data           4  uarttest.o(.data)
    .data                                    0x40000084   Section       28  uart.o(.data)
    sysreg                                   0x40000094   Data           4  uart.o(.data)
    .data                                    0x400000a0   Section        4  errno.o(.data)
    _errno                                   0x400000a0   Data           4  errno.o(.data)
    .bss                                     0x400000a4   Section      219  uarttest.o(.bss)
    .bss                                     0x4000017f   Section       32  uart.o(.bss)
    STACK                                    0x400001a0   Section     1160  startup.o(STACK)
    Stack_Top                                0x40000628   Data           0  startup.o(STACK)

    Global Symbols

    Symbol Name                              Value     Ov Type        Size  Object(Section)

    BuildAttributes$$ARM_ISAv4$S$PE$A:L22$X:L11$S22$IEEE1$~IW$USESV6$~STKCKD$USESV7$~SHL$OTIME$ROPI$EBA8$MICROLIB$REQ8$PRES8$EABIv2 0x00000000   Number         0  anon$$obj.o ABSOLUTE
    __ARM_use_no_argv                        0x00000000   Number         0  uarttest.o ABSOLUTE
    _printf_a                                0x00000000   Number         0  stubs.o ABSOLUTE
    _printf_c                                0x00000000   Number         0  stubs.o ABSOLUTE
    _printf_charcount                        0x00000000   Number         0  stubs.o ABSOLUTE
    _printf_d                                0x00000000   Number         0  stubs.o ABSOLUTE
    _printf_e                                0x00000000   Number         0  stubs.o ABSOLUTE
    _printf_f                                0x00000000   Number         0  stubs.o ABSOLUTE
    _printf_flags                            0x00000000   Number         0  stubs.o ABSOLUTE
    _printf_fp_dec                           0x00000000   Number         0  stubs.o ABSOLUTE
    _printf_fp_hex                           0x00000000   Number         0  stubs.o ABSOLUTE
    _printf_g                                0x00000000   Number         0  stubs.o ABSOLUTE
    _printf_i                                0x00000000   Number         0  stubs.o ABSOLUTE
    _printf_int_dec                          0x00000000   Number         0  stubs.o ABSOLUTE
    _printf_l                                0x00000000   Number         0  stubs.o ABSOLUTE
    _printf_lc                               0x00000000   Number         0  stubs.o ABSOLUTE
    _printf_ll                               0x00000000   Number         0  stubs.o ABSOLUTE
    _printf_lld                              0x00000000   Number         0  stubs.o ABSOLUTE
    _printf_lli                              0x00000000   Number         0  stubs.o ABSOLUTE
    _printf_llo                              0x00000000   Number         0  stubs.o ABSOLUTE
    _printf_llu                              0x00000000   Number         0  stubs.o ABSOLUTE
    _printf_llx                              0x00000000   Number         0  stubs.o ABSOLUTE
    _printf_longlong_dec                     0x00000000   Number         0  stubs.o ABSOLUTE
    _printf_longlong_hex                     0x00000000   Number         0  stubs.o ABSOLUTE
    _printf_longlong_oct                     0x00000000   Number         0  stubs.o ABSOLUTE
    _printf_ls                               0x00000000   Number         0  stubs.o ABSOLUTE
    _printf_mbtowc                           0x00000000   Number         0  stubs.o ABSOLUTE
    _printf_n                                0x00000000   Number         0  stubs.o ABSOLUTE
    _printf_o                                0x00000000   Number         0  stubs.o ABSOLUTE
    _printf_p                                0x00000000   Number         0  stubs.o ABSOLUTE
    _printf_percent                          0x00000000   Number         0  stubs.o ABSOLUTE
    _printf_pre_padding                      0x00000000   Number         0  stubs.o ABSOLUTE
    _printf_return_value                     0x00000000   Number         0  stubs.o ABSOLUTE
    _printf_s                                0x00000000   Number         0  stubs.o ABSOLUTE
    _printf_sizespec                         0x00000000   Number         0  stubs.o ABSOLUTE
    _printf_str                              0x00000000   Number         0  stubs.o ABSOLUTE
    _printf_truncate_signed                  0x00000000   Number         0  stubs.o ABSOLUTE
    _printf_truncate_unsigned                0x00000000   Number         0  stubs.o ABSOLUTE
    _printf_u                                0x00000000   Number         0  stubs.o ABSOLUTE
    _printf_wc                               0x00000000   Number         0  stubs.o ABSOLUTE
    _printf_wctomb                           0x00000000   Number         0  stubs.o ABSOLUTE
    _printf_widthprec                        0x00000000   Number         0  stubs.o ABSOLUTE
    _printf_x                                0x00000000   Number         0  stubs.o ABSOLUTE
    __decompress                              - Undefined Weak Reference
    Reset_Handler                            0x00000058   ARM Code       0  startup.o(RESET)
    __main                                   0x00000108   ARM Code       0  entry.o(.ARM.Collect$$$$00000000)
    _main_stk                                0x00000108   ARM Code       0  entry2.o(.ARM.Collect$$$$00000001)
    _main_scatterload                        0x0000010c   ARM Code       0  entry5.o(.ARM.Collect$$$$00000004)
    __main_after_scatterload                 0x00000110   ARM Code       0  entry5.o(.ARM.Collect$$$$00000004)
    _main_init                               0x00000110   ARM Code       0  entry7.o(.ARM.Collect$$$$00000007)
    putSLcd                                  0x00000120   ARM Code      36  uarttest.o(.text)
    LOAD_CELL                                0x00000144   ARM Code      40  uarttest.o(.text)
    GSM                                      0x0000016c   ARM Code      24  uarttest.o(.text)
    recivecontr                              0x00000184   ARM Code     104  uarttest.o(.text)
    gprs_intil                               0x000001ec   ARM Code    1808  uarttest.o(.text)
    DCM_STOP                                 0x000008fc   ARM Code      40  uarttest.o(.text)
    DCM_ANTI_CLOCk                           0x00000924   ARM Code      40  uarttest.o(.text)
    DCM_CLOCK                                0x0000094c   ARM Code      40  uarttest.o(.text)
    stepperanti_clock                        0x00000974   ARM Code     208  uarttest.o(.text)
    stepperanti_clock_1                      0x00000a44   ARM Code     276  uarttest.o(.text)
    stepper_clock                            0x00000b58   ARM Code     208  uarttest.o(.text)
    stepper_clock_1                          0x00000c28   ARM Code     208  uarttest.o(.text)
    key_pad_Q                                0x00000cf8   ARM Code     232  uarttest.o(.text)
    monitor_ON                               0x00000de0   ARM Code     464  uarttest.o(.text)
    fuel_monitor                             0x00000fb0   ARM Code      48  uarttest.o(.text)
    key_pad                                  0x00000fe0   ARM Code     288  uarttest.o(.text)
    FINGER_SCAN                              0x00001100   ARM Code    1400  uarttest.o(.text)
    PEOPLE_SERACHING                         0x00001678   ARM Code     324  uarttest.o(.text)
    main                                     0x000017bc   ARM Code    2240  uarttest.o(.text)
    FINGER_ENROL                             0x0000207c   ARM Code    1388  uarttest.o(.text)
    UART0Handler                             0x000025e8   ARM Code     384  uart.o(.text)
    UART1Handler                             0x00002768   ARM Code     384  uart.o(.text)
    UARTInit                                 0x000028e8   ARM Code     296  uart.o(.text)
    UARTSend                                 0x00002a10   ARM Code     172  uart.o(.text)
    DefaultVICHandler                        0x00002aec   ARM Code      20  irq.o(.text)
    init_VIC                                 0x00002b00   ARM Code      92  irq.o(.text)
    install_irq                              0x00002b5c   ARM Code     132  irq.o(.text)
    uninstall_irq                            0x00002be0   ARM Code     144  irq.o(.text)
    delay_1                                  0x00002c74   ARM Code      52  lcd.o(.text)
    wait_lcd                                 0x00002ca8   ARM Code     124  lcd.o(.text)
    lcd_command_write                        0x00002d24   ARM Code     212  lcd.o(.text)
    set_lcd_port_output                      0x00002df8   ARM Code      56  lcd.o(.text)
    lcd_clear                                0x00002e30   ARM Code      16  lcd.o(.text)
    lcd_gotoxy                               0x00002e40   ARM Code      92  lcd.o(.text)
    lcd_data_write                           0x00002e9c   ARM Code     160  lcd.o(.text)
    lcd_putchar                              0x00002f3c   ARM Code      20  lcd.o(.text)
    lcd_putstring                            0x00002f50   ARM Code      80  lcd.o(.text)
    init_lcd                                 0x00002fa0   ARM Code      52  lcd.o(.text)
    test_cmd                                 0x00002fd4   ARM Code      48  lcd.o(.text)
    delay                                    0x0000300c   ARM Code      56  delay.o(.text)
    sendchar                                 0x00003048   ARM Code      80  serial.o(.text)
    uart0_getkey                             0x00003098   ARM Code      32  serial.o(.text)
    uart1_getkey                             0x000030b8   ARM Code      32  serial.o(.text)
    uart1_init                               0x000030d8   ARM Code      52  serial.o(.text)
    uart1_putc                               0x0000310c   ARM Code      32  serial.o(.text)
    uart1_puts                               0x0000312c   ARM Code      36  serial.o(.text)
    uart0_init                               0x00003150   ARM Code      52  serial.o(.text)
    uart0_putc                               0x00003184   ARM Code      32  serial.o(.text)
    uart0_puts                               0x000031a4   ARM Code      36  serial.o(.text)
    recvResponse                             0x000031d4   ARM Code      64  gsm.o(.text)
    intGsm                                   0x00003214   ARM Code     104  gsm.o(.text)
    sendSMS                                  0x0000327c   ARM Code     192  gsm.o(.text)
    getSMS                                   0x0000333c   ARM Code     616  gsm.o(.text)
    deleteSms                                0x000035a4   ARM Code      48  gsm.o(.text)
    strcat                                   0x000035e4   ARM Code      44  strcat.o(.text)
    strcpy                                   0x00003610   ARM Code      28  strcpy.o(.text)
    atoi                                     0x0000362c   ARM Code      44  atoi.o(.text)
    __aeabi_ddiv                             0x00003658   ARM Code     404  ddiv.o(.text)
    __aeabi_i2f                              0x000037ec   ARM Code      28  fflti.o(.text)
    __aeabi_f2d                              0x00003808   ARM Code      56  f2d.o(.text)
    __aeabi_cdcmpeq                          0x00003840   ARM Code       0  cdcmple.o(.text)
    __aeabi_cdcmple                          0x00003840   ARM Code     112  cdcmple.o(.text)
    __aeabi_d2f                              0x000038b0   ARM Code      96  d2f.o(.text)
    __aeabi_uidiv                            0x00003910   ARM Code       0  uidiv.o(.text)
    __aeabi_uidivmod                         0x00003910   ARM Code      60  uidiv.o(.text)
    __aeabi_uldivmod                         0x0000394c   ARM Code     144  uldiv.o(.text)
    strtol                                   0x000039dc   ARM Code     176  strtol.o(.text)
    __I$use$fp                               0x00003a8c   ARM Code       0  iusefp.o(.text)
    _float_round                             0x00003a8c   ARM Code      24  fepilogue.o(.text)
    _float_epilogue                          0x00003aa4   ARM Code     188  fepilogue.o(.text)
    _double_round                            0x00003b60   ARM Code      80  depilogue.o(.text)
    _double_epilogue                         0x00003bb0   ARM Code     304  depilogue.o(.text)
    __aeabi_dadd                             0x00003ce0   ARM Code     500  dadd.o(.text)
    __aeabi_dsub                             0x00003ed4   ARM Code       8  dadd.o(.text)
    __aeabi_drsub                            0x00003edc   ARM Code       8  dadd.o(.text)
    __aeabi_dmul                             0x00003ee4   ARM Code     332  dmul.o(.text)
    __aeabi_d2ulz                            0x00004030   ARM Code      68  dfixul.o(.text)
    __aeabi_cdrcmple                         0x0000407c   ARM Code     112  cdrcmple.o(.text)
    __scatterload                            0x000040ec   ARM Code      40  init.o(.text)
    __scatterload_rt2                        0x000040ec   ARM Code       0  init.o(.text)
    __aeabi_llsl                             0x0000411c   ARM Code      40  llshl.o(.text)
    _ll_shift_l                              0x0000411c   ARM Code       0  llshl.o(.text)
    __aeabi_llsr                             0x00004144   ARM Code      36  llushr.o(.text)
    _ll_ushift_r                             0x00004144   ARM Code       0  llushr.o(.text)
    __aeabi_lasr                             0x00004168   ARM Code      40  llsshr.o(.text)
    _ll_sshift_r                             0x00004168   ARM Code       0  llsshr.o(.text)
    __rt_ctype_table                         0x00004190   ARM Code       8  ctype_o.o(.text)
    _strtoul                                 0x0000419c   ARM Code     220  _strtoul.o(.text)
    _chval                                   0x00004278   ARM Code      32  _chval.o(.text)
    __0sprintf                               0x00004298   ARM Code      56  printfa.o(i.__0sprintf)
    __1sprintf                               0x00004298   ARM Code       0  printfa.o(i.__0sprintf)
    __2sprintf                               0x00004298   ARM Code       0  printfa.o(i.__0sprintf)
    __c89sprintf                             0x00004298   ARM Code       0  printfa.o(i.__0sprintf)
    sprintf                                  0x00004298   ARM Code       0  printfa.o(i.__0sprintf)
    __ARM_clz                                0x000042d4   ARM Code      68  depilogue.o(i.__ARM_clz)
    __aeabi_errno_addr                       0x00004318   ARM Code       8  errno.o(i.__aeabi_errno_addr)
    __rt_errno_addr                          0x00004318   ARM Code       0  errno.o(i.__aeabi_errno_addr)
    __scatterload_copy                       0x00004324   ARM Code      24  handlers.o(i.__scatterload_copy)
    __scatterload_null                       0x0000433c   ARM Code       4  handlers.o(i.__scatterload_null)
    __scatterload_zeroinit                   0x00004340   ARM Code      24  handlers.o(i.__scatterload_zeroinit)
    __ctype_table                            0x00005108   Data         129  ctype_o.o(.constdata)
    Region$$Table$$Base                      0x00005190   Number         0  anon$$obj.o(Region$$Table)
    Region$$Table$$Limit                     0x000051b0   Number         0  anon$$obj.o(Region$$Table)
    a                                        0x40000000   Data          16  uarttest.o(.data)
    i                                        0x40000010   Data           1  uarttest.o(.data)
    c                                        0x40000011   Data           1  uarttest.o(.data)
    a1                                       0x40000012   Data          12  uarttest.o(.data)
    a2                                       0x4000001e   Data          12  uarttest.o(.data)
    a3                                       0x4000002a   Data          13  uarttest.o(.data)
    a4                                       0x40000037   Data          17  uarttest.o(.data)
    a5                                       0x40000048   Data          13  uarttest.o(.data)
    a6                                       0x40000055   Data          12  uarttest.o(.data)
    item                                     0x40000064   Data           4  uarttest.o(.data)
    acc_1                                    0x40000068   Data           4  uarttest.o(.data)
    acc_2                                    0x4000006c   Data           4  uarttest.o(.data)
    d                                        0x40000070   Data           4  uarttest.o(.data)
    j                                        0x40000078   Data           1  uarttest.o(.data)
    temp                                     0x4000007c   Data           4  uarttest.o(.data)
    ID                                       0x40000080   Data           4  uarttest.o(.data)
    UART0TxEmpty                             0x40000084   Data           1  uart.o(.data)
    UART0Count                               0x40000088   Data           4  uart.o(.data)
    UART1TxEmpty                             0x4000008c   Data           1  uart.o(.data)
    UART1Count                               0x40000090   Data           4  uart.o(.data)
    UART0Status                              0x40000098   Data           4  uart.o(.data)
    UART1Status                              0x4000009c   Data           4  uart.o(.data)
    b                                        0x400000a4   Data          10  uarttest.o(.bss)
    sms_dat                                  0x400000ae   Data         189  uarttest.o(.bss)
    GPRS_GRM                                 0x4000016b   Data          20  uarttest.o(.bss)
    UART0Buffer                              0x4000017f   Data          16  uart.o(.bss)
    UART1Buffer                              0x4000018f   Data          16  uart.o(.bss)
    __initial_sp                             0x400005a0   Data         136  startup.o(STACK)



==============================================================================

Memory Map of the image

  Image Entry point : 0x00000108

  Load Region LR_IROM1 (Base: 0x00000000, Size: 0x00005254, Max: 0x00080000, ABSOLUTE)

    Execution Region ER_IROM1 (Base: 0x00000000, Size: 0x000051b0, Max: 0x00080000, ABSOLUTE)

    Base Addr    Size         Type   Attr      Idx    E Section Name        Object

    0x00000000   0x00000108   Code   RO            3    RESET               startup.o
    0x00000108   0x00000000   Code   RO          148  * .ARM.Collect$$$$00000000  entry.o(mc_4.l)
    0x00000108   0x00000004   Code   RO          428    .ARM.Collect$$$$00000001  entry2.o(mc_4.l)
    0x0000010c   0x00000004   Code   RO          430    .ARM.Collect$$$$00000004  entry5.o(mc_4.l)
    0x00000110   0x0000000c   Code   RO          431    .ARM.Collect$$$$00000007  entry7.o(mc_4.l)
    0x0000011c   0x00000004   Code   RO          429    .ARM.Collect$$$$00002712  entry2.o(mc_4.l)
    0x00000120   0x000024c8   Code   RO            8    .text               uarttest.o
    0x000025e8   0x00000504   Code   RO           57    .text               uart.o
    0x00002aec   0x00000188   Code   RO           73    .text               irq.o
    0x00002c74   0x00000398   Code   RO           90    .text               lcd.o
    0x0000300c   0x0000003c   Code   RO          105    .text               delay.o
    0x00003048   0x0000018c   Code   RO          117    .text               serial.o
    0x000031d4   0x00000410   Code   RO          129    .text               gsm.o
    0x000035e4   0x0000002c   Code   RO          151    .text               strcat.o(mc_4.l)
    0x00003610   0x0000001c   Code   RO          153    .text               strcpy.o(mc_4.l)
    0x0000362c   0x0000002c   Code   RO          416    .text               atoi.o(mc_4.l)
    0x00003658   0x00000194   Code   RO          418    .text               ddiv.o(mf_4.l)
    0x000037ec   0x0000001c   Code   RO          420    .text               fflti.o(mf_4.l)
    0x00003808   0x00000038   Code   RO          422    .text               f2d.o(mf_4.l)
    0x00003840   0x00000070   Code   RO          424    .text               cdcmple.o(mf_4.l)
    0x000038b0   0x00000060   Code   RO          426    .text               d2f.o(mf_4.l)
    0x00003910   0x0000003c   Code   RO          435    .text               uidiv.o(mc_4.l)
    0x0000394c   0x00000090   Code   RO          437    .text               uldiv.o(mc_4.l)
    0x000039dc   0x000000b0   Code   RO          446    .text               strtol.o(mc_4.l)
    0x00003a8c   0x00000000   Code   RO          448    .text               iusefp.o(mc_4.l)
    0x00003a8c   0x000000d4   Code   RO          449    .text               fepilogue.o(mf_4.l)
    0x00003b60   0x00000180   Code   RO          451    .text               depilogue.o(mf_4.l)
    0x00003ce0   0x00000204   Code   RO          455    .text               dadd.o(mf_4.l)
    0x00003ee4   0x0000014c   Code   RO          457    .text               dmul.o(mf_4.l)
    0x00004030   0x0000004c   Code   RO          459    .text               dfixul.o(mf_4.l)
    0x0000407c   0x00000070   Code   RO          461    .text               cdrcmple.o(mf_4.l)
    0x000040ec   0x00000030   Code   RO          463    .text               init.o(mc_4.l)
    0x0000411c   0x00000028   Code   RO          465    .text               llshl.o(mc_4.l)
    0x00004144   0x00000024   Code   RO          467    .text               llushr.o(mc_4.l)
    0x00004168   0x00000028   Code   RO          469    .text               llsshr.o(mc_4.l)
    0x00004190   0x0000000c   Code   RO          471    .text               ctype_o.o(mc_4.l)
    0x0000419c   0x000000dc   Code   RO          499    .text               _strtoul.o(mc_4.l)
    0x00004278   0x00000020   Code   RO          502    .text               _chval.o(mc_4.l)
    0x00004298   0x0000003c   Code   RO          390    i.__0sprintf        printfa.o(mc_4.l)
    0x000042d4   0x00000044   Code   RO          453    i.__ARM_clz         depilogue.o(mf_4.l)
    0x00004318   0x0000000c   Code   RO          439    i.__aeabi_errno_addr  errno.o(mc_4.l)
    0x00004324   0x00000018   Code   RO          506    i.__scatterload_copy  handlers.o(mc_4.l)
    0x0000433c   0x00000004   Code   RO          507    i.__scatterload_null  handlers.o(mc_4.l)
    0x00004340   0x00000018   Code   RO          508    i.__scatterload_zeroinit  handlers.o(mc_4.l)
    0x00004358   0x00000264   Code   RO          395    i._fp_digits        printfa.o(mc_4.l)
    0x000045bc   0x00000aa4   Code   RO          396    i._printf_core      printfa.o(mc_4.l)
    0x00005060   0x00000044   Code   RO          397    i._printf_post_padding  printfa.o(mc_4.l)
    0x000050a4   0x00000050   Code   RO          398    i._printf_pre_padding  printfa.o(mc_4.l)
    0x000050f4   0x00000014   Code   RO          400    i._sputc            printfa.o(mc_4.l)
    0x00005108   0x00000081   Data   RO          472    .constdata          ctype_o.o(mc_4.l)
    0x00005189   0x00000003   PAD
    0x0000518c   0x00000004   Data   RO          473    .constdata          ctype_o.o(mc_4.l)
    0x00005190   0x00000020   Data   RO          504    Region$$Table       anon$$obj.o


    Execution Region RW_IRAM1 (Base: 0x40000000, Size: 0x00000628, Max: 0x00008000, ABSOLUTE)

    Base Addr    Size         Type   Attr      Idx    E Section Name        Object

    0x40000000   0x00000084   Data   RW           10    .data               uarttest.o
    0x40000084   0x0000001c   Data   RW           59    .data               uart.o
    0x400000a0   0x00000004   Data   RW          442    .data               errno.o(mc_4.l)
    0x400000a4   0x000000db   Zero   RW            9    .bss                uarttest.o
    0x4000017f   0x00000020   Zero   RW           58    .bss                uart.o
    0x4000019f   0x00000001   PAD
    0x400001a0   0x00000488   Zero   RW            1    STACK               startup.o


==============================================================================

Image component sizes


      Code (inc. data)   RO Data    RW Data    ZI Data      Debug   Object Name

        60          4          0          0          0        436   delay.o
      1040         60          0          0          0       2223   gsm.o
       392          4          0          0          0       1643   irq.o
       920          8          0          0          0       2425   lcd.o
       396         12          0          0          0       1655   serial.o
       264         48          0          0       1160        316   startup.o
      1284         48          0         28         32       2520   uart.o
      9416       1388          0        132        219      11004   uarttest.o

    ----------------------------------------------------------------------
     13772       1572         32        160       1412      22222   Object Totals
         0          0         32          0          0          0   (incl. Generated)
         0          0          0          0          1          0   (incl. Padding)

    ----------------------------------------------------------------------

      Code (inc. data)   RO Data    RW Data    ZI Data      Debug   Library Member Name

        32          0          0          0          0         68   _chval.o
       220          0          0          0          0         88   _strtoul.o
        44          0          0          0          0         80   atoi.o
       112          0          0          0          0         68   cdcmple.o
       112          0          0          0          0         68   cdrcmple.o
        12          4        133          0          0         68   ctype_o.o
        96          0          0          0          0         96   d2f.o
       516          0          0          0          0        128   dadd.o
       404          0          0          0          0        124   ddiv.o
       452          0          0          0          0        196   depilogue.o
        76          8          0          0          0         68   dfixul.o
       332          0          0          0          0         96   dmul.o
         0          0          0          0          0          0   entry.o
         8          4          0          0          0          0   entry2.o
         4          0          0          0          0          0   entry5.o
        12          4          0          0          0          0   entry7.o
        12          4          0          4          0         68   errno.o
        56          0          0          0          0         68   f2d.o
       212          0          0          0          0        164   fepilogue.o
        28          0          0          0          0         68   fflti.o
        52          0          0          0          0          0   handlers.o
        48          8          0          0          0         68   init.o
         0          0          0          0          0          0   iusefp.o
        40          0          0          0          0         68   llshl.o
        40          0          0          0          0         68   llsshr.o
        36          0          0          0          0         68   llushr.o
      3564        100          0          0          0        512   printfa.o
        44          0          0          0          0         68   strcat.o
        28          0          0          0          0         68   strcpy.o
       176          0          0          0          0         88   strtol.o
        60          0          0          0          0         76   uidiv.o
       144          0          0          0          0         88   uldiv.o

    ----------------------------------------------------------------------
      6972        132        136          4          0       2688   Library Totals
         0          0          3          0          0          0   (incl. Padding)

    ----------------------------------------------------------------------

      Code (inc. data)   RO Data    RW Data    ZI Data      Debug   Library Name

      4576        124        133          4          0       1544   mc_4.l
      2396          8          0          0          0       1144   mf_4.l

    ----------------------------------------------------------------------
      6972        132        136          4          0       2688   Library Totals

    ----------------------------------------------------------------------

==============================================================================


      Code (inc. data)   RO Data    RW Data    ZI Data      Debug   

     20744       1704        168        164       1412      23060   Grand Totals
     20744       1704        168        164       1412      23060   ELF Image Totals
     20744       1704        168        164          0          0   ROM Totals

==============================================================================

    Total RO  Size (Code + RO Data)                20912 (  20.42kB)
    Total RW  Size (RW Data + ZI Data)              1576 (   1.54kB)
    Total ROM Size (Code + RO Data + RW Data)      21076 (  20.58kB)

==============================================================================

