ARM Linker, RVCT4.0 [Build 728] [Evaluation]

==============================================================================

Section Cross References

    startup.o(RESET) refers to startup.o(STACK) for Stack_Top
    startup.o(RESET) refers to entry.o(.ARM.Collect$$$$00000000) for __main
    uarttest.o(.text) refers to main_lcd.o(.text) for lcd_putchar
    uarttest.o(.text) refers to serial.o(.text) for uart1_getkey
    uarttest.o(.text) refers to delay.o(.text) for delay
    uarttest.o(.text) refers to uarttest.o(.data) for loadval
    uarttest.o(.text) refers to uarttest.o(.bss) for loadbuff
    uarttest.o(.text) refers to uart.o(.bss) for UART0Buffer
    uarttest.o(.text) refers to uart.o(.data) for UART0Count
    uarttest.o(.text) refers to printfa.o(i.__0sprintf) for __2sprintf
    uarttest.o(.text) refers to uart.o(.text) for UARTInit
    uarttest.o(.text) refers to gsm.o(.text) for intGsm
    uarttest.o(.text) refers to atoi.o(.text) for atoi
    uarttest.o(.text) refers to fflti.o(.text) for __aeabi_i2f
    uarttest.o(.text) refers to f2d.o(.text) for __aeabi_f2d
    uarttest.o(.text) refers to ddiv.o(.text) for __aeabi_ddiv
    uarttest.o(.text) refers to d2f.o(.text) for __aeabi_d2f
    uarttest.o(.text) refers to cdcmple.o(.text) for __aeabi_cdcmple
    uart.o(.text) refers to irq.o(.text) for install_irq
    uart.o(.text) refers to uart.o(.data) for .data
    uart.o(.text) refers to uart.o(.bss) for UART0Buffer
    gsm.o(.text) refers to serial.o(.text) for uart1_getkey
    gsm.o(.text) refers to delay.o(.text) for delay
    main_lcd.o(.text) refers to delay.o(.text) for delay
    entry.o(.ARM.Collect$$$$00000000) refers (Special) to entry7.o(.ARM.Collect$$$$00000007) for _main_init
    entry.o(.ARM.Collect$$$$00000000) refers (Special) to entry5.o(.ARM.Collect$$$$00000004) for _main_scatterload
    entry.o(.ARM.Collect$$$$00000000) refers (Special) to entry2.o(.ARM.Collect$$$$00000001) for _main_stk
    printfb.o(i.__0fprintf$bare) refers to printfb.o(i._printf_core) for _printf_core
    printfb.o(i.__0fprintf$bare) refers to fputc.o(i.fputc) for fputc
    printfb.o(i.__0printf$bare) refers to printfb.o(i._printf_core) for _printf_core
    printfb.o(i.__0printf$bare) refers to fputc.o(i.fputc) for fputc
    printfb.o(i.__0printf$bare) refers to stdout.o(.data) for __stdout
    printfb.o(i.__0snprintf$bare) refers to printfb.o(i._printf_core) for _printf_core
    printfb.o(i.__0snprintf$bare) refers to printfb.o(i._snputc) for _snputc
    printfb.o(i.__0sprintf$bare) refers to printfb.o(i._printf_core) for _printf_core
    printfb.o(i.__0sprintf$bare) refers to printfb.o(i._sputc) for _sputc
    printfb.o(i.__0vfprintf$bare) refers to printfb.o(i._printf_core) for _printf_core
    printfb.o(i.__0vfprintf$bare) refers to fputc.o(i.fputc) for fputc
    printfb.o(i.__0vprintf$bare) refers to printfb.o(i._printf_core) for _printf_core
    printfb.o(i.__0vprintf$bare) refers to fputc.o(i.fputc) for fputc
    printfb.o(i.__0vprintf$bare) refers to stdout.o(.data) for __stdout
    printfb.o(i.__0vsnprintf$bare) refers to printfb.o(i._printf_core) for _printf_core
    printfb.o(i.__0vsnprintf$bare) refers to printfb.o(i._snputc) for _snputc
    printfb.o(i.__0vsprintf$bare) refers to printfb.o(i._printf_core) for _printf_core
    printfb.o(i.__0vsprintf$bare) refers to printfb.o(i._sputc) for _sputc
    printf0.o(i.__0fprintf$0) refers to printf0.o(i._printf_core) for _printf_core
    printf0.o(i.__0fprintf$0) refers to fputc.o(i.fputc) for fputc
    printf0.o(i.__0printf$0) refers to printf0.o(i._printf_core) for _printf_core
    printf0.o(i.__0printf$0) refers to fputc.o(i.fputc) for fputc
    printf0.o(i.__0printf$0) refers to stdout.o(.data) for __stdout
    printf0.o(i.__0snprintf$0) refers to printf0.o(i._printf_core) for _printf_core
    printf0.o(i.__0snprintf$0) refers to printf0.o(i._snputc) for _snputc
    printf0.o(i.__0sprintf$0) refers to printf0.o(i._printf_core) for _printf_core
    printf0.o(i.__0sprintf$0) refers to printf0.o(i._sputc) for _sputc
    printf0.o(i.__0vfprintf$0) refers to printf0.o(i._printf_core) for _printf_core
    printf0.o(i.__0vfprintf$0) refers to fputc.o(i.fputc) for fputc
    printf0.o(i.__0vprintf$0) refers to printf0.o(i._printf_core) for _printf_core
    printf0.o(i.__0vprintf$0) refers to fputc.o(i.fputc) for fputc
    printf0.o(i.__0vprintf$0) refers to stdout.o(.data) for __stdout
    printf0.o(i.__0vsnprintf$0) refers to printf0.o(i._printf_core) for _printf_core
    printf0.o(i.__0vsnprintf$0) refers to printf0.o(i._snputc) for _snputc
    printf0.o(i.__0vsprintf$0) refers to printf0.o(i._printf_core) for _printf_core
    printf0.o(i.__0vsprintf$0) refers to printf0.o(i._sputc) for _sputc
    printf1.o(i.__0fprintf$1) refers to printf1.o(i._printf_core) for _printf_core
    printf1.o(i.__0fprintf$1) refers to fputc.o(i.fputc) for fputc
    printf1.o(i.__0printf$1) refers to printf1.o(i._printf_core) for _printf_core
    printf1.o(i.__0printf$1) refers to fputc.o(i.fputc) for fputc
    printf1.o(i.__0printf$1) refers to stdout.o(.data) for __stdout
    printf1.o(i.__0snprintf$1) refers to printf1.o(i._printf_core) for _printf_core
    printf1.o(i.__0snprintf$1) refers to printf1.o(i._snputc) for _snputc
    printf1.o(i.__0sprintf$1) refers to printf1.o(i._printf_core) for _printf_core
    printf1.o(i.__0sprintf$1) refers to printf1.o(i._sputc) for _sputc
    printf1.o(i.__0vfprintf$1) refers to printf1.o(i._printf_core) for _printf_core
    printf1.o(i.__0vfprintf$1) refers to fputc.o(i.fputc) for fputc
    printf1.o(i.__0vprintf$1) refers to printf1.o(i._printf_core) for _printf_core
    printf1.o(i.__0vprintf$1) refers to fputc.o(i.fputc) for fputc
    printf1.o(i.__0vprintf$1) refers to stdout.o(.data) for __stdout
    printf1.o(i.__0vsnprintf$1) refers to printf1.o(i._printf_core) for _printf_core
    printf1.o(i.__0vsnprintf$1) refers to printf1.o(i._snputc) for _snputc
    printf1.o(i.__0vsprintf$1) refers to printf1.o(i._printf_core) for _printf_core
    printf1.o(i.__0vsprintf$1) refers to printf1.o(i._sputc) for _sputc
    printf1.o(i._printf_core) refers to uidiv.o(.text) for __aeabi_uidivmod
    printf2.o(i.__0fprintf$2) refers to printf2.o(i._printf_core) for _printf_core
    printf2.o(i.__0fprintf$2) refers to fputc.o(i.fputc) for fputc
    printf2.o(i.__0printf$2) refers to printf2.o(i._printf_core) for _printf_core
    printf2.o(i.__0printf$2) refers to fputc.o(i.fputc) for fputc
    printf2.o(i.__0printf$2) refers to stdout.o(.data) for __stdout
    printf2.o(i.__0snprintf$2) refers to printf2.o(i._printf_core) for _printf_core
    printf2.o(i.__0snprintf$2) refers to printf2.o(i._snputc) for _snputc
    printf2.o(i.__0sprintf$2) refers to printf2.o(i._printf_core) for _printf_core
    printf2.o(i.__0sprintf$2) refers to printf2.o(i._sputc) for _sputc
    printf2.o(i.__0vfprintf$2) refers to printf2.o(i._printf_core) for _printf_core
    printf2.o(i.__0vfprintf$2) refers to fputc.o(i.fputc) for fputc
    printf2.o(i.__0vprintf$2) refers to printf2.o(i._printf_core) for _printf_core
    printf2.o(i.__0vprintf$2) refers to fputc.o(i.fputc) for fputc
    printf2.o(i.__0vprintf$2) refers to stdout.o(.data) for __stdout
    printf2.o(i.__0vsnprintf$2) refers to printf2.o(i._printf_core) for _printf_core
    printf2.o(i.__0vsnprintf$2) refers to printf2.o(i._snputc) for _snputc
    printf2.o(i.__0vsprintf$2) refers to printf2.o(i._printf_core) for _printf_core
    printf2.o(i.__0vsprintf$2) refers to printf2.o(i._sputc) for _sputc
    printf3.o(i.__0fprintf$3) refers to printf3.o(i._printf_core) for _printf_core
    printf3.o(i.__0fprintf$3) refers to fputc.o(i.fputc) for fputc
    printf3.o(i.__0printf$3) refers to printf3.o(i._printf_core) for _printf_core
    printf3.o(i.__0printf$3) refers to fputc.o(i.fputc) for fputc
    printf3.o(i.__0printf$3) refers to stdout.o(.data) for __stdout
    printf3.o(i.__0snprintf$3) refers to printf3.o(i._printf_core) for _printf_core
    printf3.o(i.__0snprintf$3) refers to printf3.o(i._snputc) for _snputc
    printf3.o(i.__0sprintf$3) refers to printf3.o(i._printf_core) for _printf_core
    printf3.o(i.__0sprintf$3) refers to printf3.o(i._sputc) for _sputc
    printf3.o(i.__0vfprintf$3) refers to printf3.o(i._printf_core) for _printf_core
    printf3.o(i.__0vfprintf$3) refers to fputc.o(i.fputc) for fputc
    printf3.o(i.__0vprintf$3) refers to printf3.o(i._printf_core) for _printf_core
    printf3.o(i.__0vprintf$3) refers to fputc.o(i.fputc) for fputc
    printf3.o(i.__0vprintf$3) refers to stdout.o(.data) for __stdout
    printf3.o(i.__0vsnprintf$3) refers to printf3.o(i._printf_core) for _printf_core
    printf3.o(i.__0vsnprintf$3) refers to printf3.o(i._snputc) for _snputc
    printf3.o(i.__0vsprintf$3) refers to printf3.o(i._printf_core) for _printf_core
    printf3.o(i.__0vsprintf$3) refers to printf3.o(i._sputc) for _sputc
    printf3.o(i._printf_core) refers to uidiv.o(.text) for __aeabi_uidivmod
    printf4.o(i.__0fprintf$4) refers to printf4.o(i._printf_core) for _printf_core
    printf4.o(i.__0fprintf$4) refers to fputc.o(i.fputc) for fputc
    printf4.o(i.__0printf$4) refers to printf4.o(i._printf_core) for _printf_core
    printf4.o(i.__0printf$4) refers to fputc.o(i.fputc) for fputc
    printf4.o(i.__0printf$4) refers to stdout.o(.data) for __stdout
    printf4.o(i.__0snprintf$4) refers to printf4.o(i._printf_core) for _printf_core
    printf4.o(i.__0snprintf$4) refers to printf4.o(i._snputc) for _snputc
    printf4.o(i.__0sprintf$4) refers to printf4.o(i._printf_core) for _printf_core
    printf4.o(i.__0sprintf$4) refers to printf4.o(i._sputc) for _sputc
    printf4.o(i.__0vfprintf$4) refers to printf4.o(i._printf_core) for _printf_core
    printf4.o(i.__0vfprintf$4) refers to fputc.o(i.fputc) for fputc
    printf4.o(i.__0vprintf$4) refers to printf4.o(i._printf_core) for _printf_core
    printf4.o(i.__0vprintf$4) refers to fputc.o(i.fputc) for fputc
    printf4.o(i.__0vprintf$4) refers to stdout.o(.data) for __stdout
    printf4.o(i.__0vsnprintf$4) refers to printf4.o(i._printf_core) for _printf_core
    printf4.o(i.__0vsnprintf$4) refers to printf4.o(i._snputc) for _snputc
    printf4.o(i.__0vsprintf$4) refers to printf4.o(i._printf_core) for _printf_core
    printf4.o(i.__0vsprintf$4) refers to printf4.o(i._sputc) for _sputc
    printf4.o(i._printf_core) refers to uldiv.o(.text) for __aeabi_uldivmod
    printf5.o(i.__0fprintf$5) refers to printf5.o(i._printf_core) for _printf_core
    printf5.o(i.__0fprintf$5) refers to fputc.o(i.fputc) for fputc
    printf5.o(i.__0printf$5) refers to printf5.o(i._printf_core) for _printf_core
    printf5.o(i.__0printf$5) refers to fputc.o(i.fputc) for fputc
    printf5.o(i.__0printf$5) refers to stdout.o(.data) for __stdout
    printf5.o(i.__0snprintf$5) refers to printf5.o(i._printf_core) for _printf_core
    printf5.o(i.__0snprintf$5) refers to printf5.o(i._snputc) for _snputc
    printf5.o(i.__0sprintf$5) refers to printf5.o(i._printf_core) for _printf_core
    printf5.o(i.__0sprintf$5) refers to printf5.o(i._sputc) for _sputc
    printf5.o(i.__0vfprintf$5) refers to printf5.o(i._printf_core) for _printf_core
    printf5.o(i.__0vfprintf$5) refers to fputc.o(i.fputc) for fputc
    printf5.o(i.__0vprintf$5) refers to printf5.o(i._printf_core) for _printf_core
    printf5.o(i.__0vprintf$5) refers to fputc.o(i.fputc) for fputc
    printf5.o(i.__0vprintf$5) refers to stdout.o(.data) for __stdout
    printf5.o(i.__0vsnprintf$5) refers to printf5.o(i._printf_core) for _printf_core
    printf5.o(i.__0vsnprintf$5) refers to printf5.o(i._snputc) for _snputc
    printf5.o(i.__0vsprintf$5) refers to printf5.o(i._printf_core) for _printf_core
    printf5.o(i.__0vsprintf$5) refers to printf5.o(i._sputc) for _sputc
    printf5.o(i._printf_core) refers to uldiv.o(.text) for __aeabi_uldivmod
    printf6.o(i.__0fprintf$6) refers to printf6.o(i._printf_core) for _printf_core
    printf6.o(i.__0fprintf$6) refers to fputc.o(i.fputc) for fputc
    printf6.o(i.__0printf$6) refers to printf6.o(i._printf_core) for _printf_core
    printf6.o(i.__0printf$6) refers to fputc.o(i.fputc) for fputc
    printf6.o(i.__0printf$6) refers to stdout.o(.data) for __stdout
    printf6.o(i.__0snprintf$6) refers to printf6.o(i._printf_core) for _printf_core
    printf6.o(i.__0snprintf$6) refers to printf6.o(i._snputc) for _snputc
    printf6.o(i.__0sprintf$6) refers to printf6.o(i._printf_core) for _printf_core
    printf6.o(i.__0sprintf$6) refers to printf6.o(i._sputc) for _sputc
    printf6.o(i.__0vfprintf$6) refers to printf6.o(i._printf_core) for _printf_core
    printf6.o(i.__0vfprintf$6) refers to fputc.o(i.fputc) for fputc
    printf6.o(i.__0vprintf$6) refers to printf6.o(i._printf_core) for _printf_core
    printf6.o(i.__0vprintf$6) refers to fputc.o(i.fputc) for fputc
    printf6.o(i.__0vprintf$6) refers to stdout.o(.data) for __stdout
    printf6.o(i.__0vsnprintf$6) refers to printf6.o(i._printf_core) for _printf_core
    printf6.o(i.__0vsnprintf$6) refers to printf6.o(i._snputc) for _snputc
    printf6.o(i.__0vsprintf$6) refers to printf6.o(i._printf_core) for _printf_core
    printf6.o(i.__0vsprintf$6) refers to printf6.o(i._sputc) for _sputc
    printf6.o(i._printf_core) refers to printf6.o(i._printf_pre_padding) for _printf_pre_padding
    printf6.o(i._printf_core) refers to uidiv.o(.text) for __aeabi_uidivmod
    printf6.o(i._printf_core) refers to printf6.o(i._printf_post_padding) for _printf_post_padding
    printf7.o(i.__0fprintf$7) refers to printf7.o(i._printf_core) for _printf_core
    printf7.o(i.__0fprintf$7) refers to fputc.o(i.fputc) for fputc
    printf7.o(i.__0printf$7) refers to printf7.o(i._printf_core) for _printf_core
    printf7.o(i.__0printf$7) refers to fputc.o(i.fputc) for fputc
    printf7.o(i.__0printf$7) refers to stdout.o(.data) for __stdout
    printf7.o(i.__0snprintf$7) refers to printf7.o(i._printf_core) for _printf_core
    printf7.o(i.__0snprintf$7) refers to printf7.o(i._snputc) for _snputc
    printf7.o(i.__0sprintf$7) refers to printf7.o(i._printf_core) for _printf_core
    printf7.o(i.__0sprintf$7) refers to printf7.o(i._sputc) for _sputc
    printf7.o(i.__0vfprintf$7) refers to printf7.o(i._printf_core) for _printf_core
    printf7.o(i.__0vfprintf$7) refers to fputc.o(i.fputc) for fputc
    printf7.o(i.__0vprintf$7) refers to printf7.o(i._printf_core) for _printf_core
    printf7.o(i.__0vprintf$7) refers to fputc.o(i.fputc) for fputc
    printf7.o(i.__0vprintf$7) refers to stdout.o(.data) for __stdout
    printf7.o(i.__0vsnprintf$7) refers to printf7.o(i._printf_core) for _printf_core
    printf7.o(i.__0vsnprintf$7) refers to printf7.o(i._snputc) for _snputc
    printf7.o(i.__0vsprintf$7) refers to printf7.o(i._printf_core) for _printf_core
    printf7.o(i.__0vsprintf$7) refers to printf7.o(i._sputc) for _sputc
    printf7.o(i._printf_core) refers to printf7.o(i._printf_pre_padding) for _printf_pre_padding
    printf7.o(i._printf_core) refers to uldiv.o(.text) for __aeabi_uldivmod
    printf7.o(i._printf_core) refers to printf7.o(i._printf_post_padding) for _printf_post_padding
    printf8.o(i.__0fprintf$8) refers to printf8.o(i._printf_core) for _printf_core
    printf8.o(i.__0fprintf$8) refers to fputc.o(i.fputc) for fputc
    printf8.o(i.__0printf$8) refers to printf8.o(i._printf_core) for _printf_core
    printf8.o(i.__0printf$8) refers to fputc.o(i.fputc) for fputc
    printf8.o(i.__0printf$8) refers to stdout.o(.data) for __stdout
    printf8.o(i.__0snprintf$8) refers to printf8.o(i._printf_core) for _printf_core
    printf8.o(i.__0snprintf$8) refers to printf8.o(i._snputc) for _snputc
    printf8.o(i.__0sprintf$8) refers to printf8.o(i._printf_core) for _printf_core
    printf8.o(i.__0sprintf$8) refers to printf8.o(i._sputc) for _sputc
    printf8.o(i.__0vfprintf$8) refers to printf8.o(i._printf_core) for _printf_core
    printf8.o(i.__0vfprintf$8) refers to fputc.o(i.fputc) for fputc
    printf8.o(i.__0vprintf$8) refers to printf8.o(i._printf_core) for _printf_core
    printf8.o(i.__0vprintf$8) refers to fputc.o(i.fputc) for fputc
    printf8.o(i.__0vprintf$8) refers to stdout.o(.data) for __stdout
    printf8.o(i.__0vsnprintf$8) refers to printf8.o(i._printf_core) for _printf_core
    printf8.o(i.__0vsnprintf$8) refers to printf8.o(i._snputc) for _snputc
    printf8.o(i.__0vsprintf$8) refers to printf8.o(i._printf_core) for _printf_core
    printf8.o(i.__0vsprintf$8) refers to printf8.o(i._sputc) for _sputc
    printf8.o(i._printf_core) refers to printf8.o(i._printf_pre_padding) for _printf_pre_padding
    printf8.o(i._printf_core) refers to uldiv.o(.text) for __aeabi_uldivmod
    printf8.o(i._printf_core) refers to printf8.o(i._printf_post_padding) for _printf_post_padding
    printfa.o(i.__0fprintf) refers (Special) to iusefp.o(.text) for __I$use$fp
    printfa.o(i.__0fprintf) refers to printfa.o(i._printf_core) for _printf_core
    printfa.o(i.__0fprintf) refers to fputc.o(i.fputc) for fputc
    printfa.o(i.__0printf) refers (Special) to iusefp.o(.text) for __I$use$fp
    printfa.o(i.__0printf) refers to printfa.o(i._printf_core) for _printf_core
    printfa.o(i.__0printf) refers to fputc.o(i.fputc) for fputc
    printfa.o(i.__0printf) refers to stdout.o(.data) for __stdout
    printfa.o(i.__0snprintf) refers (Special) to iusefp.o(.text) for __I$use$fp
    printfa.o(i.__0snprintf) refers to printfa.o(i._printf_core) for _printf_core
    printfa.o(i.__0snprintf) refers to printfa.o(i._snputc) for _snputc
    printfa.o(i.__0sprintf) refers (Special) to iusefp.o(.text) for __I$use$fp
    printfa.o(i.__0sprintf) refers to printfa.o(i._printf_core) for _printf_core
    printfa.o(i.__0sprintf) refers to printfa.o(i._sputc) for _sputc
    printfa.o(i.__0vfprintf) refers (Special) to iusefp.o(.text) for __I$use$fp
    printfa.o(i.__0vfprintf) refers to printfa.o(i._printf_core) for _printf_core
    printfa.o(i.__0vfprintf) refers to fputc.o(i.fputc) for fputc
    printfa.o(i.__0vprintf) refers (Special) to iusefp.o(.text) for __I$use$fp
    printfa.o(i.__0vprintf) refers to printfa.o(i._printf_core) for _printf_core
    printfa.o(i.__0vprintf) refers to fputc.o(i.fputc) for fputc
    printfa.o(i.__0vprintf) refers to stdout.o(.data) for __stdout
    printfa.o(i.__0vsnprintf) refers (Special) to iusefp.o(.text) for __I$use$fp
    printfa.o(i.__0vsnprintf) refers to printfa.o(i._printf_core) for _printf_core
    printfa.o(i.__0vsnprintf) refers to printfa.o(i._snputc) for _snputc
    printfa.o(i.__0vsprintf) refers (Special) to iusefp.o(.text) for __I$use$fp
    printfa.o(i.__0vsprintf) refers to printfa.o(i._printf_core) for _printf_core
    printfa.o(i.__0vsprintf) refers to printfa.o(i._sputc) for _sputc
    printfa.o(i._fp_digits) refers (Special) to iusefp.o(.text) for __I$use$fp
    printfa.o(i._fp_digits) refers to dmul.o(.text) for __aeabi_dmul
    printfa.o(i._fp_digits) refers to ddiv.o(.text) for __aeabi_ddiv
    printfa.o(i._fp_digits) refers to cdrcmple.o(.text) for __aeabi_cdrcmple
    printfa.o(i._fp_digits) refers to dadd.o(.text) for __aeabi_dadd
    printfa.o(i._fp_digits) refers to dfixul.o(.text) for __aeabi_d2ulz
    printfa.o(i._fp_digits) refers to uldiv.o(.text) for __aeabi_uldivmod
    printfa.o(i._printf_core) refers (Special) to iusefp.o(.text) for __I$use$fp
    printfa.o(i._printf_core) refers to printfa.o(i._printf_pre_padding) for _printf_pre_padding
    printfa.o(i._printf_core) refers to uldiv.o(.text) for __aeabi_uldivmod
    printfa.o(i._printf_core) refers to printfa.o(i._printf_post_padding) for _printf_post_padding
    printfa.o(i._printf_core) refers to printfa.o(i._fp_digits) for _fp_digits
    printfa.o(i._printf_core) refers to uidiv.o(.text) for __aeabi_uidivmod
    printfa.o(i._printf_post_padding) refers (Special) to iusefp.o(.text) for __I$use$fp
    printfa.o(i._printf_pre_padding) refers (Special) to iusefp.o(.text) for __I$use$fp
    printfa.o(i._snputc) refers (Special) to iusefp.o(.text) for __I$use$fp
    printfa.o(i._sputc) refers (Special) to iusefp.o(.text) for __I$use$fp
    atoi.o(.text) refers to errno.o(i.__aeabi_errno_addr) for __aeabi_errno_addr
    atoi.o(.text) refers to strtol.o(.text) for strtol
    ddiv.o(.text) refers (Special) to iusefp.o(.text) for __I$use$fp
    ddiv.o(.text) refers to depilogue.o(.text) for _double_round
    fflti.o(.text) refers (Special) to iusefp.o(.text) for __I$use$fp
    fflti.o(.text) refers to fepilogue.o(.text) for _float_epilogue
    f2d.o(.text) refers (Special) to iusefp.o(.text) for __I$use$fp
    cdcmple.o(.text) refers (Special) to iusefp.o(.text) for __I$use$fp
    d2f.o(.text) refers (Special) to iusefp.o(.text) for __I$use$fp
    d2f.o(.text) refers to fepilogue.o(.text) for _float_round
    entry2.o(.ARM.Collect$$$$00000001) refers to entry2.o(.ARM.Collect$$$$00002712) for __lit__00000000
    entry2.o(.ARM.Collect$$$$00002712) refers to startup.o(STACK) for __initial_sp
    entry5.o(.ARM.Collect$$$$00000004) refers to init.o(.text) for __scatterload
    entry7.o(.ARM.Collect$$$$00000007) refers to uarttest.o(.text) for main
    fputc.o(i.fputc) refers (Special) to iusesemip.o(.text) for __I$use$semihosting$fputc
    uldiv.o(.text) refers to llushr.o(.text) for __aeabi_llsr
    uldiv.o(.text) refers to llshl.o(.text) for __aeabi_llsl
    errno.o(i.__aeabi_errno_addr) refers to errno.o(.data) for .data
    errno.o(i.__read_errno) refers to errno.o(.data) for .data
    errno.o(i.__set_errno) refers to errno.o(.data) for .data
    strtol.o(.text) refers to ctype_o.o(.text) for __rt_ctype_table
    strtol.o(.text) refers to _strtoul.o(.text) for _strtoul
    strtol.o(.text) refers to errno.o(i.__aeabi_errno_addr) for __aeabi_errno_addr
    depilogue.o(.text) refers to depilogue.o(i.__ARM_clz) for __ARM_clz
    depilogue.o(.text) refers to llshl.o(.text) for __aeabi_llsl
    depilogue.o(.text) refers to llushr.o(.text) for __aeabi_llsr
    dadd.o(.text) refers to llshl.o(.text) for __aeabi_llsl
    dadd.o(.text) refers to llsshr.o(.text) for __aeabi_lasr
    dadd.o(.text) refers to depilogue.o(.text) for _double_epilogue
    dmul.o(.text) refers to depilogue.o(.text) for _double_epilogue
    dfixul.o(.text) refers to llshl.o(.text) for __aeabi_llsl
    dfixul.o(.text) refers to llushr.o(.text) for __aeabi_llsr
    init.o(.text) refers to entry5.o(.ARM.Collect$$$$00000004) for __main_after_scatterload
    ctype_o.o(.text) refers to ctype_o.o(.constdata) for .constdata
    ctype_o.o(.constdata) refers to ctype_o.o(.constdata) for __ctype_table
    isalnum_o.o(.text) refers to ctype_o.o(.text) for __rt_ctype_table
    isalpha_o.o(.text) refers to ctype_o.o(.text) for __rt_ctype_table
    isblank_o.o(.text) refers to ctype_o.o(.constdata) for __ctype_table
    iscntrl_o.o(.text) refers to ctype_o.o(.text) for __rt_ctype_table
    isdigit_o.o(.text) refers to ctype_o.o(.text) for __rt_ctype_table
    isgraph_o.o(.text) refers to ctype_o.o(.text) for __rt_ctype_table
    islower_o.o(.text) refers to ctype_o.o(.text) for __rt_ctype_table
    isprint_o.o(.text) refers to ctype_o.o(.text) for __rt_ctype_table
    ispunct_o.o(.text) refers to ctype_o.o(.text) for __rt_ctype_table
    isspace_o.o(.text) refers to ctype_o.o(.text) for __rt_ctype_table
    isupper_o.o(.text) refers to ctype_o.o(.text) for __rt_ctype_table
    isxdigit_o.o(.text) refers to ctype_o.o(.text) for __rt_ctype_table
    _strtoul.o(.text) refers to _chval.o(.text) for _chval
    _strtoul.o(.text) refers to errno.o(i.__aeabi_errno_addr) for __aeabi_errno_addr


==============================================================================

Removing Unused input sections from the image.

    Removing startup.o(HEAP), (0 bytes).
    Removing irq.o(.data), (4 bytes).

2 unused section(s) (total 4 bytes) removed from the image.

==============================================================================

Image Symbol Table

    Local Symbols

    Symbol Name                              Value     Ov Type        Size  Object(Section)

    RESET                                    0x00000000   Section      264  startup.o(RESET)
    ../../microlib/ctype/ctype.c             0x00000000   Number         0  islower_o.o ABSOLUTE
    ../../microlib/ctype/ctype.c             0x00000000   Number         0  isspace_o.o ABSOLUTE
    ../../microlib/ctype/ctype.c             0x00000000   Number         0  ispunct_o.o ABSOLUTE
    ../../microlib/ctype/ctype.c             0x00000000   Number         0  isprint_o.o ABSOLUTE
    ../../microlib/ctype/ctype.c             0x00000000   Number         0  isgraph_o.o ABSOLUTE
    ../../microlib/ctype/ctype.c             0x00000000   Number         0  isdigit_o.o ABSOLUTE
    ../../microlib/ctype/ctype.c             0x00000000   Number         0  isalpha_o.o ABSOLUTE
    ../../microlib/ctype/ctype.c             0x00000000   Number         0  isalnum_o.o ABSOLUTE
    ../../microlib/ctype/ctype.c             0x00000000   Number         0  ctype_o.o ABSOLUTE
    ../../microlib/ctype/ctype.c             0x00000000   Number         0  isxdigit_o.o ABSOLUTE
    ../../microlib/ctype/ctype.c             0x00000000   Number         0  isupper_o.o ABSOLUTE
    ../../microlib/ctype/ctype.c             0x00000000   Number         0  iscntrl_o.o ABSOLUTE
    ../../microlib/ctype/ctype.c             0x00000000   Number         0  isblank_o.o ABSOLUTE
    ../../microlib/d2f.c                     0x00000000   Number         0  d2f.o ABSOLUTE
    ../../microlib/division.c                0x00000000   Number         0  uidiv.o ABSOLUTE
    ../../microlib/division.c                0x00000000   Number         0  uldiv.o ABSOLUTE
    ../../microlib/errno.c                   0x00000000   Number         0  errno.o ABSOLUTE
    ../../microlib/f2d.c                     0x00000000   Number         0  f2d.o ABSOLUTE
    ../../microlib/fpadd.c                   0x00000000   Number         0  dadd.o ABSOLUTE
    ../../microlib/fpdiv.c                   0x00000000   Number         0  ddiv.o ABSOLUTE
    ../../microlib/fpepilogue.c              0x00000000   Number         0  depilogue.o ABSOLUTE
    ../../microlib/fpepilogue.c              0x00000000   Number         0  fepilogue.o ABSOLUTE
    ../../microlib/fpfix.c                   0x00000000   Number         0  dfixul.o ABSOLUTE
    ../../microlib/fpflt.c                   0x00000000   Number         0  fflti.o ABSOLUTE
    ../../microlib/fpmul.c                   0x00000000   Number         0  dmul.o ABSOLUTE
    ../../microlib/init/entry.s              0x00000000   Number         0  entry2.o ABSOLUTE
    ../../microlib/init/entry.s              0x00000000   Number         0  entry5.o ABSOLUTE
    ../../microlib/init/entry.s              0x00000000   Number         0  entry.o ABSOLUTE
    ../../microlib/init/entry.s              0x00000000   Number         0  entry7.o ABSOLUTE
    ../../microlib/longlong.c                0x00000000   Number         0  llshl.o ABSOLUTE
    ../../microlib/longlong.c                0x00000000   Number         0  llushr.o ABSOLUTE
    ../../microlib/longlong.c                0x00000000   Number         0  llsshr.o ABSOLUTE
    ../../microlib/printf/printf.c           0x00000000   Number         0  printfb.o ABSOLUTE
    ../../microlib/printf/printf.c           0x00000000   Number         0  printf1.o ABSOLUTE
    ../../microlib/printf/printf.c           0x00000000   Number         0  printf2.o ABSOLUTE
    ../../microlib/printf/printf.c           0x00000000   Number         0  printf3.o ABSOLUTE
    ../../microlib/printf/printf.c           0x00000000   Number         0  printf5.o ABSOLUTE
    ../../microlib/printf/printf.c           0x00000000   Number         0  printf6.o ABSOLUTE
    ../../microlib/printf/printf.c           0x00000000   Number         0  printf7.o ABSOLUTE
    ../../microlib/printf/printf.c           0x00000000   Number         0  printf4.o ABSOLUTE
    ../../microlib/printf/printf.c           0x00000000   Number         0  printfa.o ABSOLUTE
    ../../microlib/printf/printf.c           0x00000000   Number         0  printf8.o ABSOLUTE
    ../../microlib/printf/printf.c           0x00000000   Number         0  printf0.o ABSOLUTE
    ../../microlib/printf/stubs.s            0x00000000   Number         0  stubs.o ABSOLUTE
    ../../microlib/stdio/fputc.c             0x00000000   Number         0  fputc.o ABSOLUTE
    ../../microlib/stdio/streams.c           0x00000000   Number         0  stdout.o ABSOLUTE
    ../../microlib/stubs.s                   0x00000000   Number         0  iusefp.o ABSOLUTE
    ../../microlib/stubs.s                   0x00000000   Number         0  iusesemip.o ABSOLUTE
    ../../scanf.c                            0x00000000   Number         0  atoi.o ABSOLUTE
    ../../scanf.c                            0x00000000   Number         0  strtol.o ABSOLUTE
    ../../scanf.c                            0x00000000   Number         0  _strtoul.o ABSOLUTE
    ../../scanf.c                            0x00000000   Number         0  _chval.o ABSOLUTE
    ..\Common\src\Startup.s                  0x00000000   Number         0  startup.o ABSOLUTE
    ..\Common\src\irq.c                      0x00000000   Number         0  irq.o ABSOLUTE
    Serial.c                                 0x00000000   Number         0  serial.o ABSOLUTE
    cdcmple.s                                0x00000000   Number         0  cdcmple.o ABSOLUTE
    cdrcmple.s                               0x00000000   Number         0  cdrcmple.o ABSOLUTE
    dc.s                                     0x00000000   Number         0  dc.o ABSOLUTE
    delay.c                                  0x00000000   Number         0  delay.o ABSOLUTE
    gsm.c                                    0x00000000   Number         0  gsm.o ABSOLUTE
    handlers.s                               0x00000000   Number         0  handlers.o ABSOLUTE
    init.s                                   0x00000000   Number         0  init.o ABSOLUTE
    main_lcd.c                               0x00000000   Number         0  main_lcd.o ABSOLUTE
    uart.c                                   0x00000000   Number         0  uart.o ABSOLUTE
    uarttest.c                               0x00000000   Number         0  uarttest.o ABSOLUTE
    Undef_Handler                            0x00000040   ARM Code       4  startup.o(RESET)
    SWI_Handler                              0x00000044   ARM Code       4  startup.o(RESET)
    PAbt_Handler                             0x00000048   ARM Code       4  startup.o(RESET)
    DAbt_Handler                             0x0000004c   ARM Code       4  startup.o(RESET)
    IRQ_Handler                              0x00000050   ARM Code       4  startup.o(RESET)
    FIQ_Handler                              0x00000054   ARM Code       4  startup.o(RESET)
    .ARM.Collect$$$$00000000                 0x00000108   Section        0  entry.o(.ARM.Collect$$$$00000000)
    .ARM.Collect$$$$00000001                 0x00000108   Section        4  entry2.o(.ARM.Collect$$$$00000001)
    .ARM.Collect$$$$00000004                 0x0000010c   Section        4  entry5.o(.ARM.Collect$$$$00000004)
    .ARM.Collect$$$$00000007                 0x00000110   Section       12  entry7.o(.ARM.Collect$$$$00000007)
    .ARM.Collect$$$$00002712                 0x0000011c   Section        4  entry2.o(.ARM.Collect$$$$00002712)
    __lit__00000000                          0x0000011c   Data           4  entry2.o(.ARM.Collect$$$$00002712)
    .text                                    0x00000120   Section        0  uarttest.o(.text)
    .text                                    0x00001f00   Section        0  uart.o(.text)
    .text                                    0x00002404   Section        0  irq.o(.text)
    .text                                    0x0000258c   Section        0  delay.o(.text)
    .text                                    0x000025c8   Section        0  serial.o(.text)
    .text                                    0x0000274c   Section        0  gsm.o(.text)
    .text                                    0x00002b5c   Section        0  main_lcd.o(.text)
    .text                                    0x00002f58   Section        0  atoi.o(.text)
    .text                                    0x00002f84   Section        0  ddiv.o(.text)
    .text                                    0x00003118   Section        0  fflti.o(.text)
    .text                                    0x00003134   Section        0  f2d.o(.text)
    .text                                    0x0000316c   Section      112  cdcmple.o(.text)
    .text                                    0x000031dc   Section        0  d2f.o(.text)
    .text                                    0x0000323c   Section        0  uidiv.o(.text)
    .text                                    0x00003278   Section        0  uldiv.o(.text)
    .text                                    0x00003308   Section        0  strtol.o(.text)
    .text                                    0x000033b8   Section        0  fepilogue.o(.text)
    .text                                    0x000033b8   Section        0  iusefp.o(.text)
    .text                                    0x0000348c   Section        0  depilogue.o(.text)
    .text                                    0x0000360c   Section        0  dadd.o(.text)
    .text                                    0x00003810   Section        0  dmul.o(.text)
    .text                                    0x0000395c   Section        0  dfixul.o(.text)
    .text                                    0x000039a8   Section      112  cdrcmple.o(.text)
    .text                                    0x00003a18   Section       48  init.o(.text)
    .text                                    0x00003a48   Section        0  llshl.o(.text)
    .text                                    0x00003a70   Section        0  llushr.o(.text)
    .text                                    0x00003a94   Section        0  llsshr.o(.text)
    .text                                    0x00003abc   Section        0  ctype_o.o(.text)
    .text                                    0x00003ac8   Section        0  _strtoul.o(.text)
    .text                                    0x00003ba4   Section        0  _chval.o(.text)
    i.__0sprintf                             0x00003bc4   Section        0  printfa.o(i.__0sprintf)
    i.__ARM_clz                              0x00003c00   Section        0  depilogue.o(i.__ARM_clz)
    i.__aeabi_errno_addr                     0x00003c44   Section        0  errno.o(i.__aeabi_errno_addr)
    i.__scatterload_copy                     0x00003c50   Section       24  handlers.o(i.__scatterload_copy)
    i.__scatterload_null                     0x00003c68   Section        4  handlers.o(i.__scatterload_null)
    i.__scatterload_zeroinit                 0x00003c6c   Section       24  handlers.o(i.__scatterload_zeroinit)
    i._fp_digits                             0x00003c84   Section        0  printfa.o(i._fp_digits)
    _fp_digits                               0x00003c84   ARM Code     612  printfa.o(i._fp_digits)
    i._printf_core                           0x00003ee8   Section        0  printfa.o(i._printf_core)
    _printf_core                             0x00003ee8   ARM Code    2724  printfa.o(i._printf_core)
    i._printf_post_padding                   0x0000498c   Section        0  printfa.o(i._printf_post_padding)
    _printf_post_padding                     0x0000498c   ARM Code      68  printfa.o(i._printf_post_padding)
    i._printf_pre_padding                    0x000049d0   Section        0  printfa.o(i._printf_pre_padding)
    _printf_pre_padding                      0x000049d0   ARM Code      80  printfa.o(i._printf_pre_padding)
    i._sputc                                 0x00004a20   Section        0  printfa.o(i._sputc)
    _sputc                                   0x00004a20   ARM Code      20  printfa.o(i._sputc)
    .constdata                               0x00004a34   Section      129  ctype_o.o(.constdata)
    .constdata                               0x00004ab8   Section        4  ctype_o.o(.constdata)
    table                                    0x00004ab8   Data           4  ctype_o.o(.constdata)
    .data                                    0x40000000   Section      140  uarttest.o(.data)
    sysreg                                   0x40000074   Data           4  uarttest.o(.data)
    .data                                    0x4000008c   Section       28  uart.o(.data)
    sysreg                                   0x4000009c   Data           4  uart.o(.data)
    .data                                    0x400000a8   Section        4  errno.o(.data)
    _errno                                   0x400000a8   Data           4  errno.o(.data)
    .bss                                     0x400000ac   Section      239  uarttest.o(.bss)
    .bss                                     0x4000019b   Section       32  uart.o(.bss)
    STACK                                    0x400001c0   Section     1160  startup.o(STACK)
    Stack_Top                                0x40000648   Data           0  startup.o(STACK)

    Global Symbols

    Symbol Name                              Value     Ov Type        Size  Object(Section)

    BuildAttributes$$ARM_ISAv4$S$PE$A:L22$X:L11$S22$IEEE1$~IW$USESV6$~STKCKD$USESV7$~SHL$OTIME$ROPI$EBA8$MICROLIB$REQ8$PRES8$EABIv2 0x00000000   Number         0  anon$$obj.o ABSOLUTE
    __ARM_use_no_argv                        0x00000000   Number         0  uarttest.o ABSOLUTE
    _printf_a                                0x00000000   Number         0  stubs.o ABSOLUTE
    _printf_c                                0x00000000   Number         0  stubs.o ABSOLUTE
    _printf_charcount                        0x00000000   Number         0  stubs.o ABSOLUTE
    _printf_d                                0x00000000   Number         0  stubs.o ABSOLUTE
    _printf_e                                0x00000000   Number         0  stubs.o ABSOLUTE
    _printf_f                                0x00000000   Number         0  stubs.o ABSOLUTE
    _printf_flags                            0x00000000   Number         0  stubs.o ABSOLUTE
    _printf_fp_dec                           0x00000000   Number         0  stubs.o ABSOLUTE
    _printf_fp_hex                           0x00000000   Number         0  stubs.o ABSOLUTE
    _printf_g                                0x00000000   Number         0  stubs.o ABSOLUTE
    _printf_i                                0x00000000   Number         0  stubs.o ABSOLUTE
    _printf_int_dec                          0x00000000   Number         0  stubs.o ABSOLUTE
    _printf_l                                0x00000000   Number         0  stubs.o ABSOLUTE
    _printf_lc                               0x00000000   Number         0  stubs.o ABSOLUTE
    _printf_ll                               0x00000000   Number         0  stubs.o ABSOLUTE
    _printf_lld                              0x00000000   Number         0  stubs.o ABSOLUTE
    _printf_lli                              0x00000000   Number         0  stubs.o ABSOLUTE
    _printf_llo                              0x00000000   Number         0  stubs.o ABSOLUTE
    _printf_llu                              0x00000000   Number         0  stubs.o ABSOLUTE
    _printf_llx                              0x00000000   Number         0  stubs.o ABSOLUTE
    _printf_longlong_dec                     0x00000000   Number         0  stubs.o ABSOLUTE
    _printf_longlong_hex                     0x00000000   Number         0  stubs.o ABSOLUTE
    _printf_longlong_oct                     0x00000000   Number         0  stubs.o ABSOLUTE
    _printf_ls                               0x00000000   Number         0  stubs.o ABSOLUTE
    _printf_mbtowc                           0x00000000   Number         0  stubs.o ABSOLUTE
    _printf_n                                0x00000000   Number         0  stubs.o ABSOLUTE
    _printf_o                                0x00000000   Number         0  stubs.o ABSOLUTE
    _printf_p                                0x00000000   Number         0  stubs.o ABSOLUTE
    _printf_percent                          0x00000000   Number         0  stubs.o ABSOLUTE
    _printf_pre_padding                      0x00000000   Number         0  stubs.o ABSOLUTE
    _printf_return_value                     0x00000000   Number         0  stubs.o ABSOLUTE
    _printf_s                                0x00000000   Number         0  stubs.o ABSOLUTE
    _printf_sizespec                         0x00000000   Number         0  stubs.o ABSOLUTE
    _printf_str                              0x00000000   Number         0  stubs.o ABSOLUTE
    _printf_truncate_signed                  0x00000000   Number         0  stubs.o ABSOLUTE
    _printf_truncate_unsigned                0x00000000   Number         0  stubs.o ABSOLUTE
    _printf_u                                0x00000000   Number         0  stubs.o ABSOLUTE
    _printf_wc                               0x00000000   Number         0  stubs.o ABSOLUTE
    _printf_wctomb                           0x00000000   Number         0  stubs.o ABSOLUTE
    _printf_widthprec                        0x00000000   Number         0  stubs.o ABSOLUTE
    _printf_x                                0x00000000   Number         0  stubs.o ABSOLUTE
    __decompress                              - Undefined Weak Reference
    Reset_Handler                            0x00000058   ARM Code       0  startup.o(RESET)
    __main                                   0x00000108   ARM Code       0  entry.o(.ARM.Collect$$$$00000000)
    _main_stk                                0x00000108   ARM Code       0  entry2.o(.ARM.Collect$$$$00000001)
    _main_scatterload                        0x0000010c   ARM Code       0  entry5.o(.ARM.Collect$$$$00000004)
    __main_after_scatterload                 0x00000110   ARM Code       0  entry5.o(.ARM.Collect$$$$00000004)
    _main_init                               0x00000110   ARM Code       0  entry7.o(.ARM.Collect$$$$00000007)
    putSLcd                                  0x00000120   ARM Code      36  uarttest.o(.text)
    LOAD_CELL                                0x00000144   ARM Code      24  uarttest.o(.text)
    GSM                                      0x0000015c   ARM Code      24  uarttest.o(.text)
    ms_delay                                 0x00000174   ARM Code      48  uarttest.o(.text)
    read_load                                0x000001a4   ARM Code     224  uarttest.o(.text)
    DCM_STOP                                 0x00000284   ARM Code      40  uarttest.o(.text)
    DCM_ANTI_CLOCk                           0x000002ac   ARM Code      40  uarttest.o(.text)
    DCM_CLOCK                                0x000002d4   ARM Code      40  uarttest.o(.text)
    stepper_clock                            0x000002fc   ARM Code     208  uarttest.o(.text)
    stepperanti_clock_1                      0x000003cc   ARM Code     208  uarttest.o(.text)
    stepperanti_clock                        0x0000049c   ARM Code     208  uarttest.o(.text)
    stepper_clock_1                          0x0000056c   ARM Code     208  uarttest.o(.text)
    key_pad_Q                                0x0000063c   ARM Code     232  uarttest.o(.text)
    monitor_ON                               0x00000724   ARM Code     484  uarttest.o(.text)
    fuel_monitor                             0x00000908   ARM Code      72  uarttest.o(.text)
    key_pad                                  0x00000950   ARM Code     288  uarttest.o(.text)
    FINGER_SCAN                              0x00000a70   ARM Code    1424  uarttest.o(.text)
    PEOPLE_SERACHING                         0x00001000   ARM Code     260  uarttest.o(.text)
    main                                     0x00001104   ARM Code    2156  uarttest.o(.text)
    FINGER_ENROL                             0x00001970   ARM Code    1424  uarttest.o(.text)
    UART0Handler                             0x00001f00   ARM Code     384  uart.o(.text)
    UART1Handler                             0x00002080   ARM Code     384  uart.o(.text)
    UARTInit                                 0x00002200   ARM Code     296  uart.o(.text)
    UARTSend                                 0x00002328   ARM Code     172  uart.o(.text)
    DefaultVICHandler                        0x00002404   ARM Code      20  irq.o(.text)
    init_VIC                                 0x00002418   ARM Code      92  irq.o(.text)
    install_irq                              0x00002474   ARM Code     132  irq.o(.text)
    uninstall_irq                            0x000024f8   ARM Code     144  irq.o(.text)
    delay                                    0x0000258c   ARM Code      56  delay.o(.text)
    sendchar                                 0x000025c8   ARM Code      80  serial.o(.text)
    uart0_getkey                             0x00002618   ARM Code      32  serial.o(.text)
    uart1_getkey                             0x00002638   ARM Code      32  serial.o(.text)
    uart1_init                               0x00002658   ARM Code      44  serial.o(.text)
    uart1_putc                               0x00002684   ARM Code      32  serial.o(.text)
    uart1_puts                               0x000026a4   ARM Code      36  serial.o(.text)
    uart0_init                               0x000026c8   ARM Code      52  serial.o(.text)
    uart0_putc                               0x000026fc   ARM Code      32  serial.o(.text)
    uart0_puts                               0x0000271c   ARM Code      36  serial.o(.text)
    recvResponse                             0x0000274c   ARM Code      64  gsm.o(.text)
    intGsm                                   0x0000278c   ARM Code     104  gsm.o(.text)
    sendSMS                                  0x000027f4   ARM Code     192  gsm.o(.text)
    getSMS                                   0x000028b4   ARM Code     616  gsm.o(.text)
    deleteSms                                0x00002b1c   ARM Code      48  gsm.o(.text)
    delay_lcd                                0x00002b5c   ARM Code      56  main_lcd.o(.text)
    wait_lcd                                 0x00002b94   ARM Code     124  main_lcd.o(.text)
    lcd_command_write                        0x00002c10   ARM Code     268  main_lcd.o(.text)
    set_lcd_port_output                      0x00002d1c   ARM Code      56  main_lcd.o(.text)
    lcd_clear                                0x00002d54   ARM Code      16  main_lcd.o(.text)
    lcd_gotoxy                               0x00002d64   ARM Code      92  main_lcd.o(.text)
    lcd_data_write                           0x00002dc0   ARM Code     192  main_lcd.o(.text)
    lcd_putchar                              0x00002e80   ARM Code      20  main_lcd.o(.text)
    lcd_putstring                            0x00002e94   ARM Code      80  main_lcd.o(.text)
    init_lcd                                 0x00002ee4   ARM Code      52  main_lcd.o(.text)
    test_cmd                                 0x00002f18   ARM Code      56  main_lcd.o(.text)
    atoi                                     0x00002f58   ARM Code      44  atoi.o(.text)
    __aeabi_ddiv                             0x00002f84   ARM Code     404  ddiv.o(.text)
    __aeabi_i2f                              0x00003118   ARM Code      28  fflti.o(.text)
    __aeabi_f2d                              0x00003134   ARM Code      56  f2d.o(.text)
    __aeabi_cdcmpeq                          0x0000316c   ARM Code       0  cdcmple.o(.text)
    __aeabi_cdcmple                          0x0000316c   ARM Code     112  cdcmple.o(.text)
    __aeabi_d2f                              0x000031dc   ARM Code      96  d2f.o(.text)
    __aeabi_uidiv                            0x0000323c   ARM Code       0  uidiv.o(.text)
    __aeabi_uidivmod                         0x0000323c   ARM Code      60  uidiv.o(.text)
    __aeabi_uldivmod                         0x00003278   ARM Code     144  uldiv.o(.text)
    strtol                                   0x00003308   ARM Code     176  strtol.o(.text)
    __I$use$fp                               0x000033b8   ARM Code       0  iusefp.o(.text)
    _float_round                             0x000033b8   ARM Code      24  fepilogue.o(.text)
    _float_epilogue                          0x000033d0   ARM Code     188  fepilogue.o(.text)
    _double_round                            0x0000348c   ARM Code      80  depilogue.o(.text)
    _double_epilogue                         0x000034dc   ARM Code     304  depilogue.o(.text)
    __aeabi_dadd                             0x0000360c   ARM Code     500  dadd.o(.text)
    __aeabi_dsub                             0x00003800   ARM Code       8  dadd.o(.text)
    __aeabi_drsub                            0x00003808   ARM Code       8  dadd.o(.text)
    __aeabi_dmul                             0x00003810   ARM Code     332  dmul.o(.text)
    __aeabi_d2ulz                            0x0000395c   ARM Code      68  dfixul.o(.text)
    __aeabi_cdrcmple                         0x000039a8   ARM Code     112  cdrcmple.o(.text)
    __scatterload                            0x00003a18   ARM Code      40  init.o(.text)
    __scatterload_rt2                        0x00003a18   ARM Code       0  init.o(.text)
    __aeabi_llsl                             0x00003a48   ARM Code      40  llshl.o(.text)
    _ll_shift_l                              0x00003a48   ARM Code       0  llshl.o(.text)
    __aeabi_llsr                             0x00003a70   ARM Code      36  llushr.o(.text)
    _ll_ushift_r                             0x00003a70   ARM Code       0  llushr.o(.text)
    __aeabi_lasr                             0x00003a94   ARM Code      40  llsshr.o(.text)
    _ll_sshift_r                             0x00003a94   ARM Code       0  llsshr.o(.text)
    __rt_ctype_table                         0x00003abc   ARM Code       8  ctype_o.o(.text)
    _strtoul                                 0x00003ac8   ARM Code     220  _strtoul.o(.text)
    _chval                                   0x00003ba4   ARM Code      32  _chval.o(.text)
    __0sprintf                               0x00003bc4   ARM Code      56  printfa.o(i.__0sprintf)
    __1sprintf                               0x00003bc4   ARM Code       0  printfa.o(i.__0sprintf)
    __2sprintf                               0x00003bc4   ARM Code       0  printfa.o(i.__0sprintf)
    __c89sprintf                             0x00003bc4   ARM Code       0  printfa.o(i.__0sprintf)
    sprintf                                  0x00003bc4   ARM Code       0  printfa.o(i.__0sprintf)
    __ARM_clz                                0x00003c00   ARM Code      68  depilogue.o(i.__ARM_clz)
    __aeabi_errno_addr                       0x00003c44   ARM Code       8  errno.o(i.__aeabi_errno_addr)
    __rt_errno_addr                          0x00003c44   ARM Code       0  errno.o(i.__aeabi_errno_addr)
    __scatterload_copy                       0x00003c50   ARM Code      24  handlers.o(i.__scatterload_copy)
    __scatterload_null                       0x00003c68   ARM Code       4  handlers.o(i.__scatterload_null)
    __scatterload_zeroinit                   0x00003c6c   ARM Code      24  handlers.o(i.__scatterload_zeroinit)
    __ctype_table                            0x00004a34   Data         129  ctype_o.o(.constdata)
    Region$$Table$$Base                      0x00004abc   Number         0  anon$$obj.o(Region$$Table)
    Region$$Table$$Limit                     0x00004adc   Number         0  anon$$obj.o(Region$$Table)
    a                                        0x40000000   Data          16  uarttest.o(.data)
    i                                        0x40000010   Data           1  uarttest.o(.data)
    c                                        0x40000011   Data           1  uarttest.o(.data)
    a1                                       0x40000012   Data          12  uarttest.o(.data)
    a2                                       0x4000001e   Data          12  uarttest.o(.data)
    a3                                       0x4000002a   Data          13  uarttest.o(.data)
    a4                                       0x40000037   Data          17  uarttest.o(.data)
    a5                                       0x40000048   Data          13  uarttest.o(.data)
    a6                                       0x40000055   Data          12  uarttest.o(.data)
    item                                     0x40000064   Data           4  uarttest.o(.data)
    acc_1                                    0x40000068   Data           4  uarttest.o(.data)
    acc_2                                    0x4000006c   Data           4  uarttest.o(.data)
    d                                        0x40000070   Data           4  uarttest.o(.data)
    j                                        0x40000078   Data           1  uarttest.o(.data)
    loadval                                  0x40000079   Data           1  uarttest.o(.data)
    temp                                     0x4000007c   Data           4  uarttest.o(.data)
    ID                                       0x40000080   Data           4  uarttest.o(.data)
    p1                                       0x40000084   Data           4  uarttest.o(.data)
    p2                                       0x40000088   Data           4  uarttest.o(.data)
    UART0TxEmpty                             0x4000008c   Data           1  uart.o(.data)
    UART0Count                               0x40000090   Data           4  uart.o(.data)
    UART1TxEmpty                             0x40000094   Data           1  uart.o(.data)
    UART1Count                               0x40000098   Data           4  uart.o(.data)
    UART0Status                              0x400000a0   Data           4  uart.o(.data)
    UART1Status                              0x400000a4   Data           4  uart.o(.data)
    b                                        0x400000ac   Data          10  uarttest.o(.bss)
    sms_dat                                  0x400000b6   Data         189  uarttest.o(.bss)
    loadbuff                                 0x40000173   Data          10  uarttest.o(.bss)
    final_load                               0x4000017d   Data          10  uarttest.o(.bss)
    GPRS_GRM                                 0x40000187   Data          20  uarttest.o(.bss)
    UART0Buffer                              0x4000019b   Data          16  uart.o(.bss)
    UART1Buffer                              0x400001ab   Data          16  uart.o(.bss)
    __initial_sp                             0x400005c0   Data         136  startup.o(STACK)



==============================================================================

Memory Map of the image

  Image Entry point : 0x00000108

  Load Region LR_IROM1 (Base: 0x00000000, Size: 0x00004b88, Max: 0x00080000, ABSOLUTE)

    Execution Region ER_IROM1 (Base: 0x00000000, Size: 0x00004adc, Max: 0x00080000, ABSOLUTE)

    Base Addr    Size         Type   Attr      Idx    E Section Name        Object

    0x00000000   0x00000108   Code   RO            3    RESET               startup.o
    0x00000108   0x00000000   Code   RO          145  * .ARM.Collect$$$$00000000  entry.o(mc_4.l)
    0x00000108   0x00000004   Code   RO          421    .ARM.Collect$$$$00000001  entry2.o(mc_4.l)
    0x0000010c   0x00000004   Code   RO          423    .ARM.Collect$$$$00000004  entry5.o(mc_4.l)
    0x00000110   0x0000000c   Code   RO          424    .ARM.Collect$$$$00000007  entry7.o(mc_4.l)
    0x0000011c   0x00000004   Code   RO          422    .ARM.Collect$$$$00002712  entry2.o(mc_4.l)
    0x00000120   0x00001de0   Code   RO            8    .text               uarttest.o
    0x00001f00   0x00000504   Code   RO           54    .text               uart.o
    0x00002404   0x00000188   Code   RO           70    .text               irq.o
    0x0000258c   0x0000003c   Code   RO           87    .text               delay.o
    0x000025c8   0x00000184   Code   RO           99    .text               serial.o
    0x0000274c   0x00000410   Code   RO          114    .text               gsm.o
    0x00002b5c   0x000003fc   Code   RO          133    .text               main_lcd.o
    0x00002f58   0x0000002c   Code   RO          409    .text               atoi.o(mc_4.l)
    0x00002f84   0x00000194   Code   RO          411    .text               ddiv.o(mf_4.l)
    0x00003118   0x0000001c   Code   RO          413    .text               fflti.o(mf_4.l)
    0x00003134   0x00000038   Code   RO          415    .text               f2d.o(mf_4.l)
    0x0000316c   0x00000070   Code   RO          417    .text               cdcmple.o(mf_4.l)
    0x000031dc   0x00000060   Code   RO          419    .text               d2f.o(mf_4.l)
    0x0000323c   0x0000003c   Code   RO          428    .text               uidiv.o(mc_4.l)
    0x00003278   0x00000090   Code   RO          430    .text               uldiv.o(mc_4.l)
    0x00003308   0x000000b0   Code   RO          439    .text               strtol.o(mc_4.l)
    0x000033b8   0x00000000   Code   RO          441    .text               iusefp.o(mc_4.l)
    0x000033b8   0x000000d4   Code   RO          442    .text               fepilogue.o(mf_4.l)
    0x0000348c   0x00000180   Code   RO          444    .text               depilogue.o(mf_4.l)
    0x0000360c   0x00000204   Code   RO          448    .text               dadd.o(mf_4.l)
    0x00003810   0x0000014c   Code   RO          450    .text               dmul.o(mf_4.l)
    0x0000395c   0x0000004c   Code   RO          452    .text               dfixul.o(mf_4.l)
    0x000039a8   0x00000070   Code   RO          454    .text               cdrcmple.o(mf_4.l)
    0x00003a18   0x00000030   Code   RO          456    .text               init.o(mc_4.l)
    0x00003a48   0x00000028   Code   RO          458    .text               llshl.o(mc_4.l)
    0x00003a70   0x00000024   Code   RO          460    .text               llushr.o(mc_4.l)
    0x00003a94   0x00000028   Code   RO          462    .text               llsshr.o(mc_4.l)
    0x00003abc   0x0000000c   Code   RO          464    .text               ctype_o.o(mc_4.l)
    0x00003ac8   0x000000dc   Code   RO          492    .text               _strtoul.o(mc_4.l)
    0x00003ba4   0x00000020   Code   RO          495    .text               _chval.o(mc_4.l)
    0x00003bc4   0x0000003c   Code   RO          383    i.__0sprintf        printfa.o(mc_4.l)
    0x00003c00   0x00000044   Code   RO          446    i.__ARM_clz         depilogue.o(mf_4.l)
    0x00003c44   0x0000000c   Code   RO          432    i.__aeabi_errno_addr  errno.o(mc_4.l)
    0x00003c50   0x00000018   Code   RO          499    i.__scatterload_copy  handlers.o(mc_4.l)
    0x00003c68   0x00000004   Code   RO          500    i.__scatterload_null  handlers.o(mc_4.l)
    0x00003c6c   0x00000018   Code   RO          501    i.__scatterload_zeroinit  handlers.o(mc_4.l)
    0x00003c84   0x00000264   Code   RO          388    i._fp_digits        printfa.o(mc_4.l)
    0x00003ee8   0x00000aa4   Code   RO          389    i._printf_core      printfa.o(mc_4.l)
    0x0000498c   0x00000044   Code   RO          390    i._printf_post_padding  printfa.o(mc_4.l)
    0x000049d0   0x00000050   Code   RO          391    i._printf_pre_padding  printfa.o(mc_4.l)
    0x00004a20   0x00000014   Code   RO          393    i._sputc            printfa.o(mc_4.l)
    0x00004a34   0x00000081   Data   RO          465    .constdata          ctype_o.o(mc_4.l)
    0x00004ab5   0x00000003   PAD
    0x00004ab8   0x00000004   Data   RO          466    .constdata          ctype_o.o(mc_4.l)
    0x00004abc   0x00000020   Data   RO          497    Region$$Table       anon$$obj.o


    Execution Region RW_IRAM1 (Base: 0x40000000, Size: 0x00000648, Max: 0x00008000, ABSOLUTE)

    Base Addr    Size         Type   Attr      Idx    E Section Name        Object

    0x40000000   0x0000008c   Data   RW           10    .data               uarttest.o
    0x4000008c   0x0000001c   Data   RW           56    .data               uart.o
    0x400000a8   0x00000004   Data   RW          435    .data               errno.o(mc_4.l)
    0x400000ac   0x000000ef   Zero   RW            9    .bss                uarttest.o
    0x4000019b   0x00000020   Zero   RW           55    .bss                uart.o
    0x400001bb   0x00000005   PAD
    0x400001c0   0x00000488   Zero   RW            1    STACK               startup.o


==============================================================================

Image component sizes


      Code (inc. data)   RO Data    RW Data    ZI Data      Debug   Object Name

        60          4          0          0          0        444   delay.o
      1040         60          0          0          0       2243   gsm.o
       392          4          0          0          0       1659   irq.o
      1020          8          0          0          0       2467   main_lcd.o
       388         12          0          0          0       1663   serial.o
       264         48          0          0       1160        324   startup.o
      1284         48          0         28         32       2548   uart.o
      7648       1052          0        140        239      10150   uarttest.o

    ----------------------------------------------------------------------
     12096       1236         32        168       1436      21498   Object Totals
         0          0         32          0          0          0   (incl. Generated)
         0          0          0          0          5          0   (incl. Padding)

    ----------------------------------------------------------------------

      Code (inc. data)   RO Data    RW Data    ZI Data      Debug   Library Member Name

        32          0          0          0          0         68   _chval.o
       220          0          0          0          0         88   _strtoul.o
        44          0          0          0          0         80   atoi.o
       112          0          0          0          0         68   cdcmple.o
       112          0          0          0          0         68   cdrcmple.o
        12          4        133          0          0         68   ctype_o.o
        96          0          0          0          0         96   d2f.o
       516          0          0          0          0        128   dadd.o
       404          0          0          0          0        124   ddiv.o
       452          0          0          0          0        196   depilogue.o
        76          8          0          0          0         68   dfixul.o
       332          0          0          0          0         96   dmul.o
         0          0          0          0          0          0   entry.o
         8          4          0          0          0          0   entry2.o
         4          0          0          0          0          0   entry5.o
        12          4          0          0          0          0   entry7.o
        12          4          0          4          0         68   errno.o
        56          0          0          0          0         68   f2d.o
       212          0          0          0          0        164   fepilogue.o
        28          0          0          0          0         68   fflti.o
        52          0          0          0          0          0   handlers.o
        48          8          0          0          0         68   init.o
         0          0          0          0          0          0   iusefp.o
        40          0          0          0          0         68   llshl.o
        40          0          0          0          0         68   llsshr.o
        36          0          0          0          0         68   llushr.o
      3564        100          0          0          0        512   printfa.o
       176          0          0          0          0         88   strtol.o
        60          0          0          0          0         76   uidiv.o
       144          0          0          0          0         88   uldiv.o

    ----------------------------------------------------------------------
      6900        132        136          4          0       2552   Library Totals
         0          0          3          0          0          0   (incl. Padding)

    ----------------------------------------------------------------------

      Code (inc. data)   RO Data    RW Data    ZI Data      Debug   Library Name

      4504        124        133          4          0       1408   mc_4.l
      2396          8          0          0          0       1144   mf_4.l

    ----------------------------------------------------------------------
      6900        132        136          4          0       2552   Library Totals

    ----------------------------------------------------------------------

==============================================================================


      Code (inc. data)   RO Data    RW Data    ZI Data      Debug   

     18996       1368        168        172       1436      22300   Grand Totals
     18996       1368        168        172       1436      22300   ELF Image Totals
     18996       1368        168        172          0          0   ROM Totals

==============================================================================

    Total RO  Size (Code + RO Data)                19164 (  18.71kB)
    Total RW  Size (RW Data + ZI Data)              1608 (   1.57kB)
    Total ROM Size (Code + RO Data + RW Data)      19336 (  18.88kB)

==============================================================================

